Archive member included to satisfy reference by file (symbol)

C:/ST/STM32CubeIDE_1.17.0/STM32CubeIDE/plugins/com.st.stm32cube.ide.mcu.externaltools.gnu-tools-for-stm32.12.3.rel1.win32_1.1.0.202410251130/tools/bin/../lib/gcc/arm-none-eabi/12.3.1/../../../../arm-none-eabi/lib/thumb/v7e-m+dp/hard\libc_nano.a(libc_a-assert.o)
                              ./Core/Src/mongoose.o (__assert_func)
C:/ST/STM32CubeIDE_1.17.0/STM32CubeIDE/plugins/com.st.stm32cube.ide.mcu.externaltools.gnu-tools-for-stm32.12.3.rel1.win32_1.1.0.202410251130/tools/bin/../lib/gcc/arm-none-eabi/12.3.1/../../../../arm-none-eabi/lib/thumb/v7e-m+dp/hard\libc_nano.a(libc_a-atoi.o)
                              ./Core/Src/mongoose.o (atoi)
C:/ST/STM32CubeIDE_1.17.0/STM32CubeIDE/plugins/com.st.stm32cube.ide.mcu.externaltools.gnu-tools-for-stm32.12.3.rel1.win32_1.1.0.202410251130/tools/bin/../lib/gcc/arm-none-eabi/12.3.1/../../../../arm-none-eabi/lib/thumb/v7e-m+dp/hard\libc_nano.a(libc_a-calloc.o)
                              ./Core/Src/mongoose.o (calloc)
C:/ST/STM32CubeIDE_1.17.0/STM32CubeIDE/plugins/com.st.stm32cube.ide.mcu.externaltools.gnu-tools-for-stm32.12.3.rel1.win32_1.1.0.202410251130/tools/bin/../lib/gcc/arm-none-eabi/12.3.1/../../../../arm-none-eabi/lib/thumb/v7e-m+dp/hard\libc_nano.a(libc_a-callocr.o)
                              C:/ST/STM32CubeIDE_1.17.0/STM32CubeIDE/plugins/com.st.stm32cube.ide.mcu.externaltools.gnu-tools-for-stm32.12.3.rel1.win32_1.1.0.202410251130/tools/bin/../lib/gcc/arm-none-eabi/12.3.1/../../../../arm-none-eabi/lib/thumb/v7e-m+dp/hard\libc_nano.a(libc_a-calloc.o) (_calloc_r)
C:/ST/STM32CubeIDE_1.17.0/STM32CubeIDE/plugins/com.st.stm32cube.ide.mcu.externaltools.gnu-tools-for-stm32.12.3.rel1.win32_1.1.0.202410251130/tools/bin/../lib/gcc/arm-none-eabi/12.3.1/../../../../arm-none-eabi/lib/thumb/v7e-m+dp/hard\libc_nano.a(libc_a-exit.o)
                              C:/ST/STM32CubeIDE_1.17.0/STM32CubeIDE/plugins/com.st.stm32cube.ide.mcu.externaltools.gnu-tools-for-stm32.12.3.rel1.win32_1.1.0.202410251130/tools/bin/../lib/gcc/arm-none-eabi/12.3.1/../../../../arm-none-eabi/lib/thumb/v7e-m+dp/hard/crt0.o (exit)
C:/ST/STM32CubeIDE_1.17.0/STM32CubeIDE/plugins/com.st.stm32cube.ide.mcu.externaltools.gnu-tools-for-stm32.12.3.rel1.win32_1.1.0.202410251130/tools/bin/../lib/gcc/arm-none-eabi/12.3.1/../../../../arm-none-eabi/lib/thumb/v7e-m+dp/hard\libc_nano.a(libc_a-malloc.o)
                              ./Core/Src/mongoose.o (free)
C:/ST/STM32CubeIDE_1.17.0/STM32CubeIDE/plugins/com.st.stm32cube.ide.mcu.externaltools.gnu-tools-for-stm32.12.3.rel1.win32_1.1.0.202410251130/tools/bin/../lib/gcc/arm-none-eabi/12.3.1/../../../../arm-none-eabi/lib/thumb/v7e-m+dp/hard\libc_nano.a(libc_a-mallocr.o)
                              C:/ST/STM32CubeIDE_1.17.0/STM32CubeIDE/plugins/com.st.stm32cube.ide.mcu.externaltools.gnu-tools-for-stm32.12.3.rel1.win32_1.1.0.202410251130/tools/bin/../lib/gcc/arm-none-eabi/12.3.1/../../../../arm-none-eabi/lib/thumb/v7e-m+dp/hard\libc_nano.a(libc_a-callocr.o) (_malloc_r)
C:/ST/STM32CubeIDE_1.17.0/STM32CubeIDE/plugins/com.st.stm32cube.ide.mcu.externaltools.gnu-tools-for-stm32.12.3.rel1.win32_1.1.0.202410251130/tools/bin/../lib/gcc/arm-none-eabi/12.3.1/../../../../arm-none-eabi/lib/thumb/v7e-m+dp/hard\libc_nano.a(libc_a-mlock.o)
                              C:/ST/STM32CubeIDE_1.17.0/STM32CubeIDE/plugins/com.st.stm32cube.ide.mcu.externaltools.gnu-tools-for-stm32.12.3.rel1.win32_1.1.0.202410251130/tools/bin/../lib/gcc/arm-none-eabi/12.3.1/../../../../arm-none-eabi/lib/thumb/v7e-m+dp/hard\libc_nano.a(libc_a-mallocr.o) (__malloc_lock)
C:/ST/STM32CubeIDE_1.17.0/STM32CubeIDE/plugins/com.st.stm32cube.ide.mcu.externaltools.gnu-tools-for-stm32.12.3.rel1.win32_1.1.0.202410251130/tools/bin/../lib/gcc/arm-none-eabi/12.3.1/../../../../arm-none-eabi/lib/thumb/v7e-m+dp/hard\libc_nano.a(libc_a-rand.o)
                              ./Core/Src/mongoose.o (srand)
C:/ST/STM32CubeIDE_1.17.0/STM32CubeIDE/plugins/com.st.stm32cube.ide.mcu.externaltools.gnu-tools-for-stm32.12.3.rel1.win32_1.1.0.202410251130/tools/bin/../lib/gcc/arm-none-eabi/12.3.1/../../../../arm-none-eabi/lib/thumb/v7e-m+dp/hard\libc_nano.a(libc_a-strtol.o)
                              C:/ST/STM32CubeIDE_1.17.0/STM32CubeIDE/plugins/com.st.stm32cube.ide.mcu.externaltools.gnu-tools-for-stm32.12.3.rel1.win32_1.1.0.202410251130/tools/bin/../lib/gcc/arm-none-eabi/12.3.1/../../../../arm-none-eabi/lib/thumb/v7e-m+dp/hard\libc_nano.a(libc_a-atoi.o) (_strtol_r)
C:/ST/STM32CubeIDE_1.17.0/STM32CubeIDE/plugins/com.st.stm32cube.ide.mcu.externaltools.gnu-tools-for-stm32.12.3.rel1.win32_1.1.0.202410251130/tools/bin/../lib/gcc/arm-none-eabi/12.3.1/../../../../arm-none-eabi/lib/thumb/v7e-m+dp/hard\libc_nano.a(libc_a-ctype_.o)
[...]
Memory Configuration

Name             Origin             Length             Attributes
ITCMRAM          0x00000000         0x00010000         xrw
DTCMRAM          0x20000000         0x00020000         xrw
FLASH            0x08000000         0x00100000         xr
RAM_D1           0x24000000         0x00050000         xrw
RAM_D2           0x30000000         0x00008000         xrw
RAM_D3           0x38000000         0x00004000         xrw
*default*        0x00000000         0xffffffff

Linker script and memory map

LOAD C:/ST/STM32CubeIDE_1.17.0/STM32CubeIDE/plugins/com.st.stm32cube.ide.mcu.externaltools.gnu-tools-for-stm32.12.3.rel1.win32_1.1.0.202410251130/tools/bin/../lib/gcc/arm-none-eabi/12.3.1/thumb/v7e-m+dp/hard/crti.o
LOAD C:/ST/STM32CubeIDE_1.17.0/STM32CubeIDE/plugins/com.st.stm32cube.ide.mcu.externaltools.gnu-tools-for-stm32.12.3.rel1.win32_1.1.0.202410251130/tools/bin/../lib/gcc/arm-none-eabi/12.3.1/thumb/v7e-m+dp/hard/crtbegin.o
LOAD C:/ST/STM32CubeIDE_1.17.0/STM32CubeIDE/plugins/com.st.stm32cube.ide.mcu.externaltools.gnu-tools-for-stm32.12.3.rel1.win32_1.1.0.202410251130/tools/bin/../lib/gcc/arm-none-eabi/12.3.1/../../../../arm-none-eabi/lib/thumb/v7e-m+dp/hard/crt0.o
LOAD ./Core/Src/freertos.o
LOAD ./Core/Src/main.o
LOAD ./Core/Src/mongoose.o
LOAD ./Core/Src/stm32h7xx_hal_msp.o
LOAD ./Core/Src/stm32h7xx_hal_timebase_tim.o
LOAD ./Core/Src/stm32h7xx_it.o
LOAD ./Core/Src/syscalls.o
LOAD ./Core/Src/sysmem.o
LOAD ./Core/Src/system_stm32h7xx.o
LOAD ./Core/Src/http/FOTA/firmware_update.o
LOAD ./Core/Src/http/routers/get_router.o
LOAD ./Core/Src/http/routers/main_router.o
LOAD ./Core/Src/http/routers/post_router.o
LOAD ./Core/Src/http/web_ui/file_system/packed_fs.o
LOAD ./Core/Startup/startup_stm32h723zgtx.o
LOAD ./Drivers/STM32H7xx_HAL_Driver/Src/stm32h7xx_hal.o
LOAD ./Drivers/STM32H7xx_HAL_Driver/Src/stm32h7xx_hal_cortex.o
LOAD ./Drivers/STM32H7xx_HAL_Driver/Src/stm32h7xx_hal_dma.o
LOAD ./Drivers/STM32H7xx_HAL_Driver/Src/stm32h7xx_hal_dma_ex.o
LOAD ./Drivers/STM32H7xx_HAL_Driver/Src/stm32h7xx_hal_eth.o
LOAD ./Drivers/STM32H7xx_HAL_Driver/Src/stm32h7xx_hal_eth_ex.o
LOAD ./Drivers/STM32H7xx_HAL_Driver/Src/stm32h7xx_hal_exti.o
LOAD ./Drivers/STM32H7xx_HAL_Driver/Src/stm32h7xx_hal_flash.o
LOAD ./Drivers/STM32H7xx_HAL_Driver/Src/stm32h7xx_hal_flash_ex.o
LOAD ./Drivers/STM32H7xx_HAL_Driver/Src/stm32h7xx_hal_gpio.o
LOAD ./Drivers/STM32H7xx_HAL_Driver/Src/stm32h7xx_hal_hsem.o
LOAD ./Drivers/STM32H7xx_HAL_Driver/Src/stm32h7xx_hal_i2c.o
LOAD ./Drivers/STM32H7xx_HAL_Driver/Src/stm32h7xx_hal_i2c_ex.o
LOAD ./Drivers/STM32H7xx_HAL_Driver/Src/stm32h7xx_hal_mdma.o
LOAD ./Drivers/STM32H7xx_HAL_Driver/Src/stm32h7xx_hal_pwr.o
LOAD ./Drivers/STM32H7xx_HAL_Driver/Src/stm32h7xx_hal_pwr_ex.o
LOAD ./Drivers/STM32H7xx_HAL_Driver/Src/stm32h7xx_hal_rcc.o
LOAD ./Drivers/STM32H7xx_HAL_Driver/Src/stm32h7xx_hal_rcc_ex.o
LOAD ./Drivers/STM32H7xx_HAL_Driver/Src/stm32h7xx_hal_rng.o
LOAD ./Drivers/STM32H7xx_HAL_Driver/Src/stm32h7xx_hal_rng_ex.o
LOAD ./Drivers/STM32H7xx_HAL_Driver/Src/stm32h7xx_hal_tim.o
LOAD ./Drivers/STM32H7xx_HAL_Driver/Src/stm32h7xx_hal_tim_ex.o
LOAD ./Drivers/STM32H7xx_HAL_Driver/Src/stm32h7xx_hal_uart.o
LOAD ./Drivers/STM32H7xx_HAL_Driver/Src/stm32h7xx_hal_uart_ex.o
LOAD ./Middlewares/Third_Party/FreeRTOS/Source/CMSIS_RTOS_V2/cmsis_os2.o
LOAD ./Middlewares/Third_Party/FreeRTOS/Source/croutine.o
LOAD ./Middlewares/Third_Party/FreeRTOS/Source/event_groups.o
LOAD ./Middlewares/Third_Party/FreeRTOS/Source/list.o
LOAD ./Middlewares/Third_Party/FreeRTOS/Source/queue.o
LOAD ./Middlewares/Third_Party/FreeRTOS/Source/stream_buffer.o
LOAD ./Middlewares/Third_Party/FreeRTOS/Source/tasks.o
LOAD ./Middlewares/Third_Party/FreeRTOS/Source/timers.o
LOAD ./Middlewares/Third_Party/FreeRTOS/Source/portable/GCC/ARM_CM4F/port.o
LOAD ./Middlewares/Third_Party/FreeRTOS/Source/portable/MemMang/heap_4.o
START GROUP
LOAD C:/ST/STM32CubeIDE_1.17.0/STM32CubeIDE/plugins/com.st.stm32cube.ide.mcu.externaltools.gnu-tools-for-stm32.12.3.rel1.win32_1.1.0.202410251130/tools/bin/../lib/gcc/arm-none-eabi/12.3.1/../../../../arm-none-eabi/lib/thumb/v7e-m+dp/hard\libc_nano.a
LOAD C:/ST/STM32CubeIDE_1.17.0/STM32CubeIDE/plugins/com.st.stm32cube.ide.mcu.externaltools.gnu-tools-for-stm32.12.3.rel1.win32_1.1.0.202410251130/tools/bin/../lib/gcc/arm-none-eabi/12.3.1/../../../../arm-none-eabi/lib/thumb/v7e-m+dp/hard\libm.a
END GROUP
START GROUP
LOAD C:/ST/STM32CubeIDE_1.17.0/STM32CubeIDE/plugins/com.st.stm32cube.ide.mcu.externaltools.gnu-tools-for-stm32.12.3.rel1.win32_1.1.0.202410251130/tools/bin/../lib/gcc/arm-none-eabi/12.3.1/thumb/v7e-m+dp/hard\libgcc.a
LOAD C:/ST/STM32CubeIDE_1.17.0/STM32CubeIDE/plugins/com.st.stm32cube.ide.mcu.externaltools.gnu-tools-for-stm32.12.3.rel1.win32_1.1.0.202410251130/tools/bin/../lib/gcc/arm-none-eabi/12.3.1/../../../../arm-none-eabi/lib/thumb/v7e-m+dp/hard\libc_nano.a
END GROUP
START GROUP
LOAD C:/ST/STM32CubeIDE_1.17.0/STM32CubeIDE/plugins/com.st.stm32cube.ide.mcu.externaltools.gnu-tools-for-stm32.12.3.rel1.win32_1.1.0.202410251130/tools/bin/../lib/gcc/arm-none-eabi/12.3.1/thumb/v7e-m+dp/hard\libgcc.a
LOAD C:/ST/STM32CubeIDE_1.17.0/STM32CubeIDE/plugins/com.st.stm32cube.ide.mcu.externaltools.gnu-tools-for-stm32.12.3.rel1.win32_1.1.0.202410251130/tools/bin/../lib/gcc/arm-none-eabi/12.3.1/../../../../arm-none-eabi/lib/thumb/v7e-m+dp/hard\libc_nano.a
LOAD C:/ST/STM32CubeIDE_1.17.0/STM32CubeIDE/plugins/com.st.stm32cube.ide.mcu.externaltools.gnu-tools-for-stm32.12.3.rel1.win32_1.1.0.202410251130/tools/bin/../lib/gcc/arm-none-eabi/12.3.1/../../../../arm-none-eabi/lib/thumb/v7e-m+dp/hard\libnosys.a
END GROUP
START GROUP
LOAD C:/ST/STM32CubeIDE_1.17.0/STM32CubeIDE/plugins/com.st.stm32cube.ide.mcu.externaltools.gnu-tools-for-stm32.12.3.rel1.win32_1.1.0.202410251130/tools/bin/../lib/gcc/arm-none-eabi/12.3.1/thumb/v7e-m+dp/hard\libgcc.a
LOAD C:/ST/STM32CubeIDE_1.17.0/STM32CubeIDE/plugins/com.st.stm32cube.ide.mcu.externaltools.gnu-tools-for-stm32.12.3.rel1.win32_1.1.0.202410251130/tools/bin/../lib/gcc/arm-none-eabi/12.3.1/../../../../arm-none-eabi/lib/thumb/v7e-m+dp/hard\libc_nano.a
LOAD C:/ST/STM32CubeIDE_1.17.0/STM32CubeIDE/plugins/com.st.stm32cube.ide.mcu.externaltools.gnu-tools-for-stm32.12.3.rel1.win32_1.1.0.202410251130/tools/bin/../lib/gcc/arm-none-eabi/12.3.1/../../../../arm-none-eabi/lib/thumb/v7e-m+dp/hard\libnosys.a
END GROUP
LOAD C:/ST/STM32CubeIDE_1.17.0/STM32CubeIDE/plugins/com.st.stm32cube.ide.mcu.externaltools.gnu-tools-for-stm32.12.3.rel1.win32_1.1.0.202410251130/tools/bin/../lib/gcc/arm-none-eabi/12.3.1/thumb/v7e-m+dp/hard/crtend.o
LOAD C:/ST/STM32CubeIDE_1.17.0/STM32CubeIDE/plugins/com.st.stm32cube.ide.mcu.externaltools.gnu-tools-for-stm32.12.3.rel1.win32_1.1.0.202410251130/tools/bin/../lib/gcc/arm-none-eabi/12.3.1/thumb/v7e-m+dp/hard/crtn.o
                0x24050000                        _estack = (ORIGIN (RAM_D1) + LENGTH (RAM_D1))
                0x00000200                        _Min_Heap_Size = 0x200
                0x00000400                        _Min_Stack_Size = 0x400

.isr_vector     0x08000000      0x2cc
                0x08000000                        . = ALIGN (0x4)
 *(.isr_vector)
 .isr_vector    0x08000000      0x2cc ./Core/Startup/startup_stm32h723zgtx.o
                0x08000000                g_pfnVectors
                0x080002cc                        . = ALIGN (0x4)

.text           0x080002d0    0x1658c
                0x080002d0                        . = ALIGN (0x4)
 *(.text)
 .text          0x080002d0       0x40 C:/ST/STM32CubeIDE_1.17.0/STM32CubeIDE/plugins/com.st.stm32cube.ide.mcu.externaltools.gnu-tools-for-stm32.12.3.rel1.win32_1.1.0.202410251130/tools/bin/../lib/gcc/arm-none-eabi/12.3.1/thumb/v7e-m+dp/hard/crtbegin.o
 .text          0x08000310       0x14 C:/ST/STM32CubeIDE_1.17.0/STM32CubeIDE/plugins/com.st.stm32cube.ide.mcu.externaltools.gnu-tools-for-stm32.12.3.rel1.win32_1.1.0.202410251130/tools/bin/../lib/gcc/arm-none-eabi/12.3.1/../../../../arm-none-eabi/lib/thumb/v7e-m+dp/hard\libc_nano.a(libc_a-strcmp.o)
                0x08000310                strcmp
 *fill*         0x08000324        0xc 
 .text          0x08000330       0xa0 C:/ST/STM32CubeIDE_1.17.0/STM32CubeIDE/plugins/com.st.stm32cube.ide.mcu.externaltools.gnu-tools-for-stm32.12.3.rel1.win32_1.1.0.202410251130/tools/bin/../lib/gcc/arm-none-eabi/12.3.1/../../../../arm-none-eabi/lib/thumb/v7e-m+dp/hard\libc_nano.a(libc_a-memchr.o)
                0x08000330                memchr
 .text          0x080003d0       0x10 C:/ST/STM32CubeIDE_1.17.0/STM32CubeIDE/plugins/com.st.stm32cube.ide.mcu.externaltools.gnu-tools-for-stm32.12.3.rel1.win32_1.1.0.202410251130/tools/bin/../lib/gcc/arm-none-eabi/12.3.1/../../../../arm-none-eabi/lib/thumb/v7e-m+dp/hard\libc_nano.a(libc_a-strlen.o)
                0x080003d0                strlen
 .text          0x080003e0       0x30 C:/ST/STM32CubeIDE_1.17.0/STM32CubeIDE/plugins/com.st.stm32cube.ide.mcu.externaltools.gnu-tools-for-stm32.12.3.rel1.win32_1.1.0.202410251130/tools/bin/../lib/gcc/arm-none-eabi/12.3.1/thumb/v7e-m+dp/hard\libgcc.a(_aeabi_uldivmod.o)
                0x080003e0                __aeabi_uldivmod
 .text          0x08000410      0x2bc C:/ST/STM32CubeIDE_1.17.0/STM32CubeIDE/plugins/com.st.stm32cube.ide.mcu.externaltools.gnu-tools-for-stm32.12.3.rel1.win32_1.1.0.202410251130/tools/bin/../lib/gcc/arm-none-eabi/12.3.1/thumb/v7e-m+dp/hard\libgcc.a(_udivmoddi4.o)
                0x08000410                __udivmoddi4
 .text          0x080006cc        0x4 C:/ST/STM32CubeIDE_1.17.0/STM32CubeIDE/plugins/com.st.stm32cube.ide.mcu.externaltools.gnu-tools-for-stm32.12.3.rel1.win32_1.1.0.202410251130/tools/bin/../lib/gcc/arm-none-eabi/12.3.1/thumb/v7e-m+dp/hard\libgcc.a(_dvmd_tls.o)
                0x080006cc                __aeabi_idiv0
                0x080006cc                __aeabi_ldiv0
 *(.text*)
 .text.__NVIC_EnableIRQ
                0x080006d0       0x3c ./Core/Src/main.o
 .text._write   0x0800070c       0x38 ./Core/Src/main.o
                0x0800070c                _write
 .text.run_mongoose
                0x08000744       0x48 ./Core/Src/main.o
 .text.main     0x0800078c       0x64 ./Core/Src/main.o
                0x0800078c                main
 .text.SystemClock_Config
                0x080007f0       0xe4 ./Core/Src/main.o
                0x080007f0                SystemClock_Config
 .text.MX_ETH_Init
                0x080008d4       0x98 ./Core/Src/main.o
 .text.MX_RNG_Init
                0x0800096c       0x2c ./Core/Src/main.o
 .text.MX_USART3_UART_Init
                0x08000998       0x98 ./Core/Src/main.o
 .text.MX_GPIO_Init
                0x08000a30      0x14c ./Core/Src/main.o
 .text.server   0x08000b7c       0x1a ./Core/Src/main.o
                0x08000b7c                server
 .text.MPU_Config
                0x08000b96       0x58 ./Core/Src/main.o
 *fill*         0x08000bee        0x2 
 .text.HAL_TIM_PeriodElapsedCallback
                0x08000bf0       0x24 ./Core/Src/main.o
                0x08000bf0                HAL_TIM_PeriodElapsedCallback
 .text.Error_Handler
                0x08000c14        0xc ./Core/Src/main.o
                0x08000c14                Error_Handler
 .text.mg_dns_free
                0x08000c20       0x36 ./Core/Src/mongoose.o
 .text.mg_resolve_cancel
                0x08000c56       0x44 ./Core/Src/mongoose.o
                0x08000c56                mg_resolve_cancel
 .text.mg_call  0x08000c9a       0x40 ./Core/Src/mongoose.o
                0x08000c9a                mg_call
 *fill*         0x08000cda        0x2 
 .text.mg_error
                0x08000cdc       0x84 ./Core/Src/mongoose.o
                0x08000cdc                mg_error
 .text.mg_ota_flash_begin
                0x08000d60       0xf8 ./Core/Src/mongoose.o
                0x08000d60                mg_ota_flash_begin
 .text.mg_ota_flash_write
                0x08000e58      0x188 ./Core/Src/mongoose.o
                0x08000e58                mg_ota_flash_write
 .text.mg_ota_flash_end
                0x08000fe0      0x100 ./Core/Src/mongoose.o
                0x08000fe0                mg_ota_flash_end
 .text.is_digit
                0x080010e0       0x2c ./Core/Src/mongoose.o
 .text.addexp   0x0800110c      0x104 ./Core/Src/mongoose.o
 .text.xisinf   0x08001210       0x50 ./Core/Src/mongoose.o
 .text.xisnan   0x08001260       0x58 ./Core/Src/mongoose.o
 .text.mg_dtoa  0x080012b8      0x56c ./Core/Src/mongoose.o
 .text.mg_lld   0x08001824      0x160 ./Core/Src/mongoose.o
 .text.scpy     0x08001984       0x46 ./Core/Src/mongoose.o
 .text.mg_xprintf
                0x080019ca       0x36 ./Core/Src/mongoose.o
                0x080019ca                mg_xprintf
 .text.mg_vxprintf
                0x08001a00      0x748 ./Core/Src/mongoose.o
                0x08001a00                mg_vxprintf
 .text.mg_fs_open
                0x08002148       0x50 ./Core/Src/mongoose.o
                0x08002148                mg_fs_open
 .text.mg_fs_close
                0x08002198       0x2a ./Core/Src/mongoose.o
                0x08002198                mg_fs_close
 .text.is_dir_prefix
                0x080021c2       0x58 ./Core/Src/mongoose.o
 .text.packed_stat
                0x0800221a       0x60 ./Core/Src/mongoose.o
 *fill*         0x0800227a        0x2 
 .text.packed_list
                0x0800227c      0x13c ./Core/Src/mongoose.o
 .text.packed_open
                0x080023b8       0x62 ./Core/Src/mongoose.o
 .text.packed_close
                0x0800241a       0x1c ./Core/Src/mongoose.o
 .text.packed_read
                0x08002436       0x56 ./Core/Src/mongoose.o
 .text.packed_write
                0x0800248c       0x1a ./Core/Src/mongoose.o
 .text.packed_seek
                0x080024a6       0x38 ./Core/Src/mongoose.o
 .text.packed_rename
                0x080024de       0x18 ./Core/Src/mongoose.o
 .text.packed_remove
                0x080024f6       0x16 ./Core/Src/mongoose.o
 .text.packed_mkdir
                0x0800250c       0x16 ./Core/Src/mongoose.o
 .text.p_stat   0x08002522       0x1a ./Core/Src/mongoose.o
 .text.p_list   0x0800253c       0x18 ./Core/Src/mongoose.o
 .text.p_open   0x08002554       0x18 ./Core/Src/mongoose.o
 .text.p_close  0x0800256c       0x14 ./Core/Src/mongoose.o
 .text.p_read   0x08002580       0x1a ./Core/Src/mongoose.o
 .text.p_write  0x0800259a       0x1a ./Core/Src/mongoose.o
 .text.p_seek   0x080025b4       0x1a ./Core/Src/mongoose.o
 .text.p_rename
                0x080025ce       0x18 ./Core/Src/mongoose.o
 .text.p_remove
                0x080025e6       0x16 ./Core/Src/mongoose.o
 .text.p_mkdir  0x080025fc       0x16 ./Core/Src/mongoose.o
 .text.mg_ncasecmp
                0x08002612       0x80 ./Core/Src/mongoose.o
 *fill*         0x08002692        0x2 
 .text.mg_to_size_t
                0x08002694      0x12c ./Core/Src/mongoose.o
                0x08002694                mg_to_size_t
 .text.mg_http_var
                0x080027c0       0xa0 ./Core/Src/mongoose.o
                0x080027c0                mg_http_var
 .text.mg_http_get_var
                0x08002860       0xa6 ./Core/Src/mongoose.o
                0x08002860                mg_http_get_var
 .text.isx      0x08002906       0x44 ./Core/Src/mongoose.o
 .text.mg_url_decode
                0x0800294a      0x110 ./Core/Src/mongoose.o
                0x0800294a                mg_url_decode
 .text.isok     0x08002a5a       0x3a ./Core/Src/mongoose.o
 .text.mg_http_get_request_len
                0x08002a94       0x9c ./Core/Src/mongoose.o
                0x08002a94                mg_http_get_request_len
 .text.mg_http_get_header
                0x08002b30       0x80 ./Core/Src/mongoose.o
                0x08002b30                mg_http_get_header
 .text.vcb      0x08002bb0       0x26 ./Core/Src/mongoose.o
 .text.clen     0x08002bd6       0xde ./Core/Src/mongoose.o
 .text.skiptorn
                0x08002cb4       0x96 ./Core/Src/mongoose.o
 .text.mg_http_parse_headers
                0x08002d4a      0x15e ./Core/Src/mongoose.o
 .text.mg_http_parse
                0x08002ea8      0x37c ./Core/Src/mongoose.o
                0x08002ea8                mg_http_parse
 .text.mg_http_status_code_str
                0x08003224      0x9f8 ./Core/Src/mongoose.o
 .text.mg_http_reply
                0x08003c1c       0xb0 ./Core/Src/mongoose.o
                0x08003c1c                mg_http_reply
 .text.restore_http_cb
                0x08003ccc       0x40 ./Core/Src/mongoose.o
 .text.mg_http_etag
                0x08003d0c       0x38 ./Core/Src/mongoose.o
                0x08003d0c                mg_http_etag
 .text.static_cb
                0x08003d44       0xc4 ./Core/Src/mongoose.o
 .text.guess_content_type
                0x08003e08      0x13c ./Core/Src/mongoose.o
 .text.getrange
                0x08003f44       0xe8 ./Core/Src/mongoose.o
 .text.mg_http_serve_file
                0x0800402c      0x5c4 ./Core/Src/mongoose.o
                0x0800402c                mg_http_serve_file
 .text.uri_to_path2
                0x080045f0      0x2dc ./Core/Src/mongoose.o
 .text.uri_to_path
                0x080048cc      0x194 ./Core/Src/mongoose.o
 .text.mg_http_serve_dir
                0x08004a60       0xc8 ./Core/Src/mongoose.o
                0x08004a60                mg_http_serve_dir
 .text.mg_http_status
                0x08004b28       0x1c ./Core/Src/mongoose.o
                0x08004b28                mg_http_status
 .text.is_hex_digit
                0x08004b44       0x44 ./Core/Src/mongoose.o
 .text.skip_chunk
                0x08004b88      0x11e ./Core/Src/mongoose.o
 *fill*         0x08004ca6        0x2 
 .text.http_cb  0x08004ca8      0x740 ./Core/Src/mongoose.o
 .text.mg_http_listen
                0x080053e8       0x38 ./Core/Src/mongoose.o
                0x080053e8                mg_http_listen
 .text.roundup  0x08005420       0x34 ./Core/Src/mongoose.o
 .text.mg_iobuf_resize
                0x08005454      0x118 ./Core/Src/mongoose.o
                0x08005454                mg_iobuf_resize
 .text.mg_iobuf_del
                0x0800556c       0x96 ./Core/Src/mongoose.o
                0x0800556c                mg_iobuf_del
 .text.mg_iobuf_free
                0x08005602       0x18 ./Core/Src/mongoose.o
                0x08005602                mg_iobuf_free
 *fill*         0x0800561a        0x2 
 .text.escapeseq
                0x0800561c       0x28 ./Core/Src/mongoose.o
 .text.json_esc
                0x08005644       0x60 ./Core/Src/mongoose.o
 .text.mg_pass_string
                0x080056a4       0x82 ./Core/Src/mongoose.o
 *fill*         0x08005726        0x2 
 .text.mg_atod  0x08005728      0x2a0 ./Core/Src/mongoose.o
 .text.mg_json_get
                0x080059c8      0x674 ./Core/Src/mongoose.o
                0x080059c8                mg_json_get
 .text.mg_json_get_num
                0x0800603c       0x8a ./Core/Src/mongoose.o
                0x0800603c                mg_json_get_num
 .text.mg_json_get_long
                0x080060c6       0x44 ./Core/Src/mongoose.o
                0x080060c6                mg_json_get_long
 *fill*         0x0800610a        0x2 
 .text.logc     0x0800610c       0x28 ./Core/Src/mongoose.o
 .text.logs     0x08006134       0x36 ./Core/Src/mongoose.o
 *fill*         0x0800616a        0x2 
 .text.mg_log_prefix
                0x0800616c       0xa0 ./Core/Src/mongoose.o
                0x0800616c                mg_log_prefix
 .text.mg_log   0x0800620c       0x40 ./Core/Src/mongoose.o
                0x0800620c                mg_log
 .text.nibble   0x0800624c       0x2c ./Core/Src/mongoose.o
 .text.mg_hexdump
                0x08006278      0x168 ./Core/Src/mongoose.o
                0x08006278                mg_hexdump
 .text.mg_vprintf
                0x080063e0       0x38 ./Core/Src/mongoose.o
                0x080063e0                mg_vprintf
 .text.mg_printf
                0x08006418       0x34 ./Core/Src/mongoose.o
                0x08006418                mg_printf
 .text.mg_alloc_conn
                0x0800644c       0x5a ./Core/Src/mongoose.o
                0x0800644c                mg_alloc_conn
 *fill*         0x080064a6        0x2 
 .text.mg_close_conn
                0x080064a8       0xd0 ./Core/Src/mongoose.o
                0x080064a8                mg_close_conn
 .text.mg_listen
                0x08006578      0x144 ./Core/Src/mongoose.o
                0x08006578                mg_listen
 .text.mg_mgr_init
                0x080066bc       0xe0 ./Core/Src/mongoose.o
                0x080066bc                mg_mgr_init
 .text.mg_tcpip_call
                0x0800679c       0x28 ./Core/Src/mongoose.o
 .text.mkpay    0x080067c4       0x3c ./Core/Src/mongoose.o
 .text.csumup   0x08006800       0x56 ./Core/Src/mongoose.o
 .text.csumfin  0x08006856       0x36 ./Core/Src/mongoose.o
 .text.ipcsum   0x0800688c       0x26 ./Core/Src/mongoose.o
 *fill*         0x080068b2        0x2 
 .text.settmout
                0x080068b4       0xb8 ./Core/Src/mongoose.o
 .text.ether_output
                0x0800696c       0x38 ./Core/Src/mongoose.o
 .text.mg_tcpip_arp_request
                0x080069a4       0xd0 ./Core/Src/mongoose.o
                0x080069a4                mg_tcpip_arp_request
 .text.onstatechange
                0x08006a74      0x154 ./Core/Src/mongoose.o
 .text.tx_ip    0x08006bc8       0xae ./Core/Src/mongoose.o
 .text.tx_udp   0x08006c76       0xd2 ./Core/Src/mongoose.o
 .text.tx_dhcp  0x08006d48      0x120 ./Core/Src/mongoose.o
 .text.tx_dhcp_request_sel
                0x08006e68      0x19c ./Core/Src/mongoose.o
 .text.tx_dhcp_request_re
                0x08007004       0x64 ./Core/Src/mongoose.o
 .text.tx_dhcp_discover
                0x08007068       0x78 ./Core/Src/mongoose.o
 .text.getpeer  0x080070e0       0xe2 ./Core/Src/mongoose.o
 *fill*         0x080071c2        0x2 
 .text.rx_arp   0x080071c4      0x224 ./Core/Src/mongoose.o
 .text.rx_icmp  0x080073e8       0xb8 ./Core/Src/mongoose.o
 .text.rx_dhcp_client
                0x080074a0      0x3d0 ./Core/Src/mongoose.o
 .text.rx_dhcp_server
                0x08007870      0x3dc ./Core/Src/mongoose.o
 .text.rx_udp   0x08007c4c       0xe4 ./Core/Src/mongoose.o
 .text.tx_tcp   0x08007d30      0x198 ./Core/Src/mongoose.o
 .text.tx_tcp_pkt
                0x08007ec8       0x8c ./Core/Src/mongoose.o
 .text.accept_conn
                0x08007f54      0x170 ./Core/Src/mongoose.o
 .text.trim_len
                0x080080c4      0x11c ./Core/Src/mongoose.o
 .text.mg_io_send
                0x080081e0       0xee ./Core/Src/mongoose.o
                0x080081e0                mg_io_send
 *fill*         0x080082ce        0x2 
 .text.handle_tls_recv
                0x080082d0       0xc4 ./Core/Src/mongoose.o
 .text.read_conn
                0x08008394      0x41c ./Core/Src/mongoose.o
 .text.rx_tcp   0x080087b0      0x260 ./Core/Src/mongoose.o
 .text.rx_ip    0x08008a10      0x2dc ./Core/Src/mongoose.o
 .text.rx_ip6   0x08008cec       0x84 ./Core/Src/mongoose.o
 .text.mg_tcpip_rx
                0x08008d70      0x228 ./Core/Src/mongoose.o
 .text.mg_tcpip_poll
                0x08008f98      0x534 ./Core/Src/mongoose.o
 .text.mg_tcpip_qwrite
                0x080094cc       0x5a ./Core/Src/mongoose.o
                0x080094cc                mg_tcpip_qwrite
 *fill*         0x08009526        0x2 
 .text.mg_tcpip_init
                0x08009528      0x1d8 ./Core/Src/mongoose.o
                0x08009528                mg_tcpip_init
 .text.send_syn
                0x08009700       0x66 ./Core/Src/mongoose.o
 .text.mac_resolved
                0x08009766       0x48 ./Core/Src/mongoose.o
 .text.mg_open_listener
                0x080097ae       0x2a ./Core/Src/mongoose.o
                0x080097ae                mg_open_listener
 .text.write_conn
                0x080097d8       0x80 ./Core/Src/mongoose.o
 .text.init_closure
                0x08009858       0xa8 ./Core/Src/mongoose.o
 .text.close_conn
                0x08009900       0x26 ./Core/Src/mongoose.o
 .text.can_write
                0x08009926       0x68 ./Core/Src/mongoose.o
 *fill*         0x0800998e        0x2 
 .text.mg_mgr_poll
                0x08009990      0x200 ./Core/Src/mongoose.o
                0x08009990                mg_mgr_poll
 .text.mg_ota_begin
                0x08009b90       0x2c ./Core/Src/mongoose.o
                0x08009b90                mg_ota_begin
 .text.mg_ota_write
                0x08009bbc       0x24 ./Core/Src/mongoose.o
                0x08009bbc                mg_ota_write
 .text.mg_ota_end
                0x08009be0       0xc0 ./Core/Src/mongoose.o
                0x08009be0                mg_ota_end
 .text.mg_pfn_iobuf_private
                0x08009ca0       0x90 ./Core/Src/mongoose.o
 .text.mg_putchar_iobuf_static
                0x08009d30       0x20 ./Core/Src/mongoose.o
 .text.mg_pfn_iobuf
                0x08009d50       0x20 ./Core/Src/mongoose.o
                0x08009d50                mg_pfn_iobuf
 .text.mg_vsnprintf
                0x08009d70       0x50 ./Core/Src/mongoose.o
                0x08009d70                mg_vsnprintf
 .text.mg_snprintf
                0x08009dc0       0x32 ./Core/Src/mongoose.o
                0x08009dc0                mg_snprintf
 *fill*         0x08009df2        0x2 
 .text.mg_vmprintf
                0x08009df4       0x38 ./Core/Src/mongoose.o
                0x08009df4                mg_vmprintf
 .text.mg_mprintf
                0x08009e2c       0x2a ./Core/Src/mongoose.o
                0x08009e2c                mg_mprintf
 .text.mg_pfn_stdout
                0x08009e56       0x1c ./Core/Src/mongoose.o
                0x08009e56                mg_pfn_stdout
 *fill*         0x08009e72        0x2 
 .text.print_ip4
                0x08009e74       0x48 ./Core/Src/mongoose.o
 .text.print_ip6
                0x08009ebc       0xbc ./Core/Src/mongoose.o
 .text.mg_print_ip4
                0x08009f78       0x2e ./Core/Src/mongoose.o
                0x08009f78                mg_print_ip4
 .text.mg_print_ip
                0x08009fa6       0x48 ./Core/Src/mongoose.o
                0x08009fa6                mg_print_ip
 *fill*         0x08009fee        0x2 
 .text.mg_print_ip_port
                0x08009ff0       0x4c ./Core/Src/mongoose.o
                0x08009ff0                mg_print_ip_port
 .text.mg_print_mac
                0x0800a03c       0x6c ./Core/Src/mongoose.o
                0x0800a03c                mg_print_mac
 .text.mg_queue_read_len
                0x0800a0a8       0x54 ./Core/Src/mongoose.o
 .text.mg_queue_write_len
                0x0800a0fc       0x2c ./Core/Src/mongoose.o
 .text.mg_queue_book
                0x0800a128       0xae ./Core/Src/mongoose.o
                0x0800a128                mg_queue_book
 *fill*         0x0800a1d6        0x2 
 .text.mg_queue_next
                0x0800a1d8       0x8c ./Core/Src/mongoose.o
                0x0800a1d8                mg_queue_next
 .text.mg_queue_add
                0x0800a264       0x70 ./Core/Src/mongoose.o
                0x0800a264                mg_queue_add
 .text.mg_queue_del
                0x0800a2d4       0x48 ./Core/Src/mongoose.o
                0x0800a2d4                mg_queue_del
 .text.mg_http_serve_ssi
                0x0800a31c       0x28 ./Core/Src/mongoose.o
                0x0800a31c                mg_http_serve_ssi
 .text.mg_str_s
                0x0800a344       0x3a ./Core/Src/mongoose.o
                0x0800a344                mg_str_s
 .text.mg_str_n
                0x0800a37e       0x30 ./Core/Src/mongoose.o
                0x0800a37e                mg_str_n
 .text.mg_tolc  0x0800a3ae       0x2a ./Core/Src/mongoose.o
 .text.mg_strcmp
                0x0800a3d8       0x84 ./Core/Src/mongoose.o
                0x0800a3d8                mg_strcmp
 .text.mg_strcasecmp
                0x0800a45c       0x8e ./Core/Src/mongoose.o
                0x0800a45c                mg_strcasecmp
 .text.mg_match
                0x0800a4ea      0x1e8 ./Core/Src/mongoose.o
                0x0800a4ea                mg_match
 .text.mg_span  0x0800a6d2       0xba ./Core/Src/mongoose.o
                0x0800a6d2                mg_span
 .text.mg_str_to_num
                0x0800a78c      0x466 ./Core/Src/mongoose.o
                0x0800a78c                mg_str_to_num
 .text.mg_timer_expired
                0x0800abf2       0xc8 ./Core/Src/mongoose.o
                0x0800abf2                mg_timer_expired
 .text.mg_timer_poll
                0x0800acba       0xce ./Core/Src/mongoose.o
                0x0800acba                mg_timer_poll
 .text.mg_tls_handshake
                0x0800ad88       0x14 ./Core/Src/mongoose.o
                0x0800ad88                mg_tls_handshake
 .text.mg_tls_free
                0x0800ad9c       0x14 ./Core/Src/mongoose.o
                0x0800ad9c                mg_tls_free
 .text.mg_tls_recv
                0x0800adb0       0x32 ./Core/Src/mongoose.o
                0x0800adb0                mg_tls_recv
 .text.mg_tls_send
                0x0800ade2       0x32 ./Core/Src/mongoose.o
                0x0800ade2                mg_tls_send
 .text.mg_tls_pending
                0x0800ae14       0x16 ./Core/Src/mongoose.o
                0x0800ae14                mg_tls_pending
 .text.mg_tls_ctx_init
                0x0800ae2a       0x14 ./Core/Src/mongoose.o
                0x0800ae2a                mg_tls_ctx_init
 *fill*         0x0800ae3e        0x2 
 .text.mg_url_is_ssl
                0x0800ae40       0x90 ./Core/Src/mongoose.o
                0x0800ae40                mg_url_is_ssl
 .text.urlparse
                0x0800aed0      0x102 ./Core/Src/mongoose.o
 *fill*         0x0800afd2        0x2 
 .text.mg_url_port
                0x0800afd4       0xc8 ./Core/Src/mongoose.o
                0x0800afd4                mg_url_port
 .text.mg_bzero
                0x0800b09c       0x32 ./Core/Src/mongoose.o
                0x0800b09c                mg_bzero
 *fill*         0x0800b0ce        0x2 
 .text.mg_crc32
                0x0800b0d0       0x74 ./Core/Src/mongoose.o
                0x0800b0d0                mg_crc32
 .text.mg_path_is_sane
                0x0800b144       0x80 ./Core/Src/mongoose.o
                0x0800b144                mg_path_is_sane
 .text.mg_ntohs
                0x0800b1c4       0x2c ./Core/Src/mongoose.o
                0x0800b1c4                mg_ntohs
 .text.mg_ntohl
                0x0800b1f0       0x36 ./Core/Src/mongoose.o
                0x0800b1f0                mg_ntohl
 *fill*         0x0800b226        0x2 
 .text.mg_phy_id_to_str
                0x0800b228       0xa0 ./Core/Src/mongoose.o
 .text.mg_phy_init
                0x0800b2c8      0x170 ./Core/Src/mongoose.o
                0x0800b2c8                mg_phy_init
 .text.mg_phy_up
                0x0800b438      0x1ea ./Core/Src/mongoose.o
                0x0800b438                mg_phy_up
 *fill*         0x0800b622        0x2 
 .text.eth_read_phy
                0x0800b624       0x74 ./Core/Src/mongoose.o
 .text.eth_write_phy
                0x0800b698       0x78 ./Core/Src/mongoose.o
 .text.mg_tcpip_driver_stm32h_init
                0x0800b710      0x268 ./Core/Src/mongoose.o
 .text.mg_tcpip_driver_stm32h_tx
                0x0800b978      0x1b8 ./Core/Src/mongoose.o
 .text.mg_tcpip_driver_stm32h_poll
                0x0800bb30      0x10c ./Core/Src/mongoose.o
 .text.ETH_IRQHandler
                0x0800bc3c      0x120 ./Core/Src/mongoose.o
                0x0800bc3c                ETH_IRQHandler
 .text.HAL_MspInit
                0x0800bd5c       0x3c ./Core/Src/stm32h7xx_hal_msp.o
                0x0800bd5c                HAL_MspInit
 .text.HAL_ETH_MspInit
                0x0800bd98      0x19c ./Core/Src/stm32h7xx_hal_msp.o
                0x0800bd98                HAL_ETH_MspInit
 .text.HAL_RNG_MspInit
                0x0800bf34       0x74 ./Core/Src/stm32h7xx_hal_msp.o
                0x0800bf34                HAL_RNG_MspInit
 .text.HAL_UART_MspInit
                0x0800bfa8       0xd4 ./Core/Src/stm32h7xx_hal_msp.o
                0x0800bfa8                HAL_UART_MspInit
 .text.HAL_InitTick
                0x0800c07c       0xd8 ./Core/Src/stm32h7xx_hal_timebase_tim.o
                0x0800c07c                HAL_InitTick
 .text.NMI_Handler
                0x0800c154        0x8 ./Core/Src/stm32h7xx_it.o
                0x0800c154                NMI_Handler
 .text.HardFault_Handler
                0x0800c15c        0x8 ./Core/Src/stm32h7xx_it.o
                0x0800c15c                HardFault_Handler
 .text.MemManage_Handler
                0x0800c164        0x8 ./Core/Src/stm32h7xx_it.o
                0x0800c164                MemManage_Handler
 .text.BusFault_Handler
                0x0800c16c        0x8 ./Core/Src/stm32h7xx_it.o
                0x0800c16c                BusFault_Handler
 .text.UsageFault_Handler
                0x0800c174        0x8 ./Core/Src/stm32h7xx_it.o
                0x0800c174                UsageFault_Handler
 .text.DebugMon_Handler
                0x0800c17c        0xe ./Core/Src/stm32h7xx_it.o
                0x0800c17c                DebugMon_Handler
 *fill*         0x0800c18a        0x2 
 .text.TIM6_DAC_IRQHandler
                0x0800c18c       0x14 ./Core/Src/stm32h7xx_it.o
                0x0800c18c                TIM6_DAC_IRQHandler
 .text._getpid  0x0800c1a0       0x10 ./Core/Src/syscalls.o
                0x0800c1a0                _getpid
 .text._kill    0x0800c1b0       0x20 ./Core/Src/syscalls.o
                0x0800c1b0                _kill
 .text._exit    0x0800c1d0       0x16 ./Core/Src/syscalls.o
                0x0800c1d0                _exit
 .text._read    0x0800c1e6       0x3a ./Core/Src/syscalls.o
                0x0800c1e6                _read
 .text._close   0x0800c220       0x18 ./Core/Src/syscalls.o
                0x0800c220                _close
 .text._fstat   0x0800c238       0x20 ./Core/Src/syscalls.o
                0x0800c238                _fstat
 .text._isatty  0x0800c258       0x16 ./Core/Src/syscalls.o
                0x0800c258                _isatty
 .text._lseek   0x0800c26e       0x1a ./Core/Src/syscalls.o
                0x0800c26e                _lseek
 .text._sbrk    0x0800c288       0x6c ./Core/Src/sysmem.o
                0x0800c288                _sbrk
 .text.SystemInit
                0x0800c2f4      0x120 ./Core/Src/system_stm32h7xx.o
                0x0800c2f4                SystemInit
 .text.ExitRun0Mode
                0x0800c414       0x30 ./Core/Src/system_stm32h7xx.o
                0x0800c414                ExitRun0Mode
 .text.handle_firmware_upload
                0x0800c444      0x1ec ./Core/Src/http/FOTA/firmware_update.o
                0x0800c444                handle_firmware_upload
 .text.GET_requests_router
                0x0800c630      0x17c ./Core/Src/http/routers/get_router.o
                0x0800c630                GET_requests_router
 .text.mg_random
                0x0800c7ac       0x5c ./Core/Src/http/routers/main_router.o
                0x0800c7ac                mg_random
 .text.mg_millis
                0x0800c808       0x1a ./Core/Src/http/routers/main_router.o
                0x0800c808                mg_millis
 *fill*         0x0800c822        0x2 
 .text.handle_http_request
                0x0800c824       0x88 ./Core/Src/http/routers/main_router.o
 .text.numconns
                0x0800c8ac       0x36 ./Core/Src/http/routers/main_router.o
 *fill*         0x0800c8e2        0x2 
 .text.event_handler
                0x0800c8e4       0x94 ./Core/Src/http/routers/main_router.o
                0x0800c8e4                event_handler
 .text.POST_requests_router
                0x0800c978       0xac ./Core/Src/http/routers/post_router.o
                0x0800c978                POST_requests_router
 .text.scmp     0x0800ca24       0x44 ./Core/Src/http/web_ui/file_system/packed_fs.o
 .text.mg_unlist
                0x0800ca68       0x28 ./Core/Src/http/web_ui/file_system/packed_fs.o
                0x0800ca68                mg_unlist
 .text.mg_unpack
                0x0800ca90       0x6c ./Core/Src/http/web_ui/file_system/packed_fs.o
                0x0800ca90                mg_unpack
 .text.Reset_Handler
                0x0800cafc       0x54 ./Core/Startup/startup_stm32h723zgtx.o
                0x0800cafc                Reset_Handler
 .text.Default_Handler
                0x0800cb50        0x2 ./Core/Startup/startup_stm32h723zgtx.o
                0x0800cb50                RTC_Alarm_IRQHandler
                0x0800cb50                EXTI2_IRQHandler
                0x0800cb50                TIM8_CC_IRQHandler
                0x0800cb50                UART8_IRQHandler
                0x0800cb50                SPI4_IRQHandler
                0x0800cb50                FDCAN3_IT0_IRQHandler
                0x0800cb50                TIM1_CC_IRQHandler
                0x0800cb50                BDMA_Channel6_IRQHandler
                0x0800cb50                DMA2_Stream5_IRQHandler
                0x0800cb50                DMA1_Stream5_IRQHandler
                0x0800cb50                CORDIC_IRQHandler
                0x0800cb50                BDMA_Channel1_IRQHandler
                0x0800cb50                TAMP_STAMP_IRQHandler
                0x0800cb50                EXTI3_IRQHandler
                0x0800cb50                LPTIM4_IRQHandler
                0x0800cb50                TIM8_TRG_COM_TIM14_IRQHandler
                0x0800cb50                LPTIM2_IRQHandler
                0x0800cb50                DFSDM1_FLT1_IRQHandler
                0x0800cb50                DMAMUX2_OVR_IRQHandler
                0x0800cb50                TIM8_UP_TIM13_IRQHandler
                0x0800cb50                I2C3_ER_IRQHandler
                0x0800cb50                DFSDM1_FLT2_IRQHandler
                0x0800cb50                I2C5_EV_IRQHandler
                0x0800cb50                USART10_IRQHandler
                0x0800cb50                MDMA_IRQHandler
                0x0800cb50                LPTIM3_IRQHandler
                0x0800cb50                HSEM1_IRQHandler
                0x0800cb50                EXTI0_IRQHandler
                0x0800cb50                I2C2_EV_IRQHandler
                0x0800cb50                DMA1_Stream2_IRQHandler
                0x0800cb50                FPU_IRQHandler
                0x0800cb50                OTG_HS_WKUP_IRQHandler
                0x0800cb50                FDCAN1_IT1_IRQHandler
                0x0800cb50                LTDC_ER_IRQHandler
                0x0800cb50                DMA2_Stream2_IRQHandler
                0x0800cb50                SPI1_IRQHandler
                0x0800cb50                OCTOSPI1_IRQHandler
                0x0800cb50                DMA2_Stream3_IRQHandler
                0x0800cb50                OCTOSPI2_IRQHandler
                0x0800cb50                DFSDM1_FLT3_IRQHandler
                0x0800cb50                TIM23_IRQHandler
                0x0800cb50                USART6_IRQHandler
                0x0800cb50                TIM17_IRQHandler
                0x0800cb50                USART3_IRQHandler
                0x0800cb50                BDMA_Channel7_IRQHandler
                0x0800cb50                LPTIM5_IRQHandler
                0x0800cb50                UART5_IRQHandler
                0x0800cb50                ADC3_IRQHandler
                0x0800cb50                DMA2_Stream0_IRQHandler
                0x0800cb50                TIM4_IRQHandler
                0x0800cb50                BDMA_Channel2_IRQHandler
                0x0800cb50                I2C1_EV_IRQHandler
                0x0800cb50                DMA1_Stream6_IRQHandler
                0x0800cb50                DMAMUX1_OVR_IRQHandler
                0x0800cb50                DMA1_Stream1_IRQHandler
                0x0800cb50                TIM16_IRQHandler
                0x0800cb50                UART4_IRQHandler
                0x0800cb50                BDMA_Channel5_IRQHandler
                0x0800cb50                TIM3_IRQHandler
                0x0800cb50                RCC_IRQHandler
                0x0800cb50                UART9_IRQHandler
                0x0800cb50                TIM8_BRK_TIM12_IRQHandler
                0x0800cb50                TIM1_TRG_COM_IRQHandler
                0x0800cb50                Default_Handler
                0x0800cb50                ECC_IRQHandler
                0x0800cb50                FMAC_IRQHandler
                0x0800cb50                CEC_IRQHandler
                0x0800cb50                EXTI15_10_IRQHandler
                0x0800cb50                BDMA_Channel0_IRQHandler
                0x0800cb50                ADC_IRQHandler
                0x0800cb50                I2C5_ER_IRQHandler
                0x0800cb50                DMA1_Stream7_IRQHandler
                0x0800cb50                SPI5_IRQHandler
                0x0800cb50                TIM7_IRQHandler
                0x0800cb50                FDCAN3_IT1_IRQHandler
                0x0800cb50                SDMMC1_IRQHandler
                0x0800cb50                TIM5_IRQHandler
                0x0800cb50                DMA2_Stream7_IRQHandler
                0x0800cb50                TIM15_IRQHandler
                0x0800cb50                PVD_AVD_IRQHandler
                0x0800cb50                I2C3_EV_IRQHandler
                0x0800cb50                EXTI9_5_IRQHandler
                0x0800cb50                RTC_WKUP_IRQHandler
                0x0800cb50                LTDC_IRQHandler
                0x0800cb50                ETH_WKUP_IRQHandler
                0x0800cb50                SPDIF_RX_IRQHandler
                0x0800cb50                SPI2_IRQHandler
                0x0800cb50                OTG_HS_EP1_IN_IRQHandler
                0x0800cb50                DMA1_Stream0_IRQHandler
                0x0800cb50                TIM24_IRQHandler
                0x0800cb50                CRS_IRQHandler
                0x0800cb50                EXTI4_IRQHandler
                0x0800cb50                RNG_IRQHandler
                0x0800cb50                FDCAN2_IT1_IRQHandler
                0x0800cb50                TIM1_UP_IRQHandler
                0x0800cb50                BDMA_Channel4_IRQHandler
                0x0800cb50                OTG_HS_EP1_OUT_IRQHandler
                0x0800cb50                WWDG_IRQHandler
                0x0800cb50                SPI6_IRQHandler
                0x0800cb50                MDIOS_IRQHandler
                0x0800cb50                I2C4_EV_IRQHandler
                0x0800cb50                FDCAN2_IT0_IRQHandler
                0x0800cb50                LPUART1_IRQHandler
                0x0800cb50                FDCAN1_IT0_IRQHandler
                0x0800cb50                TIM2_IRQHandler
                0x0800cb50                OTG_HS_IRQHandler
                0x0800cb50                DMA2D_IRQHandler
                0x0800cb50                TIM1_BRK_IRQHandler
                0x0800cb50                EXTI1_IRQHandler
                0x0800cb50                SDMMC2_IRQHandler
                0x0800cb50                BDMA_Channel3_IRQHandler
                0x0800cb50                DTS_IRQHandler
                0x0800cb50                UART7_IRQHandler
                0x0800cb50                MDIOS_WKUP_IRQHandler
                0x0800cb50                USART2_IRQHandler
                0x0800cb50                DFSDM1_FLT0_IRQHandler
                0x0800cb50                SAI4_IRQHandler
                0x0800cb50                I2C2_ER_IRQHandler
                0x0800cb50                DMA2_Stream1_IRQHandler
                0x0800cb50                FLASH_IRQHandler
                0x0800cb50                DMA2_Stream4_IRQHandler
                0x0800cb50                USART1_IRQHandler
                0x0800cb50                SPI3_IRQHandler
                0x0800cb50                WAKEUP_PIN_IRQHandler
                0x0800cb50                DMA1_Stream4_IRQHandler
                0x0800cb50                I2C1_ER_IRQHandler
                0x0800cb50                FMC_IRQHandler
                0x0800cb50                FDCAN_CAL_IRQHandler
                0x0800cb50                SWPMI1_IRQHandler
                0x0800cb50                COMP1_IRQHandler
                0x0800cb50                LPTIM1_IRQHandler
                0x0800cb50                DCMI_PSSI_IRQHandler
                0x0800cb50                I2C4_ER_IRQHandler
                0x0800cb50                DMA2_Stream6_IRQHandler
                0x0800cb50                SAI1_IRQHandler
                0x0800cb50                DMA1_Stream3_IRQHandler
 *fill*         0x0800cb52        0x2 
 .text.HAL_Init
                0x0800cb54       0x78 ./Drivers/STM32H7xx_HAL_Driver/Src/stm32h7xx_hal.o
                0x0800cb54                HAL_Init
 .text.HAL_IncTick
                0x0800cbcc       0x28 ./Drivers/STM32H7xx_HAL_Driver/Src/stm32h7xx_hal.o
                0x0800cbcc                HAL_IncTick
 .text.HAL_GetTick
                0x0800cbf4       0x18 ./Drivers/STM32H7xx_HAL_Driver/Src/stm32h7xx_hal.o
                0x0800cbf4                HAL_GetTick
 .text.HAL_Delay
                0x0800cc0c       0x48 ./Drivers/STM32H7xx_HAL_Driver/Src/stm32h7xx_hal.o
                0x0800cc0c                HAL_Delay
 .text.HAL_SYSCFG_ETHInterfaceSelect
                0x0800cc54       0x28 ./Drivers/STM32H7xx_HAL_Driver/Src/stm32h7xx_hal.o
                0x0800cc54                HAL_SYSCFG_ETHInterfaceSelect
 .text.__NVIC_SetPriorityGrouping
                0x0800cc7c       0x48 ./Drivers/STM32H7xx_HAL_Driver/Src/stm32h7xx_hal_cortex.o
 .text.__NVIC_GetPriorityGrouping
                0x0800ccc4       0x1c ./Drivers/STM32H7xx_HAL_Driver/Src/stm32h7xx_hal_cortex.o
 .text.__NVIC_EnableIRQ
                0x0800cce0       0x3c ./Drivers/STM32H7xx_HAL_Driver/Src/stm32h7xx_hal_cortex.o
 .text.__NVIC_SetPriority
                0x0800cd1c       0x54 ./Drivers/STM32H7xx_HAL_Driver/Src/stm32h7xx_hal_cortex.o
 .text.NVIC_EncodePriority
                0x0800cd70       0x66 ./Drivers/STM32H7xx_HAL_Driver/Src/stm32h7xx_hal_cortex.o
 .text.HAL_NVIC_SetPriorityGrouping
                0x0800cdd6       0x16 ./Drivers/STM32H7xx_HAL_Driver/Src/stm32h7xx_hal_cortex.o
                0x0800cdd6                HAL_NVIC_SetPriorityGrouping
 .text.HAL_NVIC_SetPriority
                0x0800cdec       0x34 ./Drivers/STM32H7xx_HAL_Driver/Src/stm32h7xx_hal_cortex.o
                0x0800cdec                HAL_NVIC_SetPriority
 .text.HAL_NVIC_EnableIRQ
                0x0800ce20       0x1c ./Drivers/STM32H7xx_HAL_Driver/Src/stm32h7xx_hal_cortex.o
                0x0800ce20                HAL_NVIC_EnableIRQ
 .text.HAL_MPU_Disable
                0x0800ce3c       0x30 ./Drivers/STM32H7xx_HAL_Driver/Src/stm32h7xx_hal_cortex.o
                0x0800ce3c                HAL_MPU_Disable
 .text.HAL_MPU_Enable
                0x0800ce6c       0x40 ./Drivers/STM32H7xx_HAL_Driver/Src/stm32h7xx_hal_cortex.o
                0x0800ce6c                HAL_MPU_Enable
 .text.HAL_MPU_ConfigRegion
                0x0800ceac       0x80 ./Drivers/STM32H7xx_HAL_Driver/Src/stm32h7xx_hal_cortex.o
                0x0800ceac                HAL_MPU_ConfigRegion
 .text.HAL_ETH_Init
                0x0800cf2c      0x1fc ./Drivers/STM32H7xx_HAL_Driver/Src/stm32h7xx_hal_eth.o
                0x0800cf2c                HAL_ETH_Init
 .text.HAL_ETH_SetMDIOClockRange
                0x0800d128       0xa0 ./Drivers/STM32H7xx_HAL_Driver/Src/stm32h7xx_hal_eth.o
                0x0800d128                HAL_ETH_SetMDIOClockRange
 .text.ETH_SetMACConfig
                0x0800d1c8      0x238 ./Drivers/STM32H7xx_HAL_Driver/Src/stm32h7xx_hal_eth.o
 .text.ETH_SetDMAConfig
                0x0800d400      0x10c ./Drivers/STM32H7xx_HAL_Driver/Src/stm32h7xx_hal_eth.o
 .text.ETH_MACDMAConfig
                0x0800d50c      0x13a ./Drivers/STM32H7xx_HAL_Driver/Src/stm32h7xx_hal_eth.o
 .text.ETH_DMATxDescListInit
                0x0800d646       0x92 ./Drivers/STM32H7xx_HAL_Driver/Src/stm32h7xx_hal_eth.o
 .text.ETH_DMARxDescListInit
                0x0800d6d8       0xba ./Drivers/STM32H7xx_HAL_Driver/Src/stm32h7xx_hal_eth.o
 *fill*         0x0800d792        0x2 
 .text.HAL_GPIO_Init
                0x0800d794      0x350 ./Drivers/STM32H7xx_HAL_Driver/Src/stm32h7xx_hal_gpio.o
                0x0800d794                HAL_GPIO_Init
 .text.HAL_GPIO_ReadPin
                0x0800dae4       0x30 ./Drivers/STM32H7xx_HAL_Driver/Src/stm32h7xx_hal_gpio.o
                0x0800dae4                HAL_GPIO_ReadPin
 .text.HAL_GPIO_WritePin
                0x0800db14       0x32 ./Drivers/STM32H7xx_HAL_Driver/Src/stm32h7xx_hal_gpio.o
                0x0800db14                HAL_GPIO_WritePin
 .text.HAL_GPIO_TogglePin
                0x0800db46       0x34 ./Drivers/STM32H7xx_HAL_Driver/Src/stm32h7xx_hal_gpio.o
                0x0800db46                HAL_GPIO_TogglePin
 *fill*         0x0800db7a        0x2 
 .text.HAL_PWREx_ConfigSupply
                0x0800db7c       0x74 ./Drivers/STM32H7xx_HAL_Driver/Src/stm32h7xx_hal_pwr_ex.o
                0x0800db7c                HAL_PWREx_ConfigSupply
 .text.HAL_RCC_OscConfig
                0x0800dbf0      0x7b4 ./Drivers/STM32H7xx_HAL_Driver/Src/stm32h7xx_hal_rcc.o
                0x0800dbf0                HAL_RCC_OscConfig
 .text.HAL_RCC_ClockConfig
                0x0800e3a4      0x36c ./Drivers/STM32H7xx_HAL_Driver/Src/stm32h7xx_hal_rcc.o
                0x0800e3a4                HAL_RCC_ClockConfig
 .text.HAL_RCC_GetSysClockFreq
                0x0800e710      0x2f4 ./Drivers/STM32H7xx_HAL_Driver/Src/stm32h7xx_hal_rcc.o
                0x0800e710                HAL_RCC_GetSysClockFreq
 .text.HAL_RCC_GetHCLKFreq
                0x0800ea04       0x60 ./Drivers/STM32H7xx_HAL_Driver/Src/stm32h7xx_hal_rcc.o
                0x0800ea04                HAL_RCC_GetHCLKFreq
 .text.HAL_RCC_GetPCLK1Freq
                0x0800ea64       0x2c ./Drivers/STM32H7xx_HAL_Driver/Src/stm32h7xx_hal_rcc.o
                0x0800ea64                HAL_RCC_GetPCLK1Freq
 .text.HAL_RCC_GetPCLK2Freq
                0x0800ea90       0x2c ./Drivers/STM32H7xx_HAL_Driver/Src/stm32h7xx_hal_rcc.o
                0x0800ea90                HAL_RCC_GetPCLK2Freq
 .text.HAL_RCC_GetClockConfig
                0x0800eabc       0x84 ./Drivers/STM32H7xx_HAL_Driver/Src/stm32h7xx_hal_rcc.o
                0x0800eabc                HAL_RCC_GetClockConfig
 .text.HAL_RCCEx_PeriphCLKConfig
                0x0800eb40     0x1340 ./Drivers/STM32H7xx_HAL_Driver/Src/stm32h7xx_hal_rcc_ex.o
                0x0800eb40                HAL_RCCEx_PeriphCLKConfig
 .text.HAL_RCCEx_GetD3PCLK1Freq
                0x0800fe80       0x2c ./Drivers/STM32H7xx_HAL_Driver/Src/stm32h7xx_hal_rcc_ex.o
                0x0800fe80                HAL_RCCEx_GetD3PCLK1Freq
 .text.HAL_RCCEx_GetPLL2ClockFreq
                0x0800feac      0x2a8 ./Drivers/STM32H7xx_HAL_Driver/Src/stm32h7xx_hal_rcc_ex.o
                0x0800feac                HAL_RCCEx_GetPLL2ClockFreq
 .text.HAL_RCCEx_GetPLL3ClockFreq
                0x08010154      0x2a8 ./Drivers/STM32H7xx_HAL_Driver/Src/stm32h7xx_hal_rcc_ex.o
                0x08010154                HAL_RCCEx_GetPLL3ClockFreq
 .text.RCCEx_PLL2_Config
                0x080103fc      0x164 ./Drivers/STM32H7xx_HAL_Driver/Src/stm32h7xx_hal_rcc_ex.o
 .text.RCCEx_PLL3_Config
                0x08010560      0x164 ./Drivers/STM32H7xx_HAL_Driver/Src/stm32h7xx_hal_rcc_ex.o
 .text.HAL_RNG_Init
                0x080106c4      0x148 ./Drivers/STM32H7xx_HAL_Driver/Src/stm32h7xx_hal_rng.o
                0x080106c4                HAL_RNG_Init
 .text.HAL_RNG_GenerateRandomNumber
                0x0801080c       0xf4 ./Drivers/STM32H7xx_HAL_Driver/Src/stm32h7xx_hal_rng.o
                0x0801080c                HAL_RNG_GenerateRandomNumber
 .text.HAL_RNG_ErrorCallback
                0x08010900       0x14 ./Drivers/STM32H7xx_HAL_Driver/Src/stm32h7xx_hal_rng.o
                0x08010900                HAL_RNG_ErrorCallback
 .text.RNG_RecoverSeedError
                0x08010914      0x102 ./Drivers/STM32H7xx_HAL_Driver/Src/stm32h7xx_hal_rng.o
                0x08010914                RNG_RecoverSeedError
 .text.HAL_TIM_Base_Init
                0x08010a16       0xae ./Drivers/STM32H7xx_HAL_Driver/Src/stm32h7xx_hal_tim.o
                0x08010a16                HAL_TIM_Base_Init
 .text.HAL_TIM_Base_MspInit
                0x08010ac4       0x14 ./Drivers/STM32H7xx_HAL_Driver/Src/stm32h7xx_hal_tim.o
                0x08010ac4                HAL_TIM_Base_MspInit
 .text.HAL_TIM_Base_Start_IT
                0x08010ad8      0x10c ./Drivers/STM32H7xx_HAL_Driver/Src/stm32h7xx_hal_tim.o
                0x08010ad8                HAL_TIM_Base_Start_IT
 .text.HAL_TIM_IRQHandler
                0x08010be4      0x20e ./Drivers/STM32H7xx_HAL_Driver/Src/stm32h7xx_hal_tim.o
                0x08010be4                HAL_TIM_IRQHandler
 .text.HAL_TIM_OC_DelayElapsedCallback
                0x08010df2       0x14 ./Drivers/STM32H7xx_HAL_Driver/Src/stm32h7xx_hal_tim.o
                0x08010df2                HAL_TIM_OC_DelayElapsedCallback
 .text.HAL_TIM_IC_CaptureCallback
                0x08010e06       0x14 ./Drivers/STM32H7xx_HAL_Driver/Src/stm32h7xx_hal_tim.o
                0x08010e06                HAL_TIM_IC_CaptureCallback
 .text.HAL_TIM_PWM_PulseFinishedCallback
                0x08010e1a       0x14 ./Drivers/STM32H7xx_HAL_Driver/Src/stm32h7xx_hal_tim.o
                0x08010e1a                HAL_TIM_PWM_PulseFinishedCallback
 .text.HAL_TIM_TriggerCallback
                0x08010e2e       0x14 ./Drivers/STM32H7xx_HAL_Driver/Src/stm32h7xx_hal_tim.o
                0x08010e2e                HAL_TIM_TriggerCallback
 *fill*         0x08010e42        0x2 
 .text.TIM_Base_SetConfig
                0x08010e44      0x158 ./Drivers/STM32H7xx_HAL_Driver/Src/stm32h7xx_hal_tim.o
                0x08010e44                TIM_Base_SetConfig
 .text.HAL_TIMEx_CommutCallback
                0x08010f9c       0x14 ./Drivers/STM32H7xx_HAL_Driver/Src/stm32h7xx_hal_tim_ex.o
                0x08010f9c                HAL_TIMEx_CommutCallback
 .text.HAL_TIMEx_BreakCallback
                0x08010fb0       0x14 ./Drivers/STM32H7xx_HAL_Driver/Src/stm32h7xx_hal_tim_ex.o
                0x08010fb0                HAL_TIMEx_BreakCallback
 .text.HAL_TIMEx_Break2Callback
                0x08010fc4       0x14 ./Drivers/STM32H7xx_HAL_Driver/Src/stm32h7xx_hal_tim_ex.o
                0x08010fc4                HAL_TIMEx_Break2Callback
 .text.HAL_UART_Init
                0x08010fd8       0xa0 ./Drivers/STM32H7xx_HAL_Driver/Src/stm32h7xx_hal_uart.o
                0x08010fd8                HAL_UART_Init
 .text.HAL_UART_Transmit
                0x08011078      0x11c ./Drivers/STM32H7xx_HAL_Driver/Src/stm32h7xx_hal_uart.o
                0x08011078                HAL_UART_Transmit
 .text.UART_SetConfig
                0x08011194      0xcd8 ./Drivers/STM32H7xx_HAL_Driver/Src/stm32h7xx_hal_uart.o
                0x08011194                UART_SetConfig
 .text.UART_AdvFeatureConfig
                0x08011e6c      0x144 ./Drivers/STM32H7xx_HAL_Driver/Src/stm32h7xx_hal_uart.o
                0x08011e6c                UART_AdvFeatureConfig
 .text.UART_CheckIdleState
                0x08011fb0      0x154 ./Drivers/STM32H7xx_HAL_Driver/Src/stm32h7xx_hal_uart.o
                0x08011fb0                UART_CheckIdleState
 .text.UART_WaitOnFlagUntilTimeout
                0x08012104       0xda ./Drivers/STM32H7xx_HAL_Driver/Src/stm32h7xx_hal_uart.o
                0x08012104                UART_WaitOnFlagUntilTimeout
 *fill*         0x080121de        0x2 
 .text.UART_EndRxTransfer
                0x080121e0       0xcc ./Drivers/STM32H7xx_HAL_Driver/Src/stm32h7xx_hal_uart.o
 .text.HAL_UARTEx_DisableFifoMode
                0x080122ac       0x72 ./Drivers/STM32H7xx_HAL_Driver/Src/stm32h7xx_hal_uart_ex.o
                0x080122ac                HAL_UARTEx_DisableFifoMode
 .text.HAL_UARTEx_SetTxFifoThreshold
                0x0801231e       0x7c ./Drivers/STM32H7xx_HAL_Driver/Src/stm32h7xx_hal_uart_ex.o
                0x0801231e                HAL_UARTEx_SetTxFifoThreshold
 .text.HAL_UARTEx_SetRxFifoThreshold
                0x0801239a       0x7c ./Drivers/STM32H7xx_HAL_Driver/Src/stm32h7xx_hal_uart_ex.o
                0x0801239a                HAL_UARTEx_SetRxFifoThreshold
 *fill*         0x08012416        0x2 
 .text.UARTEx_SetNbDataToProcess
                0x08012418       0x9c ./Drivers/STM32H7xx_HAL_Driver/Src/stm32h7xx_hal_uart_ex.o
 .text.__NVIC_SetPriority
                0x080124b4       0x54 ./Middlewares/Third_Party/FreeRTOS/Source/CMSIS_RTOS_V2/cmsis_os2.o
 .text.SysTick_Handler
                0x08012508       0x20 ./Middlewares/Third_Party/FreeRTOS/Source/CMSIS_RTOS_V2/cmsis_os2.o
                0x08012508                SysTick_Handler
 .text.SVC_Setup
                0x08012528       0x12 ./Middlewares/Third_Party/FreeRTOS/Source/CMSIS_RTOS_V2/cmsis_os2.o
 *fill*         0x0801253a        0x2 
 .text.osKernelInitialize
                0x0801253c       0x48 ./Middlewares/Third_Party/FreeRTOS/Source/CMSIS_RTOS_V2/cmsis_os2.o
                0x0801253c                osKernelInitialize
 .text.osKernelStart
                0x08012584       0x4c ./Middlewares/Third_Party/FreeRTOS/Source/CMSIS_RTOS_V2/cmsis_os2.o
                0x08012584                osKernelStart
 .text.osThreadNew
                0x080125d0      0x124 ./Middlewares/Third_Party/FreeRTOS/Source/CMSIS_RTOS_V2/cmsis_os2.o
                0x080125d0                osThreadNew
 .text.osDelay  0x080126f4       0x36 ./Middlewares/Third_Party/FreeRTOS/Source/CMSIS_RTOS_V2/cmsis_os2.o
                0x080126f4                osDelay
 *fill*         0x0801272a        0x2 
 .text.vApplicationGetIdleTaskMemory
                0x0801272c       0x34 ./Middlewares/Third_Party/FreeRTOS/Source/CMSIS_RTOS_V2/cmsis_os2.o
                0x0801272c                vApplicationGetIdleTaskMemory
 .text.vApplicationGetTimerTaskMemory
                0x08012760       0x34 ./Middlewares/Third_Party/FreeRTOS/Source/CMSIS_RTOS_V2/cmsis_os2.o
                0x08012760                vApplicationGetTimerTaskMemory
 .text.vListInitialise
                0x08012794       0x40 ./Middlewares/Third_Party/FreeRTOS/Source/list.o
                0x08012794                vListInitialise
 .text.vListInitialiseItem
                0x080127d4       0x1a ./Middlewares/Third_Party/FreeRTOS/Source/list.o
                0x080127d4                vListInitialiseItem
 .text.vListInsertEnd
                0x080127ee       0x48 ./Middlewares/Third_Party/FreeRTOS/Source/list.o
                0x080127ee                vListInsertEnd
 .text.vListInsert
                0x08012836       0x72 ./Middlewares/Third_Party/FreeRTOS/Source/list.o
                0x08012836                vListInsert
 .text.uxListRemove
                0x080128a8       0x54 ./Middlewares/Third_Party/FreeRTOS/Source/list.o
                0x080128a8                uxListRemove
 .text.xQueueGenericReset
                0x080128fc       0xd4 ./Middlewares/Third_Party/FreeRTOS/Source/queue.o
                0x080128fc                xQueueGenericReset
 .text.xQueueGenericCreateStatic
                0x080129d0       0xfa ./Middlewares/Third_Party/FreeRTOS/Source/queue.o
                0x080129d0                xQueueGenericCreateStatic
 .text.prvInitialiseNewQueue
                0x08012aca       0x46 ./Middlewares/Third_Party/FreeRTOS/Source/queue.o
 .text.xQueueGenericSend
                0x08012b10      0x204 ./Middlewares/Third_Party/FreeRTOS/Source/queue.o
                0x08012b10                xQueueGenericSend
 .text.xQueueGenericSendFromISR
                0x08012d14      0x13c ./Middlewares/Third_Party/FreeRTOS/Source/queue.o
                0x08012d14                xQueueGenericSendFromISR
 .text.xQueueReceive
                0x08012e50      0x1c4 ./Middlewares/Third_Party/FreeRTOS/Source/queue.o
                0x08012e50                xQueueReceive
 .text.prvCopyDataToQueue
                0x08013014       0xd4 ./Middlewares/Third_Party/FreeRTOS/Source/queue.o
 .text.prvCopyDataFromQueue
                0x080130e8       0x4c ./Middlewares/Third_Party/FreeRTOS/Source/queue.o
 .text.prvUnlockQueue
                0x08013134       0xa4 ./Middlewares/Third_Party/FreeRTOS/Source/queue.o
 .text.prvIsQueueEmpty
                0x080131d8       0x2c ./Middlewares/Third_Party/FreeRTOS/Source/queue.o
 .text.prvIsQueueFull
                0x08013204       0x30 ./Middlewares/Third_Party/FreeRTOS/Source/queue.o
 .text.vQueueAddToRegistry
                0x08013234       0x54 ./Middlewares/Third_Party/FreeRTOS/Source/queue.o
                0x08013234                vQueueAddToRegistry
 .text.vQueueWaitForMessageRestricted
                0x08013288       0x68 ./Middlewares/Third_Party/FreeRTOS/Source/queue.o
                0x08013288                vQueueWaitForMessageRestricted
 .text.xTaskCreateStatic
                0x080132f0       0xc0 ./Middlewares/Third_Party/FreeRTOS/Source/tasks.o
                0x080132f0                xTaskCreateStatic
 .text.xTaskCreate
                0x080133b0       0x8a ./Middlewares/Third_Party/FreeRTOS/Source/tasks.o
                0x080133b0                xTaskCreate
 *fill*         0x0801343a        0x2 
 .text.prvInitialiseNewTask
                0x0801343c      0x150 ./Middlewares/Third_Party/FreeRTOS/Source/tasks.o
 .text.prvAddNewTaskToReadyList
                0x0801358c       0xe0 ./Middlewares/Third_Party/FreeRTOS/Source/tasks.o
 .text.vTaskDelay
                0x0801366c       0x6c ./Middlewares/Third_Party/FreeRTOS/Source/tasks.o
                0x0801366c                vTaskDelay
 .text.vTaskStartScheduler
                0x080136d8       0xe0 ./Middlewares/Third_Party/FreeRTOS/Source/tasks.o
                0x080136d8                vTaskStartScheduler
 .text.vTaskSuspendAll
                0x080137b8       0x1c ./Middlewares/Third_Party/FreeRTOS/Source/tasks.o
                0x080137b8                vTaskSuspendAll
 .text.xTaskResumeAll
                0x080137d4      0x13c ./Middlewares/Third_Party/FreeRTOS/Source/tasks.o
                0x080137d4                xTaskResumeAll
 .text.xTaskGetTickCount
                0x08013910       0x20 ./Middlewares/Third_Party/FreeRTOS/Source/tasks.o
                0x08013910                xTaskGetTickCount
 .text.xTaskIncrementTick
                0x08013930      0x174 ./Middlewares/Third_Party/FreeRTOS/Source/tasks.o
                0x08013930                xTaskIncrementTick
 .text.vTaskSwitchContext
                0x08013aa4       0xcc ./Middlewares/Third_Party/FreeRTOS/Source/tasks.o
                0x08013aa4                vTaskSwitchContext
 .text.vTaskPlaceOnEventList
                0x08013b70       0x4c ./Middlewares/Third_Party/FreeRTOS/Source/tasks.o
                0x08013b70                vTaskPlaceOnEventList
 .text.vTaskPlaceOnEventListRestricted
                0x08013bbc       0x58 ./Middlewares/Third_Party/FreeRTOS/Source/tasks.o
                0x08013bbc                vTaskPlaceOnEventListRestricted
 .text.xTaskRemoveFromEventList
                0x08013c14       0xc8 ./Middlewares/Third_Party/FreeRTOS/Source/tasks.o
                0x08013c14                xTaskRemoveFromEventList
 .text.vTaskInternalSetTimeOutState
                0x08013cdc       0x2c ./Middlewares/Third_Party/FreeRTOS/Source/tasks.o
                0x08013cdc                vTaskInternalSetTimeOutState
 .text.xTaskCheckForTimeOut
                0x08013d08       0xc8 ./Middlewares/Third_Party/FreeRTOS/Source/tasks.o
                0x08013d08                xTaskCheckForTimeOut
 .text.vTaskMissedYield
                0x08013dd0       0x18 ./Middlewares/Third_Party/FreeRTOS/Source/tasks.o
                0x08013dd0                vTaskMissedYield
 .text.prvIdleTask
                0x08013de8       0x30 ./Middlewares/Third_Party/FreeRTOS/Source/tasks.o
 .text.prvInitialiseTaskLists
                0x08013e18       0x80 ./Middlewares/Third_Party/FreeRTOS/Source/tasks.o
 .text.prvCheckTasksWaitingTermination
                0x08013e98       0x5c ./Middlewares/Third_Party/FreeRTOS/Source/tasks.o
 .text.prvDeleteTCB
                0x08013ef4       0x6a ./Middlewares/Third_Party/FreeRTOS/Source/tasks.o
 *fill*         0x08013f5e        0x2 
 .text.prvResetNextTaskUnblockTime
                0x08013f60       0x40 ./Middlewares/Third_Party/FreeRTOS/Source/tasks.o
 .text.xTaskGetSchedulerState
                0x08013fa0       0x3c ./Middlewares/Third_Party/FreeRTOS/Source/tasks.o
                0x08013fa0                xTaskGetSchedulerState
 .text.xTaskPriorityDisinherit
                0x08013fdc       0xe0 ./Middlewares/Third_Party/FreeRTOS/Source/tasks.o
                0x08013fdc                xTaskPriorityDisinherit
 .text.prvAddCurrentTaskToDelayedList
                0x080140bc       0xa8 ./Middlewares/Third_Party/FreeRTOS/Source/tasks.o
 .text.xTimerCreateTimerTask
                0x08014164       0x94 ./Middlewares/Third_Party/FreeRTOS/Source/timers.o
                0x08014164                xTimerCreateTimerTask
 .text.xTimerGenericCommand
                0x080141f8       0x9c ./Middlewares/Third_Party/FreeRTOS/Source/timers.o
                0x080141f8                xTimerGenericCommand
 .text.prvProcessExpiredTimer
                0x08014294       0x9c ./Middlewares/Third_Party/FreeRTOS/Source/timers.o
 .text.prvTimerTask
                0x08014330       0x26 ./Middlewares/Third_Party/FreeRTOS/Source/timers.o
 *fill*         0x08014356        0x2 
 .text.prvProcessTimerOrBlockTask
                0x08014358       0x9c ./Middlewares/Third_Party/FreeRTOS/Source/timers.o
 .text.prvGetNextExpireTime
                0x080143f4       0x48 ./Middlewares/Third_Party/FreeRTOS/Source/timers.o
 .text.prvSampleTimeNow
                0x0801443c       0x40 ./Middlewares/Third_Party/FreeRTOS/Source/timers.o
 .text.prvInsertTimerInActiveList
                0x0801447c       0x84 ./Middlewares/Third_Party/FreeRTOS/Source/timers.o
 .text.prvProcessReceivedCommands
                0x08014500      0x1cc ./Middlewares/Third_Party/FreeRTOS/Source/timers.o
 .text.prvSwitchTimerLists
                0x080146cc       0xcc ./Middlewares/Third_Party/FreeRTOS/Source/timers.o
 .text.prvCheckForValidListAndQueue
                0x08014798       0x80 ./Middlewares/Third_Party/FreeRTOS/Source/timers.o
 .text.pxPortInitialiseStack
                0x08014818       0x68 ./Middlewares/Third_Party/FreeRTOS/Source/portable/GCC/ARM_CM4F/port.o
                0x08014818                pxPortInitialiseStack
 .text.prvTaskExitError
                0x08014880       0x5c ./Middlewares/Third_Party/FreeRTOS/Source/portable/GCC/ARM_CM4F/port.o
 *fill*         0x080148dc        0x4 
 .text.SVC_Handler
                0x080148e0       0x28 ./Middlewares/Third_Party/FreeRTOS/Source/portable/GCC/ARM_CM4F/port.o
                0x080148e0                SVC_Handler
 .text.prvPortStartFirstTask
                0x08014908       0x28 ./Middlewares/Third_Party/FreeRTOS/Source/portable/GCC/ARM_CM4F/port.o
 .text.xPortStartScheduler
                0x08014930      0x148 ./Middlewares/Third_Party/FreeRTOS/Source/portable/GCC/ARM_CM4F/port.o
                0x08014930                xPortStartScheduler
 .text.vPortEnterCritical
                0x08014a78       0x64 ./Middlewares/Third_Party/FreeRTOS/Source/portable/GCC/ARM_CM4F/port.o
                0x08014a78                vPortEnterCritical
 .text.vPortExitCritical
                0x08014adc       0x54 ./Middlewares/Third_Party/FreeRTOS/Source/portable/GCC/ARM_CM4F/port.o
                0x08014adc                vPortExitCritical
 .text.PendSV_Handler
                0x08014b30       0x68 ./Middlewares/Third_Party/FreeRTOS/Source/portable/GCC/ARM_CM4F/port.o
                0x08014b30                PendSV_Handler
 .text.xPortSysTickHandler
                0x08014b98       0x44 ./Middlewares/Third_Party/FreeRTOS/Source/portable/GCC/ARM_CM4F/port.o
                0x08014b98                xPortSysTickHandler
 .text.vPortSetupTimerInterrupt
                0x08014bdc       0x48 ./Middlewares/Third_Party/FreeRTOS/Source/portable/GCC/ARM_CM4F/port.o
                0x08014bdc                vPortSetupTimerInterrupt
 .text.vPortEnableVFP
                0x08014c24       0x14 ./Middlewares/Third_Party/FreeRTOS/Source/portable/GCC/ARM_CM4F/port.o
 .text.vPortValidateInterruptPriority
                0x08014c38       0x84 ./Middlewares/Third_Party/FreeRTOS/Source/portable/GCC/ARM_CM4F/port.o
                0x08014c38                vPortValidateInterruptPriority
 .text.pvPortMalloc
                0x08014cbc      0x19c ./Middlewares/Third_Party/FreeRTOS/Source/portable/MemMang/heap_4.o
                0x08014cbc                pvPortMalloc
 .text.vPortFree
                0x08014e58       0xc8 ./Middlewares/Third_Party/FreeRTOS/Source/portable/MemMang/heap_4.o
                0x08014e58                vPortFree
 .text.xPortGetFreeHeapSize
                0x08014f20       0x18 ./Middlewares/Third_Party/FreeRTOS/Source/portable/MemMang/heap_4.o
                0x08014f20                xPortGetFreeHeapSize
 .text.prvHeapInit
                0x08014f38       0xc4 ./Middlewares/Third_Party/FreeRTOS/Source/portable/MemMang/heap_4.o
 .text.prvInsertBlockIntoFreeList
                0x08014ffc       0xb4 ./Middlewares/Third_Party/FreeRTOS/Source/portable/MemMang/heap_4.o
 .text.__assert_func
                0x080150b0       0x3c C:/ST/STM32CubeIDE_1.17.0/STM32CubeIDE/plugins/com.st.stm32cube.ide.mcu.externaltools.gnu-tools-for-stm32.12.3.rel1.win32_1.1.0.202410251130/tools/bin/../lib/gcc/arm-none-eabi/12.3.1/../../../../arm-none-eabi/lib/thumb/v7e-m+dp/hard\libc_nano.a(libc_a-assert.o)
                0x080150b0                __assert_func
 .text.atoi     0x080150ec        0x8 C:/ST/STM32CubeIDE_1.17.0/STM32CubeIDE/plugins/com.st.stm32cube.ide.mcu.externaltools.gnu-tools-for-stm32.12.3.rel1.win32_1.1.0.202410251130/tools/bin/../lib/gcc/arm-none-eabi/12.3.1/../../../../arm-none-eabi/lib/thumb/v7e-m+dp/hard\libc_nano.a(libc_a-atoi.o)
                0x080150ec                atoi
 .text.calloc   0x080150f4       0x10 C:/ST/STM32CubeIDE_1.17.0/STM32CubeIDE/plugins/com.st.stm32cube.ide.mcu.externaltools.gnu-tools-for-stm32.12.3.rel1.win32_1.1.0.202410251130/tools/bin/../lib/gcc/arm-none-eabi/12.3.1/../../../../arm-none-eabi/lib/thumb/v7e-m+dp/hard\libc_nano.a(libc_a-calloc.o)
                0x080150f4                calloc
 .text._calloc_r
                0x08015104       0x28 C:/ST/STM32CubeIDE_1.17.0/STM32CubeIDE/plugins/com.st.stm32cube.ide.mcu.externaltools.gnu-tools-for-stm32.12.3.rel1.win32_1.1.0.202410251130/tools/bin/../lib/gcc/arm-none-eabi/12.3.1/../../../../arm-none-eabi/lib/thumb/v7e-m+dp/hard\libc_nano.a(libc_a-callocr.o)
                0x08015104                _calloc_r
 .text.malloc   0x0801512c       0x10 C:/ST/STM32CubeIDE_1.17.0/STM32CubeIDE/plugins/com.st.stm32cube.ide.mcu.externaltools.gnu-tools-for-stm32.12.3.rel1.win32_1.1.0.202410251130/tools/bin/../lib/gcc/arm-none-eabi/12.3.1/../../../../arm-none-eabi/lib/thumb/v7e-m+dp/hard\libc_nano.a(libc_a-malloc.o)
                0x0801512c                malloc
 .text.free     0x0801513c       0x10 C:/ST/STM32CubeIDE_1.17.0/STM32CubeIDE/plugins/com.st.stm32cube.ide.mcu.externaltools.gnu-tools-for-stm32.12.3.rel1.win32_1.1.0.202410251130/tools/bin/../lib/gcc/arm-none-eabi/12.3.1/../../../../arm-none-eabi/lib/thumb/v7e-m+dp/hard\libc_nano.a(libc_a-malloc.o)
                0x0801513c                free
 .text.sbrk_aligned
                0x0801514c       0x44 C:/ST/STM32CubeIDE_1.17.0/STM32CubeIDE/plugins/com.st.stm32cube.ide.mcu.externaltools.gnu-tools-for-stm32.12.3.rel1.win32_1.1.0.202410251130/tools/bin/../lib/gcc/arm-none-eabi/12.3.1/../../../../arm-none-eabi/lib/thumb/v7e-m+dp/hard\libc_nano.a(libc_a-mallocr.o)
 .text._malloc_r
                0x08015190      0x100 C:/ST/STM32CubeIDE_1.17.0/STM32CubeIDE/plugins/com.st.stm32cube.ide.mcu.externaltools.gnu-tools-for-stm32.12.3.rel1.win32_1.1.0.202410251130/tools/bin/../lib/gcc/arm-none-eabi/12.3.1/../../../../arm-none-eabi/lib/thumb/v7e-m+dp/hard\libc_nano.a(libc_a-mallocr.o)
                0x08015190                _malloc_r
 .text.__malloc_lock
                0x08015290        0xc C:/ST/STM32CubeIDE_1.17.0/STM32CubeIDE/plugins/com.st.stm32cube.ide.mcu.externaltools.gnu-tools-for-stm32.12.3.rel1.win32_1.1.0.202410251130/tools/bin/../lib/gcc/arm-none-eabi/12.3.1/../../../../arm-none-eabi/lib/thumb/v7e-m+dp/hard\libc_nano.a(libc_a-mlock.o)
                0x08015290                __malloc_lock
 .text.__malloc_unlock
                0x0801529c        0xc C:/ST/STM32CubeIDE_1.17.0/STM32CubeIDE/plugins/com.st.stm32cube.ide.mcu.externaltools.gnu-tools-for-stm32.12.3.rel1.win32_1.1.0.202410251130/tools/bin/../lib/gcc/arm-none-eabi/12.3.1/../../../../arm-none-eabi/lib/thumb/v7e-m+dp/hard\libc_nano.a(libc_a-mlock.o)
                0x0801529c                __malloc_unlock
 .text.srand    0x080152a8       0x5c C:/ST/STM32CubeIDE_1.17.0/STM32CubeIDE/plugins/com.st.stm32cube.ide.mcu.externaltools.gnu-tools-for-stm32.12.3.rel1.win32_1.1.0.202410251130/tools/bin/../lib/gcc/arm-none-eabi/12.3.1/../../../../arm-none-eabi/lib/thumb/v7e-m+dp/hard\libc_nano.a(libc_a-rand.o)
                0x080152a8                srand
 .text._strtol_l.constprop.0
                0x08015304       0xf4 C:/ST/STM32CubeIDE_1.17.0/STM32CubeIDE/plugins/com.st.stm32cube.ide.mcu.externaltools.gnu-tools-for-stm32.12.3.rel1.win32_1.1.0.202410251130/tools/bin/../lib/gcc/arm-none-eabi/12.3.1/../../../../arm-none-eabi/lib/thumb/v7e-m+dp/hard\libc_nano.a(libc_a-strtol.o)
 .text.strtol   0x080153f8       0x14 C:/ST/STM32CubeIDE_1.17.0/STM32CubeIDE/plugins/com.st.stm32cube.ide.mcu.externaltools.gnu-tools-for-stm32.12.3.rel1.win32_1.1.0.202410251130/tools/bin/../lib/gcc/arm-none-eabi/12.3.1/../../../../arm-none-eabi/lib/thumb/v7e-m+dp/hard\libc_nano.a(libc_a-strtol.o)
                0x080153f8                strtol
 .text.std      0x0801540c       0x6c C:/ST/STM32CubeIDE_1.17.0/STM32CubeIDE/plugins/com.st.stm32cube.ide.mcu.externaltools.gnu-tools-for-stm32.12.3.rel1.win32_1.1.0.202410251130/tools/bin/../lib/gcc/arm-none-eabi/12.3.1/../../../../arm-none-eabi/lib/thumb/v7e-m+dp/hard\libc_nano.a(libc_a-findfp.o)
 .text.stdio_exit_handler
                0x08015478       0x18 C:/ST/STM32CubeIDE_1.17.0/STM32CubeIDE/plugins/com.st.stm32cube.ide.mcu.externaltools.gnu-tools-for-stm32.12.3.rel1.win32_1.1.0.202410251130/tools/bin/../lib/gcc/arm-none-eabi/12.3.1/../../../../arm-none-eabi/lib/thumb/v7e-m+dp/hard\libc_nano.a(libc_a-findfp.o)
 .text.cleanup_stdio
                0x08015490       0x40 C:/ST/STM32CubeIDE_1.17.0/STM32CubeIDE/plugins/com.st.stm32cube.ide.mcu.externaltools.gnu-tools-for-stm32.12.3.rel1.win32_1.1.0.202410251130/tools/bin/../lib/gcc/arm-none-eabi/12.3.1/../../../../arm-none-eabi/lib/thumb/v7e-m+dp/hard\libc_nano.a(libc_a-findfp.o)
 .text.global_stdio_init.part.0
                0x080154d0       0x3c C:/ST/STM32CubeIDE_1.17.0/STM32CubeIDE/plugins/com.st.stm32cube.ide.mcu.externaltools.gnu-tools-for-stm32.12.3.rel1.win32_1.1.0.202410251130/tools/bin/../lib/gcc/arm-none-eabi/12.3.1/../../../../arm-none-eabi/lib/thumb/v7e-m+dp/hard\libc_nano.a(libc_a-findfp.o)
 .text.__sfp_lock_acquire
                0x0801550c        0xc C:/ST/STM32CubeIDE_1.17.0/STM32CubeIDE/plugins/com.st.stm32cube.ide.mcu.externaltools.gnu-tools-for-stm32.12.3.rel1.win32_1.1.0.202410251130/tools/bin/../lib/gcc/arm-none-eabi/12.3.1/../../../../arm-none-eabi/lib/thumb/v7e-m+dp/hard\libc_nano.a(libc_a-findfp.o)
                0x0801550c                __sfp_lock_acquire
 .text.__sfp_lock_release
                0x08015518        0xc C:/ST/STM32CubeIDE_1.17.0/STM32CubeIDE/plugins/com.st.stm32cube.ide.mcu.externaltools.gnu-tools-for-stm32.12.3.rel1.win32_1.1.0.202410251130/tools/bin/../lib/gcc/arm-none-eabi/12.3.1/../../../../arm-none-eabi/lib/thumb/v7e-m+dp/hard\libc_nano.a(libc_a-findfp.o)
                0x08015518                __sfp_lock_release
 .text.__sinit  0x08015524       0x30 C:/ST/STM32CubeIDE_1.17.0/STM32CubeIDE/plugins/com.st.stm32cube.ide.mcu.externaltools.gnu-tools-for-stm32.12.3.rel1.win32_1.1.0.202410251130/tools/bin/../lib/gcc/arm-none-eabi/12.3.1/../../../../arm-none-eabi/lib/thumb/v7e-m+dp/hard\libc_nano.a(libc_a-findfp.o)
                0x08015524                __sinit
 .text.fprintf  0x08015554       0x24 C:/ST/STM32CubeIDE_1.17.0/STM32CubeIDE/plugins/com.st.stm32cube.ide.mcu.externaltools.gnu-tools-for-stm32.12.3.rel1.win32_1.1.0.202410251130/tools/bin/../lib/gcc/arm-none-eabi/12.3.1/../../../../arm-none-eabi/lib/thumb/v7e-m+dp/hard\libc_nano.a(libc_a-fprintf.o)
                0x08015554                fiprintf
                0x08015554                fprintf
 .text._fwalk_sglue
                0x08015578       0x3c C:/ST/STM32CubeIDE_1.17.0/STM32CubeIDE/plugins/com.st.stm32cube.ide.mcu.externaltools.gnu-tools-for-stm32.12.3.rel1.win32_1.1.0.202410251130/tools/bin/../lib/gcc/arm-none-eabi/12.3.1/../../../../arm-none-eabi/lib/thumb/v7e-m+dp/hard\libc_nano.a(libc_a-fwalk.o)
                0x08015578                _fwalk_sglue
 .text.printf   0x080155b4       0x24 C:/ST/STM32CubeIDE_1.17.0/STM32CubeIDE/plugins/com.st.stm32cube.ide.mcu.externaltools.gnu-tools-for-stm32.12.3.rel1.win32_1.1.0.202410251130/tools/bin/../lib/gcc/arm-none-eabi/12.3.1/../../../../arm-none-eabi/lib/thumb/v7e-m+dp/hard\libc_nano.a(libc_a-printf.o)
                0x080155b4                iprintf
                0x080155b4                printf
 .text.putchar  0x080155d8       0x10 C:/ST/STM32CubeIDE_1.17.0/STM32CubeIDE/plugins/com.st.stm32cube.ide.mcu.externaltools.gnu-tools-for-stm32.12.3.rel1.win32_1.1.0.202410251130/tools/bin/../lib/gcc/arm-none-eabi/12.3.1/../../../../arm-none-eabi/lib/thumb/v7e-m+dp/hard\libc_nano.a(libc_a-putchar.o)
                0x080155d8                putchar
 .text._puts_r  0x080155e8       0xaa C:/ST/STM32CubeIDE_1.17.0/STM32CubeIDE/plugins/com.st.stm32cube.ide.mcu.externaltools.gnu-tools-for-stm32.12.3.rel1.win32_1.1.0.202410251130/tools/bin/../lib/gcc/arm-none-eabi/12.3.1/../../../../arm-none-eabi/lib/thumb/v7e-m+dp/hard\libc_nano.a(libc_a-puts.o)
                0x080155e8                _puts_r
 *fill*         0x08015692        0x2 
 .text.puts     0x08015694       0x10 C:/ST/STM32CubeIDE_1.17.0/STM32CubeIDE/plugins/com.st.stm32cube.ide.mcu.externaltools.gnu-tools-for-stm32.12.3.rel1.win32_1.1.0.202410251130/tools/bin/../lib/gcc/arm-none-eabi/12.3.1/../../../../arm-none-eabi/lib/thumb/v7e-m+dp/hard\libc_nano.a(libc_a-puts.o)
                0x08015694                puts
 .text.snprintf
                0x080156a4       0x68 C:/ST/STM32CubeIDE_1.17.0/STM32CubeIDE/plugins/com.st.stm32cube.ide.mcu.externaltools.gnu-tools-for-stm32.12.3.rel1.win32_1.1.0.202410251130/tools/bin/../lib/gcc/arm-none-eabi/12.3.1/../../../../arm-none-eabi/lib/thumb/v7e-m+dp/hard\libc_nano.a(libc_a-snprintf.o)
                0x080156a4                sniprintf
                0x080156a4                snprintf
 .text.__sread  0x0801570c       0x22 C:/ST/STM32CubeIDE_1.17.0/STM32CubeIDE/plugins/com.st.stm32cube.ide.mcu.externaltools.gnu-tools-for-stm32.12.3.rel1.win32_1.1.0.202410251130/tools/bin/../lib/gcc/arm-none-eabi/12.3.1/../../../../arm-none-eabi/lib/thumb/v7e-m+dp/hard\libc_nano.a(libc_a-stdio.o)
                0x0801570c                __sread
 .text.__swrite
                0x0801572e       0x38 C:/ST/STM32CubeIDE_1.17.0/STM32CubeIDE/plugins/com.st.stm32cube.ide.mcu.externaltools.gnu-tools-for-stm32.12.3.rel1.win32_1.1.0.202410251130/tools/bin/../lib/gcc/arm-none-eabi/12.3.1/../../../../arm-none-eabi/lib/thumb/v7e-m+dp/hard\libc_nano.a(libc_a-stdio.o)
                0x0801572e                __swrite
 .text.__sseek  0x08015766       0x24 C:/ST/STM32CubeIDE_1.17.0/STM32CubeIDE/plugins/com.st.stm32cube.ide.mcu.externaltools.gnu-tools-for-stm32.12.3.rel1.win32_1.1.0.202410251130/tools/bin/../lib/gcc/arm-none-eabi/12.3.1/../../../../arm-none-eabi/lib/thumb/v7e-m+dp/hard\libc_nano.a(libc_a-stdio.o)
                0x08015766                __sseek
 .text.__sclose
                0x0801578a        0x8 C:/ST/STM32CubeIDE_1.17.0/STM32CubeIDE/plugins/com.st.stm32cube.ide.mcu.externaltools.gnu-tools-for-stm32.12.3.rel1.win32_1.1.0.202410251130/tools/bin/../lib/gcc/arm-none-eabi/12.3.1/../../../../arm-none-eabi/lib/thumb/v7e-m+dp/hard\libc_nano.a(libc_a-stdio.o)
                0x0801578a                __sclose
 .text.__swbuf_r
                0x08015792       0x7c C:/ST/STM32CubeIDE_1.17.0/STM32CubeIDE/plugins/com.st.stm32cube.ide.mcu.externaltools.gnu-tools-for-stm32.12.3.rel1.win32_1.1.0.202410251130/tools/bin/../lib/gcc/arm-none-eabi/12.3.1/../../../../arm-none-eabi/lib/thumb/v7e-m+dp/hard\libc_nano.a(libc_a-wbuf.o)
                0x08015792                __swbuf_r
 *fill*         0x0801580e        0x2 
 .text.__swsetup_r
                0x08015810       0xac C:/ST/STM32CubeIDE_1.17.0/STM32CubeIDE/plugins/com.st.stm32cube.ide.mcu.externaltools.gnu-tools-for-stm32.12.3.rel1.win32_1.1.0.202410251130/tools/bin/../lib/gcc/arm-none-eabi/12.3.1/../../../../arm-none-eabi/lib/thumb/v7e-m+dp/hard\libc_nano.a(libc_a-wsetup.o)
                0x08015810                __swsetup_r
 .text.memcmp   0x080158bc       0x20 C:/ST/STM32CubeIDE_1.17.0/STM32CubeIDE/plugins/com.st.stm32cube.ide.mcu.externaltools.gnu-tools-for-stm32.12.3.rel1.win32_1.1.0.202410251130/tools/bin/../lib/gcc/arm-none-eabi/12.3.1/../../../../arm-none-eabi/lib/thumb/v7e-m+dp/hard\libc_nano.a(libc_a-memcmp.o)
                0x080158bc                memcmp
 .text.memmove  0x080158dc       0x34 C:/ST/STM32CubeIDE_1.17.0/STM32CubeIDE/plugins/com.st.stm32cube.ide.mcu.externaltools.gnu-tools-for-stm32.12.3.rel1.win32_1.1.0.202410251130/tools/bin/../lib/gcc/arm-none-eabi/12.3.1/../../../../arm-none-eabi/lib/thumb/v7e-m+dp/hard\libc_nano.a(libc_a-memmove.o)
                0x080158dc                memmove
 .text.memset   0x08015910       0x10 C:/ST/STM32CubeIDE_1.17.0/STM32CubeIDE/plugins/com.st.stm32cube.ide.mcu.externaltools.gnu-tools-for-stm32.12.3.rel1.win32_1.1.0.202410251130/tools/bin/../lib/gcc/arm-none-eabi/12.3.1/../../../../arm-none-eabi/lib/thumb/v7e-m+dp/hard\libc_nano.a(libc_a-memset.o)
                0x08015910                memset
 .text.strchr   0x08015920       0x1a C:/ST/STM32CubeIDE_1.17.0/STM32CubeIDE/plugins/com.st.stm32cube.ide.mcu.externaltools.gnu-tools-for-stm32.12.3.rel1.win32_1.1.0.202410251130/tools/bin/../lib/gcc/arm-none-eabi/12.3.1/../../../../arm-none-eabi/lib/thumb/v7e-m+dp/hard\libc_nano.a(libc_a-strchr.o)
                0x08015920                strchr
 .text.strncmp  0x0801593a       0x24 C:/ST/STM32CubeIDE_1.17.0/STM32CubeIDE/plugins/com.st.stm32cube.ide.mcu.externaltools.gnu-tools-for-stm32.12.3.rel1.win32_1.1.0.202410251130/tools/bin/../lib/gcc/arm-none-eabi/12.3.1/../../../../arm-none-eabi/lib/thumb/v7e-m+dp/hard\libc_nano.a(libc_a-strncmp.o)
                0x0801593a                strncmp
 .text.strrchr  0x0801595e       0x2c C:/ST/STM32CubeIDE_1.17.0/STM32CubeIDE/plugins/com.st.stm32cube.ide.mcu.externaltools.gnu-tools-for-stm32.12.3.rel1.win32_1.1.0.202410251130/tools/bin/../lib/gcc/arm-none-eabi/12.3.1/../../../../arm-none-eabi/lib/thumb/v7e-m+dp/hard\libc_nano.a(libc_a-strrchr.o)
                0x0801595e                strrchr
 .text.strstr   0x0801598a       0x2c C:/ST/STM32CubeIDE_1.17.0/STM32CubeIDE/plugins/com.st.stm32cube.ide.mcu.externaltools.gnu-tools-for-stm32.12.3.rel1.win32_1.1.0.202410251130/tools/bin/../lib/gcc/arm-none-eabi/12.3.1/../../../../arm-none-eabi/lib/thumb/v7e-m+dp/hard\libc_nano.a(libc_a-strstr.o)
                0x0801598a                strstr
 *fill*         0x080159b6        0x2 
 .text._close_r
                0x080159b8       0x20 C:/ST/STM32CubeIDE_1.17.0/STM32CubeIDE/plugins/com.st.stm32cube.ide.mcu.externaltools.gnu-tools-for-stm32.12.3.rel1.win32_1.1.0.202410251130/tools/bin/../lib/gcc/arm-none-eabi/12.3.1/../../../../arm-none-eabi/lib/thumb/v7e-m+dp/hard\libc_nano.a(libc_a-closer.o)
                0x080159b8                _close_r
 .text._reclaim_reent
                0x080159d8       0xac C:/ST/STM32CubeIDE_1.17.0/STM32CubeIDE/plugins/com.st.stm32cube.ide.mcu.externaltools.gnu-tools-for-stm32.12.3.rel1.win32_1.1.0.202410251130/tools/bin/../lib/gcc/arm-none-eabi/12.3.1/../../../../arm-none-eabi/lib/thumb/v7e-m+dp/hard\libc_nano.a(libc_a-reent.o)
                0x080159d8                _reclaim_reent
 .text._lseek_r
                0x08015a84       0x24 C:/ST/STM32CubeIDE_1.17.0/STM32CubeIDE/plugins/com.st.stm32cube.ide.mcu.externaltools.gnu-tools-for-stm32.12.3.rel1.win32_1.1.0.202410251130/tools/bin/../lib/gcc/arm-none-eabi/12.3.1/../../../../arm-none-eabi/lib/thumb/v7e-m+dp/hard\libc_nano.a(libc_a-lseekr.o)
                0x08015a84                _lseek_r
 .text._read_r  0x08015aa8       0x24 C:/ST/STM32CubeIDE_1.17.0/STM32CubeIDE/plugins/com.st.stm32cube.ide.mcu.externaltools.gnu-tools-for-stm32.12.3.rel1.win32_1.1.0.202410251130/tools/bin/../lib/gcc/arm-none-eabi/12.3.1/../../../../arm-none-eabi/lib/thumb/v7e-m+dp/hard\libc_nano.a(libc_a-readr.o)
                0x08015aa8                _read_r
 .text._sbrk_r  0x08015acc       0x20 C:/ST/STM32CubeIDE_1.17.0/STM32CubeIDE/plugins/com.st.stm32cube.ide.mcu.externaltools.gnu-tools-for-stm32.12.3.rel1.win32_1.1.0.202410251130/tools/bin/../lib/gcc/arm-none-eabi/12.3.1/../../../../arm-none-eabi/lib/thumb/v7e-m+dp/hard\libc_nano.a(libc_a-sbrkr.o)
                0x08015acc                _sbrk_r
 .text._write_r
                0x08015aec       0x24 C:/ST/STM32CubeIDE_1.17.0/STM32CubeIDE/plugins/com.st.stm32cube.ide.mcu.externaltools.gnu-tools-for-stm32.12.3.rel1.win32_1.1.0.202410251130/tools/bin/../lib/gcc/arm-none-eabi/12.3.1/../../../../arm-none-eabi/lib/thumb/v7e-m+dp/hard\libc_nano.a(libc_a-writer.o)
                0x08015aec                _write_r
 .text.__errno  0x08015b10        0xc C:/ST/STM32CubeIDE_1.17.0/STM32CubeIDE/plugins/com.st.stm32cube.ide.mcu.externaltools.gnu-tools-for-stm32.12.3.rel1.win32_1.1.0.202410251130/tools/bin/../lib/gcc/arm-none-eabi/12.3.1/../../../../arm-none-eabi/lib/thumb/v7e-m+dp/hard\libc_nano.a(libc_a-errno.o)
                0x08015b10                __errno
 .text.__libc_init_array
                0x08015b1c       0x48 C:/ST/STM32CubeIDE_1.17.0/STM32CubeIDE/plugins/com.st.stm32cube.ide.mcu.externaltools.gnu-tools-for-stm32.12.3.rel1.win32_1.1.0.202410251130/tools/bin/../lib/gcc/arm-none-eabi/12.3.1/../../../../arm-none-eabi/lib/thumb/v7e-m+dp/hard\libc_nano.a(libc_a-init.o)
                0x08015b1c                __libc_init_array
 .text.__retarget_lock_init_recursive
                0x08015b64        0x2 C:/ST/STM32CubeIDE_1.17.0/STM32CubeIDE/plugins/com.st.stm32cube.ide.mcu.externaltools.gnu-tools-for-stm32.12.3.rel1.win32_1.1.0.202410251130/tools/bin/../lib/gcc/arm-none-eabi/12.3.1/../../../../arm-none-eabi/lib/thumb/v7e-m+dp/hard\libc_nano.a(libc_a-lock.o)
                0x08015b64                __retarget_lock_init_recursive
 .text.__retarget_lock_acquire_recursive
                0x08015b66        0x2 C:/ST/STM32CubeIDE_1.17.0/STM32CubeIDE/plugins/com.st.stm32cube.ide.mcu.externaltools.gnu-tools-for-stm32.12.3.rel1.win32_1.1.0.202410251130/tools/bin/../lib/gcc/arm-none-eabi/12.3.1/../../../../arm-none-eabi/lib/thumb/v7e-m+dp/hard\libc_nano.a(libc_a-lock.o)
                0x08015b66                __retarget_lock_acquire_recursive
 .text.__retarget_lock_release_recursive
                0x08015b68        0x2 C:/ST/STM32CubeIDE_1.17.0/STM32CubeIDE/plugins/com.st.stm32cube.ide.mcu.externaltools.gnu-tools-for-stm32.12.3.rel1.win32_1.1.0.202410251130/tools/bin/../lib/gcc/arm-none-eabi/12.3.1/../../../../arm-none-eabi/lib/thumb/v7e-m+dp/hard\libc_nano.a(libc_a-lock.o)
                0x08015b68                __retarget_lock_release_recursive
 .text.strcpy   0x08015b6a       0x10 C:/ST/STM32CubeIDE_1.17.0/STM32CubeIDE/plugins/com.st.stm32cube.ide.mcu.externaltools.gnu-tools-for-stm32.12.3.rel1.win32_1.1.0.202410251130/tools/bin/../lib/gcc/arm-none-eabi/12.3.1/../../../../arm-none-eabi/lib/thumb/v7e-m+dp/hard\libc_nano.a(libc_a-strcpy.o)
                0x08015b6a                strcpy
 .text.memcpy   0x08015b7a       0x1c C:/ST/STM32CubeIDE_1.17.0/STM32CubeIDE/plugins/com.st.stm32cube.ide.mcu.externaltools.gnu-tools-for-stm32.12.3.rel1.win32_1.1.0.202410251130/tools/bin/../lib/gcc/arm-none-eabi/12.3.1/../../../../arm-none-eabi/lib/thumb/v7e-m+dp/hard\libc_nano.a(libc_a-memcpy-stub.o)
                0x08015b7a                memcpy
 .text.abort    0x08015b96        0xe C:/ST/STM32CubeIDE_1.17.0/STM32CubeIDE/plugins/com.st.stm32cube.ide.mcu.externaltools.gnu-tools-for-stm32.12.3.rel1.win32_1.1.0.202410251130/tools/bin/../lib/gcc/arm-none-eabi/12.3.1/../../../../arm-none-eabi/lib/thumb/v7e-m+dp/hard\libc_nano.a(libc_a-abort.o)
                0x08015b96                abort
 .text._free_r  0x08015ba4       0x94 C:/ST/STM32CubeIDE_1.17.0/STM32CubeIDE/plugins/com.st.stm32cube.ide.mcu.externaltools.gnu-tools-for-stm32.12.3.rel1.win32_1.1.0.202410251130/tools/bin/../lib/gcc/arm-none-eabi/12.3.1/../../../../arm-none-eabi/lib/thumb/v7e-m+dp/hard\libc_nano.a(libc_a-freer.o)
                0x08015ba4                _free_r
 .text.__ssputs_r
                0x08015c38       0xb6 C:/ST/STM32CubeIDE_1.17.0/STM32CubeIDE/plugins/com.st.stm32cube.ide.mcu.externaltools.gnu-tools-for-stm32.12.3.rel1.win32_1.1.0.202410251130/tools/bin/../lib/gcc/arm-none-eabi/12.3.1/../../../../arm-none-eabi/lib/thumb/v7e-m+dp/hard\libc_nano.a(libc_a-nano-svfprintf.o)
                0x08015c38                __ssputs_r
 *fill*         0x08015cee        0x2 
 .text._svfprintf_r
                0x08015cf0      0x1f8 C:/ST/STM32CubeIDE_1.17.0/STM32CubeIDE/plugins/com.st.stm32cube.ide.mcu.externaltools.gnu-tools-for-stm32.12.3.rel1.win32_1.1.0.202410251130/tools/bin/../lib/gcc/arm-none-eabi/12.3.1/../../../../arm-none-eabi/lib/thumb/v7e-m+dp/hard\libc_nano.a(libc_a-nano-svfprintf.o)
                0x08015cf0                _svfiprintf_r
                0x08015cf0                _svfprintf_r
 .text.__sfputc_r
                0x08015ee8       0x2e C:/ST/STM32CubeIDE_1.17.0/STM32CubeIDE/plugins/com.st.stm32cube.ide.mcu.externaltools.gnu-tools-for-stm32.12.3.rel1.win32_1.1.0.202410251130/tools/bin/../lib/gcc/arm-none-eabi/12.3.1/../../../../arm-none-eabi/lib/thumb/v7e-m+dp/hard\libc_nano.a(libc_a-nano-vfprintf.o)
 .text.__sfputs_r
                0x08015f16       0x24 C:/ST/STM32CubeIDE_1.17.0/STM32CubeIDE/plugins/com.st.stm32cube.ide.mcu.externaltools.gnu-tools-for-stm32.12.3.rel1.win32_1.1.0.202410251130/tools/bin/../lib/gcc/arm-none-eabi/12.3.1/../../../../arm-none-eabi/lib/thumb/v7e-m+dp/hard\libc_nano.a(libc_a-nano-vfprintf.o)
                0x08015f16                __sfputs_r
 *fill*         0x08015f3a        0x2 
 .text._vfprintf_r
                0x08015f3c      0x230 C:/ST/STM32CubeIDE_1.17.0/STM32CubeIDE/plugins/com.st.stm32cube.ide.mcu.externaltools.gnu-tools-for-stm32.12.3.rel1.win32_1.1.0.202410251130/tools/bin/../lib/gcc/arm-none-eabi/12.3.1/../../../../arm-none-eabi/lib/thumb/v7e-m+dp/hard\libc_nano.a(libc_a-nano-vfprintf.o)
                0x08015f3c                _vfprintf_r
                0x08015f3c                _vfiprintf_r
 .text._printf_common
                0x0801616c       0xda C:/ST/STM32CubeIDE_1.17.0/STM32CubeIDE/plugins/com.st.stm32cube.ide.mcu.externaltools.gnu-tools-for-stm32.12.3.rel1.win32_1.1.0.202410251130/tools/bin/../lib/gcc/arm-none-eabi/12.3.1/../../../../arm-none-eabi/lib/thumb/v7e-m+dp/hard\libc_nano.a(libc_a-nano-vfprintf_i.o)
                0x0801616c                _printf_common
 *fill*         0x08016246        0x2 
 .text._printf_i
                0x08016248      0x240 C:/ST/STM32CubeIDE_1.17.0/STM32CubeIDE/plugins/com.st.stm32cube.ide.mcu.externaltools.gnu-tools-for-stm32.12.3.rel1.win32_1.1.0.202410251130/tools/bin/../lib/gcc/arm-none-eabi/12.3.1/../../../../arm-none-eabi/lib/thumb/v7e-m+dp/hard\libc_nano.a(libc_a-nano-vfprintf_i.o)
                0x08016248                _printf_i
 .text.__sflush_r
                0x08016488      0x108 C:/ST/STM32CubeIDE_1.17.0/STM32CubeIDE/plugins/com.st.stm32cube.ide.mcu.externaltools.gnu-tools-for-stm32.12.3.rel1.win32_1.1.0.202410251130/tools/bin/../lib/gcc/arm-none-eabi/12.3.1/../../../../arm-none-eabi/lib/thumb/v7e-m+dp/hard\libc_nano.a(libc_a-fflush.o)
                0x08016488                __sflush_r
 .text._fflush_r
                0x08016590       0x50 C:/ST/STM32CubeIDE_1.17.0/STM32CubeIDE/plugins/com.st.stm32cube.ide.mcu.externaltools.gnu-tools-for-stm32.12.3.rel1.win32_1.1.0.202410251130/tools/bin/../lib/gcc/arm-none-eabi/12.3.1/../../../../arm-none-eabi/lib/thumb/v7e-m+dp/hard\libc_nano.a(libc_a-fflush.o)
                0x08016590                _fflush_r
 .text.__swhatbuf_r
                0x080165e0       0x4c C:/ST/STM32CubeIDE_1.17.0/STM32CubeIDE/plugins/com.st.stm32cube.ide.mcu.externaltools.gnu-tools-for-stm32.12.3.rel1.win32_1.1.0.202410251130/tools/bin/../lib/gcc/arm-none-eabi/12.3.1/../../../../arm-none-eabi/lib/thumb/v7e-m+dp/hard\libc_nano.a(libc_a-makebuf.o)
                0x080165e0                __swhatbuf_r
 .text.__smakebuf_r
                0x0801662c       0x78 C:/ST/STM32CubeIDE_1.17.0/STM32CubeIDE/plugins/com.st.stm32cube.ide.mcu.externaltools.gnu-tools-for-stm32.12.3.rel1.win32_1.1.0.202410251130/tools/bin/../lib/gcc/arm-none-eabi/12.3.1/../../../../arm-none-eabi/lib/thumb/v7e-m+dp/hard\libc_nano.a(libc_a-makebuf.o)
                0x0801662c                __smakebuf_r
 .text._putc_r  0x080166a4       0x68 C:/ST/STM32CubeIDE_1.17.0/STM32CubeIDE/plugins/com.st.stm32cube.ide.mcu.externaltools.gnu-tools-for-stm32.12.3.rel1.win32_1.1.0.202410251130/tools/bin/../lib/gcc/arm-none-eabi/12.3.1/../../../../arm-none-eabi/lib/thumb/v7e-m+dp/hard\libc_nano.a(libc_a-putc.o)
                0x080166a4                _putc_r
 .text._raise_r
                0x0801670c       0x50 C:/ST/STM32CubeIDE_1.17.0/STM32CubeIDE/plugins/com.st.stm32cube.ide.mcu.externaltools.gnu-tools-for-stm32.12.3.rel1.win32_1.1.0.202410251130/tools/bin/../lib/gcc/arm-none-eabi/12.3.1/../../../../arm-none-eabi/lib/thumb/v7e-m+dp/hard\libc_nano.a(libc_a-signal.o)
                0x0801670c                _raise_r