Archive member included to satisfy reference by file (symbol)

C:/ST/STM32CubeIDE_1.17.0/STM32CubeIDE/plugins/com.st.stm32cube.ide.mcu.externaltools.gnu-tools-for-stm32.12.3.rel1.win32_1.1.0.202410251130/tools/bin/../lib/gcc/arm-none-eabi/12.3.1/../../../../arm-none-eabi/lib/thumb/v7e-m+dp/hard\libc_nano.a(libc_a-assert.o)
                              ./Core/Src/mongoose.o (__assert_func)
C:/ST/STM32CubeIDE_1.17.0/STM32CubeIDE/plugins/com.st.stm32cube.ide.mcu.externaltools.gnu-tools-for-stm32.12.3.rel1.win32_1.1.0.202410251130/tools/bin/../lib/gcc/arm-none-eabi/12.3.1/../../../../arm-none-eabi/lib/thumb/v7e-m+dp/hard\libc_nano.a(libc_a-atoi.o)
                              ./Core/Src/mongoose.o (atoi)
C:/ST/STM32CubeIDE_1.17.0/STM32CubeIDE/plugins/com.st.stm32cube.ide.mcu.externaltools.gnu-tools-for-stm32.12.3.rel1.win32_1.1.0.202410251130/tools/bin/../lib/gcc/arm-none-eabi/12.3.1/../../../../arm-none-eabi/lib/thumb/v7e-m+dp/hard\libc_nano.a(libc_a-exit.o)
                              C:/ST/STM32CubeIDE_1.17.0/STM32CubeIDE/plugins/com.st.stm32cube.ide.mcu.externaltools.gnu-tools-for-stm32.12.3.rel1.win32_1.1.0.202410251130/tools/bin/../lib/gcc/arm-none-eabi/12.3.1/../../../../arm-none-eabi/lib/thumb/v7e-m+dp/hard/crt0.o (exit)
C:/ST/STM32CubeIDE_1.17.0/STM32CubeIDE/plugins/com.st.stm32cube.ide.mcu.externaltools.gnu-tools-for-stm32.12.3.rel1.win32_1.1.0.202410251130/tools/bin/../lib/gcc/arm-none-eabi/12.3.1/../../../../arm-none-eabi/lib/thumb/v7e-m+dp/hard\libc_nano.a(libc_a-rand.o)
                              ./Core/Src/mongoose.o (srand)
C:/ST/STM32CubeIDE_1.17.0/STM32CubeIDE/plugins/com.st.stm32cube.ide.mcu.externaltools.gnu-tools-for-stm32.12.3.rel1.win32_1.1.0.202410251130/tools/bin/../lib/gcc/arm-none-eabi/12.3.1/../../../../arm-none-eabi/lib/thumb/v7e-m+dp/hard\libc_nano.a(libc_a-strtol.o)
                              C:/ST/STM32CubeIDE_1.17.0/STM32CubeIDE/plugins/com.st.stm32cube.ide.mcu.externaltools.gnu-tools-for-stm32.12.3.rel1.win32_1.1.0.202410251130/tools/bin/../lib/gcc/arm-none-eabi/12.3.1/../../../../arm-none-eabi/lib/thumb/v7e-m+dp/hard\libc_nano.a(libc_a-atoi.o) (_strtol_r)
C:/ST/STM32CubeIDE_1.17.0/STM32CubeIDE/plugins/com.st.stm32cube.ide.mcu.externaltools.gnu-tools-for-stm32.12.3.rel1.win32_1.1.0.202410251130/tools/bin/../lib/gcc/arm-none-eabi/12.3.1/../../../../arm-none-eabi/lib/thumb/v7e-m+dp/hard\libc_nano.a(libc_a-ctype_.o)
                              C:/ST/STM32CubeIDE_1.17.0/STM32CubeIDE/plugins/com.st.stm32cube.ide.mcu.externaltools.gnu-tools-for-stm32.12.3.rel1.win32_1.1.0.202410251130/tools/bin/../lib/gcc/arm-none-eabi/12.3.1/../../../../arm-none-eabi/lib/thumb/v7e-m+dp/hard\libc_nano.a(libc_a-strtol.o) (_ctype_)
C:/ST/STM32CubeIDE_1.17.0/STM32CubeIDE/plugins/com.st.stm32cube.ide.mcu.externaltools.gnu-tools-for-stm32.12.3.rel1.win32_1.1.0.202410251130/tools/bin/../lib/gcc/arm-none-eabi/12.3.1/../../../../arm-none-eabi/lib/thumb/v7e-m+dp/hard\libc_nano.a(libc_a-findfp.o)
                              ./Middlewares/Third_Party/FreeRTOS/Source/tasks.o (__sf)
C:/ST/STM32CubeIDE_1.17.0/STM32CubeIDE/plugins/com.st.stm32cube.ide.mcu.externaltools.gnu-tools-for-stm32.12.3.rel1.win32_1.1.0.202410251130/tools/bin/../lib/gcc/arm-none-eabi/12.3.1/../../../../arm-none-eabi/lib/thumb/v7e-m+dp/hard\libc_nano.a(libc_a-fprintf.o)
                              C:/ST/STM32CubeIDE_1.17.0/STM32CubeIDE/plugins/com.st.stm32cube.ide.mcu.externaltools.gnu-tools-for-stm32.12.3.rel1.win32_1.1.0.202410251130/tools/bin/../lib/gcc/arm-none-eabi/12.3.1/../../../../arm-none-eabi/lib/thumb/v7e-m+dp/hard\libc_nano.a(libc_a-assert.o) (fiprintf)
C:/ST/STM32CubeIDE_1.17.0/STM32CubeIDE/plugins/com.st.stm32cube.ide.mcu.externaltools.gnu-tools-for-stm32.12.3.rel1.win32_1.1.0.202410251130/tools/bin/../lib/gcc/arm-none-eabi/12.3.1/../../../../arm-none-eabi/lib/thumb/v7e-m+dp/hard\libc_nano.a(libc_a-fwalk.o)
                              C:/ST/STM32CubeIDE_1.17.0/STM32CubeIDE/plugins/com.st.stm32cube.ide.mcu.externaltools.gnu-tools-for-stm32.12.3.rel1.win32_1.1.0.202410251130/tools/bin/../lib/gcc/arm-none-eabi/12.3.1/../../../../arm-none-eabi/lib/thumb/v7e-m+dp/hard\libc_nano.a(libc_a-findfp.o) (_fwalk_sglue)
C:/ST/STM32CubeIDE_1.17.0/STM32CubeIDE/plugins/com.st.stm32cube.ide.mcu.externaltools.gnu-tools-for-stm32.12.3.rel1.win32_1.1.0.202410251130/tools/bin/../lib/gcc/arm-none-eabi/12.3.1/../../../../arm-none-eabi/lib/thumb/v7e-m+dp/hard\libc_nano.a(libc_a-printf.o)
                              ./Core/Src/main.o (printf)
C:/ST/STM32CubeIDE_1.17.0/STM32CubeIDE/plugins/com.st.stm32cube.ide.mcu.externaltools.gnu-tools-for-stm32.12.3.rel1.win32_1.1.0.202410251130/tools/bin/../lib/gcc/arm-none-eabi/12.3.1/../../../../arm-none-eabi/lib/thumb/v7e-m+dp/hard\libc_nano.a(libc_a-putchar.o)
                              ./Core/Src/mongoose.o (putchar)
[...]
Memory Configuration

Name             Origin             Length             Attributes
ITCMRAM          0x00000000         0x00010000         xrw
DTCMRAM          0x20000000         0x00020000         xrw
FLASH            0x08000000         0x00100000         xr
RAM_D1           0x24000000         0x00050000         xrw
RAM_D2           0x30000000         0x00008000         xrw
RAM_D3           0x38000000         0x00004000         xrw
*default*        0x00000000         0xffffffff

Linker script and memory map

LOAD C:/ST/STM32CubeIDE_1.17.0/STM32CubeIDE/plugins/com.st.stm32cube.ide.mcu.externaltools.gnu-tools-for-stm32.12.3.rel1.win32_1.1.0.202410251130/tools/bin/../lib/gcc/arm-none-eabi/12.3.1/thumb/v7e-m+dp/hard/crti.o
LOAD C:/ST/STM32CubeIDE_1.17.0/STM32CubeIDE/plugins/com.st.stm32cube.ide.mcu.externaltools.gnu-tools-for-stm32.12.3.rel1.win32_1.1.0.202410251130/tools/bin/../lib/gcc/arm-none-eabi/12.3.1/thumb/v7e-m+dp/hard/crtbegin.o
LOAD C:/ST/STM32CubeIDE_1.17.0/STM32CubeIDE/plugins/com.st.stm32cube.ide.mcu.externaltools.gnu-tools-for-stm32.12.3.rel1.win32_1.1.0.202410251130/tools/bin/../lib/gcc/arm-none-eabi/12.3.1/../../../../arm-none-eabi/lib/thumb/v7e-m+dp/hard/crt0.o
LOAD ./Core/Src/freertos.o
LOAD ./Core/Src/main.o
LOAD ./Core/Src/mongoose.o
LOAD ./Core/Src/stm32h7xx_hal_msp.o
LOAD ./Core/Src/stm32h7xx_hal_timebase_tim.o
LOAD ./Core/Src/stm32h7xx_it.o
LOAD ./Core/Src/syscalls.o
LOAD ./Core/Src/sysmem.o
LOAD ./Core/Src/system_stm32h7xx.o
LOAD ./Core/Src/http/FOTA/firmware_update.o
LOAD ./Core/Src/http/routers/get_router.o
LOAD ./Core/Src/http/routers/main_router.o
LOAD ./Core/Src/http/routers/post_router.o
LOAD ./Core/Src/http/web_ui/file_system/packed_fs.o
LOAD ./Core/Startup/startup_stm32h723zgtx.o
LOAD ./Drivers/STM32H7xx_HAL_Driver/Src/stm32h7xx_hal.o
LOAD ./Drivers/STM32H7xx_HAL_Driver/Src/stm32h7xx_hal_cortex.o
LOAD ./Drivers/STM32H7xx_HAL_Driver/Src/stm32h7xx_hal_dma.o
LOAD ./Drivers/STM32H7xx_HAL_Driver/Src/stm32h7xx_hal_dma_ex.o
LOAD ./Drivers/STM32H7xx_HAL_Driver/Src/stm32h7xx_hal_eth.o
LOAD ./Drivers/STM32H7xx_HAL_Driver/Src/stm32h7xx_hal_eth_ex.o
LOAD ./Drivers/STM32H7xx_HAL_Driver/Src/stm32h7xx_hal_exti.o
LOAD ./Drivers/STM32H7xx_HAL_Driver/Src/stm32h7xx_hal_flash.o
LOAD ./Drivers/STM32H7xx_HAL_Driver/Src/stm32h7xx_hal_flash_ex.o
LOAD ./Drivers/STM32H7xx_HAL_Driver/Src/stm32h7xx_hal_gpio.o
LOAD ./Drivers/STM32H7xx_HAL_Driver/Src/stm32h7xx_hal_hsem.o
LOAD ./Drivers/STM32H7xx_HAL_Driver/Src/stm32h7xx_hal_i2c.o
LOAD ./Drivers/STM32H7xx_HAL_Driver/Src/stm32h7xx_hal_i2c_ex.o
LOAD ./Drivers/STM32H7xx_HAL_Driver/Src/stm32h7xx_hal_mdma.o
LOAD ./Drivers/STM32H7xx_HAL_Driver/Src/stm32h7xx_hal_pwr.o
LOAD ./Drivers/STM32H7xx_HAL_Driver/Src/stm32h7xx_hal_pwr_ex.o
LOAD ./Drivers/STM32H7xx_HAL_Driver/Src/stm32h7xx_hal_rcc.o
LOAD ./Drivers/STM32H7xx_HAL_Driver/Src/stm32h7xx_hal_rcc_ex.o
LOAD ./Drivers/STM32H7xx_HAL_Driver/Src/stm32h7xx_hal_rng.o
LOAD ./Drivers/STM32H7xx_HAL_Driver/Src/stm32h7xx_hal_rng_ex.o
LOAD ./Drivers/STM32H7xx_HAL_Driver/Src/stm32h7xx_hal_tim.o
LOAD ./Drivers/STM32H7xx_HAL_Driver/Src/stm32h7xx_hal_tim_ex.o
LOAD ./Drivers/STM32H7xx_HAL_Driver/Src/stm32h7xx_hal_uart.o
LOAD ./Drivers/STM32H7xx_HAL_Driver/Src/stm32h7xx_hal_uart_ex.o
LOAD ./Middlewares/Third_Party/FreeRTOS/Source/CMSIS_RTOS_V2/cmsis_os2.o
LOAD ./Middlewares/Third_Party/FreeRTOS/Source/croutine.o
LOAD ./Middlewares/Third_Party/FreeRTOS/Source/event_groups.o
LOAD ./Middlewares/Third_Party/FreeRTOS/Source/list.o
LOAD ./Middlewares/Third_Party/FreeRTOS/Source/queue.o
LOAD ./Middlewares/Third_Party/FreeRTOS/Source/stream_buffer.o
LOAD ./Middlewares/Third_Party/FreeRTOS/Source/tasks.o
LOAD ./Middlewares/Third_Party/FreeRTOS/Source/timers.o
LOAD ./Middlewares/Third_Party/FreeRTOS/Source/portable/GCC/ARM_CM4F/port.o
LOAD ./Middlewares/Third_Party/FreeRTOS/Source/portable/MemMang/heap_4.o
START GROUP
LOAD C:/ST/STM32CubeIDE_1.17.0/STM32CubeIDE/plugins/com.st.stm32cube.ide.mcu.externaltools.gnu-tools-for-stm32.12.3.rel1.win32_1.1.0.202410251130/tools/bin/../lib/gcc/arm-none-eabi/12.3.1/../../../../arm-none-eabi/lib/thumb/v7e-m+dp/hard\libc_nano.a
LOAD C:/ST/STM32CubeIDE_1.17.0/STM32CubeIDE/plugins/com.st.stm32cube.ide.mcu.externaltools.gnu-tools-for-stm32.12.3.rel1.win32_1.1.0.202410251130/tools/bin/../lib/gcc/arm-none-eabi/12.3.1/../../../../arm-none-eabi/lib/thumb/v7e-m+dp/hard\libm.a
END GROUP
START GROUP
LOAD C:/ST/STM32CubeIDE_1.17.0/STM32CubeIDE/plugins/com.st.stm32cube.ide.mcu.externaltools.gnu-tools-for-stm32.12.3.rel1.win32_1.1.0.202410251130/tools/bin/../lib/gcc/arm-none-eabi/12.3.1/thumb/v7e-m+dp/hard\libgcc.a
LOAD C:/ST/STM32CubeIDE_1.17.0/STM32CubeIDE/plugins/com.st.stm32cube.ide.mcu.externaltools.gnu-tools-for-stm32.12.3.rel1.win32_1.1.0.202410251130/tools/bin/../lib/gcc/arm-none-eabi/12.3.1/../../../../arm-none-eabi/lib/thumb/v7e-m+dp/hard\libc_nano.a
END GROUP
START GROUP
LOAD C:/ST/STM32CubeIDE_1.17.0/STM32CubeIDE/plugins/com.st.stm32cube.ide.mcu.externaltools.gnu-tools-for-stm32.12.3.rel1.win32_1.1.0.202410251130/tools/bin/../lib/gcc/arm-none-eabi/12.3.1/thumb/v7e-m+dp/hard\libgcc.a
LOAD C:/ST/STM32CubeIDE_1.17.0/STM32CubeIDE/plugins/com.st.stm32cube.ide.mcu.externaltools.gnu-tools-for-stm32.12.3.rel1.win32_1.1.0.202410251130/tools/bin/../lib/gcc/arm-none-eabi/12.3.1/../../../../arm-none-eabi/lib/thumb/v7e-m+dp/hard\libc_nano.a
LOAD C:/ST/STM32CubeIDE_1.17.0/STM32CubeIDE/plugins/com.st.stm32cube.ide.mcu.externaltools.gnu-tools-for-stm32.12.3.rel1.win32_1.1.0.202410251130/tools/bin/../lib/gcc/arm-none-eabi/12.3.1/../../../../arm-none-eabi/lib/thumb/v7e-m+dp/hard\libnosys.a
END GROUP
START GROUP
LOAD C:/ST/STM32CubeIDE_1.17.0/STM32CubeIDE/plugins/com.st.stm32cube.ide.mcu.externaltools.gnu-tools-for-stm32.12.3.rel1.win32_1.1.0.202410251130/tools/bin/../lib/gcc/arm-none-eabi/12.3.1/thumb/v7e-m+dp/hard\libgcc.a
LOAD C:/ST/STM32CubeIDE_1.17.0/STM32CubeIDE/plugins/com.st.stm32cube.ide.mcu.externaltools.gnu-tools-for-stm32.12.3.rel1.win32_1.1.0.202410251130/tools/bin/../lib/gcc/arm-none-eabi/12.3.1/../../../../arm-none-eabi/lib/thumb/v7e-m+dp/hard\libc_nano.a
LOAD C:/ST/STM32CubeIDE_1.17.0/STM32CubeIDE/plugins/com.st.stm32cube.ide.mcu.externaltools.gnu-tools-for-stm32.12.3.rel1.win32_1.1.0.202410251130/tools/bin/../lib/gcc/arm-none-eabi/12.3.1/../../../../arm-none-eabi/lib/thumb/v7e-m+dp/hard\libnosys.a
END GROUP
LOAD C:/ST/STM32CubeIDE_1.17.0/STM32CubeIDE/plugins/com.st.stm32cube.ide.mcu.externaltools.gnu-tools-for-stm32.12.3.rel1.win32_1.1.0.202410251130/tools/bin/../lib/gcc/arm-none-eabi/12.3.1/thumb/v7e-m+dp/hard/crtend.o
LOAD C:/ST/STM32CubeIDE_1.17.0/STM32CubeIDE/plugins/com.st.stm32cube.ide.mcu.externaltools.gnu-tools-for-stm32.12.3.rel1.win32_1.1.0.202410251130/tools/bin/../lib/gcc/arm-none-eabi/12.3.1/thumb/v7e-m+dp/hard/crtn.o
                0x24050000                        _estack = (ORIGIN (RAM_D1) + LENGTH (RAM_D1))
                0x00000200                        _Min_Heap_Size = 0x200
                0x00000400                        _Min_Stack_Size = 0x400

.isr_vector     0x08000000      0x2cc
                0x08000000                        . = ALIGN (0x4)
 *(.isr_vector)
 .isr_vector    0x08000000      0x2cc ./Core/Startup/startup_stm32h723zgtx.o
                0x08000000                g_pfnVectors
                0x080002cc                        . = ALIGN (0x4)

.text           0x080002d0    0x163d8
                0x080002d0                        . = ALIGN (0x4)
 *(.text)
 .text          0x080002d0       0x40 C:/ST/STM32CubeIDE_1.17.0/STM32CubeIDE/plugins/com.st.stm32cube.ide.mcu.externaltools.gnu-tools-for-stm32.12.3.rel1.win32_1.1.0.202410251130/tools/bin/../lib/gcc/arm-none-eabi/12.3.1/thumb/v7e-m+dp/hard/crtbegin.o
 .text          0x08000310       0x14 C:/ST/STM32CubeIDE_1.17.0/STM32CubeIDE/plugins/com.st.stm32cube.ide.mcu.externaltools.gnu-tools-for-stm32.12.3.rel1.win32_1.1.0.202410251130/tools/bin/../lib/gcc/arm-none-eabi/12.3.1/../../../../arm-none-eabi/lib/thumb/v7e-m+dp/hard\libc_nano.a(libc_a-strcmp.o)
                0x08000310                strcmp
 *fill*         0x08000324        0xc 
 .text          0x08000330       0xa0 C:/ST/STM32CubeIDE_1.17.0/STM32CubeIDE/plugins/com.st.stm32cube.ide.mcu.externaltools.gnu-tools-for-stm32.12.3.rel1.win32_1.1.0.202410251130/tools/bin/../lib/gcc/arm-none-eabi/12.3.1/../../../../arm-none-eabi/lib/thumb/v7e-m+dp/hard\libc_nano.a(libc_a-memchr.o)
                0x08000330                memchr
 .text          0x080003d0       0x10 C:/ST/STM32CubeIDE_1.17.0/STM32CubeIDE/plugins/com.st.stm32cube.ide.mcu.externaltools.gnu-tools-for-stm32.12.3.rel1.win32_1.1.0.202410251130/tools/bin/../lib/gcc/arm-none-eabi/12.3.1/../../../../arm-none-eabi/lib/thumb/v7e-m+dp/hard\libc_nano.a(libc_a-strlen.o)
                0x080003d0                strlen
 .text          0x080003e0       0x30 C:/ST/STM32CubeIDE_1.17.0/STM32CubeIDE/plugins/com.st.stm32cube.ide.mcu.externaltools.gnu-tools-for-stm32.12.3.rel1.win32_1.1.0.202410251130/tools/bin/../lib/gcc/arm-none-eabi/12.3.1/thumb/v7e-m+dp/hard\libgcc.a(_aeabi_uldivmod.o)
                0x080003e0                __aeabi_uldivmod
 .text          0x08000410      0x2bc C:/ST/STM32CubeIDE_1.17.0/STM32CubeIDE/plugins/com.st.stm32cube.ide.mcu.externaltools.gnu-tools-for-stm32.12.3.rel1.win32_1.1.0.202410251130/tools/bin/../lib/gcc/arm-none-eabi/12.3.1/thumb/v7e-m+dp/hard\libgcc.a(_udivmoddi4.o)
                0x08000410                __udivmoddi4
 .text          0x080006cc        0x4 C:/ST/STM32CubeIDE_1.17.0/STM32CubeIDE/plugins/com.st.stm32cube.ide.mcu.externaltools.gnu-tools-for-stm32.12.3.rel1.win32_1.1.0.202410251130/tools/bin/../lib/gcc/arm-none-eabi/12.3.1/thumb/v7e-m+dp/hard\libgcc.a(_dvmd_tls.o)
                0x080006cc                __aeabi_idiv0
                0x080006cc                __aeabi_ldiv0
 *(.text*)
 .text.__NVIC_EnableIRQ
                0x080006d0       0x3c ./Core/Src/main.o
 .text._write   0x0800070c       0x38 ./Core/Src/main.o
                0x0800070c                _write
 .text.run_mongoose
                0x08000744       0x4c ./Core/Src/main.o
 .text.main     0x08000790       0x60 ./Core/Src/main.o
                0x08000790                main
 .text.SystemClock_Config
                0x080007f0       0xe4 ./Core/Src/main.o
                0x080007f0                SystemClock_Config
 .text.MX_ETH_Init
                0x080008d4       0x98 ./Core/Src/main.o
 .text.MX_RNG_Init
                0x0800096c       0x2c ./Core/Src/main.o
 .text.MX_USART3_UART_Init
                0x08000998       0x98 ./Core/Src/main.o
 .text.MX_GPIO_Init
                0x08000a30      0x14c ./Core/Src/main.o
 .text.server   0x08000b7c       0x1a ./Core/Src/main.o
                0x08000b7c                server
 *fill*         0x08000b96        0x2 
 .text.HAL_TIM_PeriodElapsedCallback
                0x08000b98       0x24 ./Core/Src/main.o
                0x08000b98                HAL_TIM_PeriodElapsedCallback
 .text.Error_Handler
                0x08000bbc        0xc ./Core/Src/main.o
                0x08000bbc                Error_Handler
 .text.mg_calloc
                0x08000bc8       0x3c ./Core/Src/mongoose.o
 .text.mg_dns_free
                0x08000c04       0x36 ./Core/Src/mongoose.o
 .text.mg_resolve_cancel
                0x08000c3a       0x44 ./Core/Src/mongoose.o
                0x08000c3a                mg_resolve_cancel
 .text.mg_call  0x08000c7e       0x40 ./Core/Src/mongoose.o
                0x08000c7e                mg_call
 *fill*         0x08000cbe        0x2 
 .text.mg_error
                0x08000cc0       0x84 ./Core/Src/mongoose.o
                0x08000cc0                mg_error
 .text.mg_ota_flash_begin
                0x08000d44       0xf8 ./Core/Src/mongoose.o
                0x08000d44                mg_ota_flash_begin
 .text.mg_ota_flash_write
                0x08000e3c      0x188 ./Core/Src/mongoose.o
                0x08000e3c                mg_ota_flash_write
 .text.mg_ota_flash_end
                0x08000fc4      0x100 ./Core/Src/mongoose.o
                0x08000fc4                mg_ota_flash_end
 .text.is_digit
                0x080010c4       0x2c ./Core/Src/mongoose.o
 .text.addexp   0x080010f0      0x104 ./Core/Src/mongoose.o
 .text.xisinf   0x080011f4       0x50 ./Core/Src/mongoose.o
 .text.xisnan   0x08001244       0x58 ./Core/Src/mongoose.o
 *fill*         0x0800129c        0x4 
 .text.mg_dtoa  0x080012a0      0x56c ./Core/Src/mongoose.o
 .text.mg_lld   0x0800180c      0x160 ./Core/Src/mongoose.o
 .text.scpy     0x0800196c       0x46 ./Core/Src/mongoose.o
 .text.mg_xprintf
                0x080019b2       0x36 ./Core/Src/mongoose.o
                0x080019b2                mg_xprintf
 .text.mg_vxprintf
                0x080019e8      0x748 ./Core/Src/mongoose.o
                0x080019e8                mg_vxprintf
 .text.mg_fs_open
                0x08002130       0x4e ./Core/Src/mongoose.o
                0x08002130                mg_fs_open
 .text.mg_fs_close
                0x0800217e       0x2a ./Core/Src/mongoose.o
                0x0800217e                mg_fs_close
 .text.is_dir_prefix
                0x080021a8       0x58 ./Core/Src/mongoose.o
 .text.packed_stat
                0x08002200       0x60 ./Core/Src/mongoose.o
 .text.packed_list
                0x08002260      0x13c ./Core/Src/mongoose.o
 .text.packed_open
                0x0800239c       0x60 ./Core/Src/mongoose.o
 .text.packed_close
                0x080023fc       0x1c ./Core/Src/mongoose.o
 .text.packed_read
                0x08002418       0x56 ./Core/Src/mongoose.o
 .text.packed_write
                0x0800246e       0x1a ./Core/Src/mongoose.o
 .text.packed_seek
                0x08002488       0x38 ./Core/Src/mongoose.o
 .text.packed_rename
                0x080024c0       0x18 ./Core/Src/mongoose.o
 .text.packed_remove
                0x080024d8       0x16 ./Core/Src/mongoose.o
 .text.packed_mkdir
                0x080024ee       0x16 ./Core/Src/mongoose.o
 .text.p_stat   0x08002504       0x1a ./Core/Src/mongoose.o
 .text.p_list   0x0800251e       0x18 ./Core/Src/mongoose.o
 .text.p_open   0x08002536       0x18 ./Core/Src/mongoose.o
 .text.p_close  0x0800254e       0x14 ./Core/Src/mongoose.o
 .text.p_read   0x08002562       0x1a ./Core/Src/mongoose.o
 .text.p_write  0x0800257c       0x1a ./Core/Src/mongoose.o
 .text.p_seek   0x08002596       0x1a ./Core/Src/mongoose.o
 .text.p_rename
                0x080025b0       0x18 ./Core/Src/mongoose.o
 .text.p_remove
                0x080025c8       0x16 ./Core/Src/mongoose.o
 .text.p_mkdir  0x080025de       0x16 ./Core/Src/mongoose.o
 .text.mg_ncasecmp
                0x080025f4       0x80 ./Core/Src/mongoose.o
 .text.mg_to_size_t
                0x08002674      0x12c ./Core/Src/mongoose.o
                0x08002674                mg_to_size_t
 .text.mg_http_var
                0x080027a0       0xa0 ./Core/Src/mongoose.o
                0x080027a0                mg_http_var
 .text.mg_http_get_var
                0x08002840       0xa6 ./Core/Src/mongoose.o
                0x08002840                mg_http_get_var
 .text.isx      0x080028e6       0x44 ./Core/Src/mongoose.o
 .text.mg_url_decode
                0x0800292a      0x110 ./Core/Src/mongoose.o
                0x0800292a                mg_url_decode
 .text.isok     0x08002a3a       0x3a ./Core/Src/mongoose.o
 .text.mg_http_get_request_len
                0x08002a74       0x9c ./Core/Src/mongoose.o
                0x08002a74                mg_http_get_request_len
 .text.mg_http_get_header
                0x08002b10       0x80 ./Core/Src/mongoose.o
                0x08002b10                mg_http_get_header
 .text.vcb      0x08002b90       0x26 ./Core/Src/mongoose.o
 .text.clen     0x08002bb6       0xde ./Core/Src/mongoose.o
 .text.skiptorn
                0x08002c94       0x96 ./Core/Src/mongoose.o
 .text.mg_http_parse_headers
                0x08002d2a      0x15e ./Core/Src/mongoose.o
 .text.mg_http_parse
                0x08002e88      0x37c ./Core/Src/mongoose.o
                0x08002e88                mg_http_parse
 .text.mg_http_status_code_str
                0x08003204      0x9f8 ./Core/Src/mongoose.o
 .text.mg_http_reply
                0x08003bfc       0xb0 ./Core/Src/mongoose.o
                0x08003bfc                mg_http_reply
 .text.restore_http_cb
                0x08003cac       0x40 ./Core/Src/mongoose.o
 .text.mg_http_etag
                0x08003cec       0x38 ./Core/Src/mongoose.o
                0x08003cec                mg_http_etag
 .text.static_cb
                0x08003d24       0xc4 ./Core/Src/mongoose.o
 .text.guess_content_type
                0x08003de8      0x13c ./Core/Src/mongoose.o
 .text.getrange
                0x08003f24       0xe8 ./Core/Src/mongoose.o
 .text.mg_http_serve_file
                0x0800400c      0x5c4 ./Core/Src/mongoose.o
                0x0800400c                mg_http_serve_file
 .text.uri_to_path2
                0x080045d0      0x2dc ./Core/Src/mongoose.o
 .text.uri_to_path
                0x080048ac      0x194 ./Core/Src/mongoose.o
 .text.mg_http_serve_dir
                0x08004a40       0xc8 ./Core/Src/mongoose.o
                0x08004a40                mg_http_serve_dir
 .text.mg_http_status
                0x08004b08       0x1c ./Core/Src/mongoose.o
                0x08004b08                mg_http_status
 .text.is_hex_digit
                0x08004b24       0x44 ./Core/Src/mongoose.o
 .text.skip_chunk
                0x08004b68      0x11e ./Core/Src/mongoose.o
 *fill*         0x08004c86        0x2 
 .text.http_cb  0x08004c88      0x740 ./Core/Src/mongoose.o
 .text.mg_http_listen
                0x080053c8       0x38 ./Core/Src/mongoose.o
                0x080053c8                mg_http_listen
 .text.roundup  0x08005400       0x34 ./Core/Src/mongoose.o
 .text.mg_iobuf_resize
                0x08005434      0x118 ./Core/Src/mongoose.o
                0x08005434                mg_iobuf_resize
 .text.mg_iobuf_del
                0x0800554c       0x96 ./Core/Src/mongoose.o
                0x0800554c                mg_iobuf_del
 .text.mg_iobuf_free
                0x080055e2       0x18 ./Core/Src/mongoose.o
                0x080055e2                mg_iobuf_free
 *fill*         0x080055fa        0x2 
 .text.escapeseq
                0x080055fc       0x28 ./Core/Src/mongoose.o
 .text.json_esc
                0x08005624       0x60 ./Core/Src/mongoose.o
 .text.mg_pass_string
                0x08005684       0x82 ./Core/Src/mongoose.o
 *fill*         0x08005706        0x2 
 .text.mg_atod  0x08005708      0x2a0 ./Core/Src/mongoose.o
 .text.mg_json_get
                0x080059a8      0x674 ./Core/Src/mongoose.o
                0x080059a8                mg_json_get
 .text.mg_json_get_num
                0x0800601c       0x8a ./Core/Src/mongoose.o
                0x0800601c                mg_json_get_num
 .text.mg_json_get_long
                0x080060a6       0x44 ./Core/Src/mongoose.o
                0x080060a6                mg_json_get_long
 *fill*         0x080060ea        0x2 
 .text.logc     0x080060ec       0x28 ./Core/Src/mongoose.o
 .text.logs     0x08006114       0x36 ./Core/Src/mongoose.o
 *fill*         0x0800614a        0x2 
 .text.mg_log_prefix
                0x0800614c       0xa0 ./Core/Src/mongoose.o
                0x0800614c                mg_log_prefix
 .text.mg_log   0x080061ec       0x40 ./Core/Src/mongoose.o
                0x080061ec                mg_log
 .text.nibble   0x0800622c       0x2c ./Core/Src/mongoose.o
 .text.mg_hexdump
                0x08006258      0x168 ./Core/Src/mongoose.o
                0x08006258                mg_hexdump
 .text.mg_vprintf
                0x080063c0       0x38 ./Core/Src/mongoose.o
                0x080063c0                mg_vprintf
 .text.mg_printf
                0x080063f8       0x34 ./Core/Src/mongoose.o
                0x080063f8                mg_printf
 .text.mg_alloc_conn
                0x0800642c       0x58 ./Core/Src/mongoose.o
                0x0800642c                mg_alloc_conn
 .text.mg_close_conn
                0x08006484       0xd0 ./Core/Src/mongoose.o
                0x08006484                mg_close_conn
 .text.mg_listen
                0x08006554      0x144 ./Core/Src/mongoose.o
                0x08006554                mg_listen
 .text.mg_mgr_init
                0x08006698       0xe0 ./Core/Src/mongoose.o
                0x08006698                mg_mgr_init
 .text.mg_tcpip_call
                0x08006778       0x28 ./Core/Src/mongoose.o
 .text.mkpay    0x080067a0       0x3c ./Core/Src/mongoose.o
 .text.csumup   0x080067dc       0x56 ./Core/Src/mongoose.o
 .text.csumfin  0x08006832       0x36 ./Core/Src/mongoose.o
 .text.ipcsum   0x08006868       0x26 ./Core/Src/mongoose.o
 *fill*         0x0800688e        0x2 
 .text.settmout
                0x08006890       0xb8 ./Core/Src/mongoose.o
 .text.ether_output
                0x08006948       0x38 ./Core/Src/mongoose.o
 .text.mg_tcpip_arp_request
                0x08006980       0xd0 ./Core/Src/mongoose.o
                0x08006980                mg_tcpip_arp_request
 .text.onstatechange
                0x08006a50      0x154 ./Core/Src/mongoose.o
 .text.tx_ip    0x08006ba4       0xae ./Core/Src/mongoose.o
 .text.tx_udp   0x08006c52       0xd2 ./Core/Src/mongoose.o
 .text.tx_dhcp  0x08006d24      0x120 ./Core/Src/mongoose.o
 .text.tx_dhcp_request_sel
                0x08006e44      0x19c ./Core/Src/mongoose.o
 .text.tx_dhcp_request_re
                0x08006fe0       0x64 ./Core/Src/mongoose.o
 .text.tx_dhcp_discover
                0x08007044       0x78 ./Core/Src/mongoose.o
 .text.getpeer  0x080070bc       0xe2 ./Core/Src/mongoose.o
 *fill*         0x0800719e        0x2 
 .text.rx_arp   0x080071a0      0x224 ./Core/Src/mongoose.o
 .text.rx_icmp  0x080073c4       0xb8 ./Core/Src/mongoose.o
 .text.rx_dhcp_client
                0x0800747c      0x3d0 ./Core/Src/mongoose.o
 .text.rx_dhcp_server
                0x0800784c      0x3dc ./Core/Src/mongoose.o
 .text.rx_udp   0x08007c28       0xe4 ./Core/Src/mongoose.o
 .text.tx_tcp   0x08007d0c      0x198 ./Core/Src/mongoose.o
 .text.tx_tcp_pkt
                0x08007ea4       0x8c ./Core/Src/mongoose.o
 .text.accept_conn
                0x08007f30      0x170 ./Core/Src/mongoose.o
 .text.trim_len
                0x080080a0      0x11c ./Core/Src/mongoose.o
 .text.mg_io_send
                0x080081bc       0xee ./Core/Src/mongoose.o
                0x080081bc                mg_io_send
 *fill*         0x080082aa        0x2 
 .text.handle_tls_recv
                0x080082ac       0xc4 ./Core/Src/mongoose.o
 .text.read_conn
                0x08008370      0x41c ./Core/Src/mongoose.o
 .text.rx_tcp   0x0800878c      0x260 ./Core/Src/mongoose.o
 .text.rx_ip    0x080089ec      0x2dc ./Core/Src/mongoose.o
 .text.rx_ip6   0x08008cc8       0x84 ./Core/Src/mongoose.o
 .text.mg_tcpip_rx
                0x08008d4c      0x228 ./Core/Src/mongoose.o
 .text.mg_tcpip_poll
                0x08008f74      0x4b4 ./Core/Src/mongoose.o
 .text.mg_tcpip_qwrite
                0x08009428       0x5a ./Core/Src/mongoose.o
                0x08009428                mg_tcpip_qwrite
 *fill*         0x08009482        0x2 
 .text.mg_tcpip_init
                0x08009484      0x1d4 ./Core/Src/mongoose.o
                0x08009484                mg_tcpip_init
 .text.send_syn
                0x08009658       0x66 ./Core/Src/mongoose.o
 .text.mac_resolved
                0x080096be       0x48 ./Core/Src/mongoose.o
 .text.mg_open_listener
                0x08009706       0x2a ./Core/Src/mongoose.o
                0x08009706                mg_open_listener
 .text.write_conn
                0x08009730       0x80 ./Core/Src/mongoose.o
 .text.init_closure
                0x080097b0       0xa8 ./Core/Src/mongoose.o
 .text.close_conn
                0x08009858       0x26 ./Core/Src/mongoose.o
 .text.can_write
                0x0800987e       0x68 ./Core/Src/mongoose.o
 *fill*         0x080098e6        0x2 
 .text.mg_mgr_poll
                0x080098e8      0x200 ./Core/Src/mongoose.o
                0x080098e8                mg_mgr_poll
 .text.mg_ota_begin
                0x08009ae8       0x2c ./Core/Src/mongoose.o
                0x08009ae8                mg_ota_begin
 .text.mg_ota_write
                0x08009b14       0x24 ./Core/Src/mongoose.o
                0x08009b14                mg_ota_write
 .text.mg_ota_end
                0x08009b38       0xc0 ./Core/Src/mongoose.o
                0x08009b38                mg_ota_end
 .text.mg_pfn_iobuf_private
                0x08009bf8       0x90 ./Core/Src/mongoose.o
 .text.mg_putchar_iobuf_static
                0x08009c88       0x20 ./Core/Src/mongoose.o
 .text.mg_pfn_iobuf
                0x08009ca8       0x20 ./Core/Src/mongoose.o
                0x08009ca8                mg_pfn_iobuf
 .text.mg_vsnprintf
                0x08009cc8       0x50 ./Core/Src/mongoose.o
                0x08009cc8                mg_vsnprintf
 .text.mg_snprintf
                0x08009d18       0x32 ./Core/Src/mongoose.o
                0x08009d18                mg_snprintf
 *fill*         0x08009d4a        0x2 
 .text.mg_vmprintf
                0x08009d4c       0x38 ./Core/Src/mongoose.o
                0x08009d4c                mg_vmprintf
 .text.mg_mprintf
                0x08009d84       0x2a ./Core/Src/mongoose.o
                0x08009d84                mg_mprintf
 .text.mg_pfn_stdout
                0x08009dae       0x1c ./Core/Src/mongoose.o
                0x08009dae                mg_pfn_stdout
 *fill*         0x08009dca        0x2 
 .text.print_ip4
                0x08009dcc       0x48 ./Core/Src/mongoose.o
 .text.print_ip6
                0x08009e14       0xbc ./Core/Src/mongoose.o
 .text.mg_print_ip4
                0x08009ed0       0x2e ./Core/Src/mongoose.o
                0x08009ed0                mg_print_ip4
 .text.mg_print_ip
                0x08009efe       0x48 ./Core/Src/mongoose.o
                0x08009efe                mg_print_ip
 *fill*         0x08009f46        0x2 
 .text.mg_print_ip_port
                0x08009f48       0x4c ./Core/Src/mongoose.o
                0x08009f48                mg_print_ip_port
 .text.mg_print_mac
                0x08009f94       0x6c ./Core/Src/mongoose.o
                0x08009f94                mg_print_mac
 .text.mg_queue_read_len
                0x0800a000       0x54 ./Core/Src/mongoose.o
 .text.mg_queue_write_len
                0x0800a054       0x2c ./Core/Src/mongoose.o
 .text.mg_queue_book
                0x0800a080       0xae ./Core/Src/mongoose.o
                0x0800a080                mg_queue_book
 *fill*         0x0800a12e        0x2 
 .text.mg_queue_next
                0x0800a130       0x8c ./Core/Src/mongoose.o
                0x0800a130                mg_queue_next
 .text.mg_queue_add
                0x0800a1bc       0x70 ./Core/Src/mongoose.o
                0x0800a1bc                mg_queue_add
 .text.mg_queue_del
                0x0800a22c       0x48 ./Core/Src/mongoose.o
                0x0800a22c                mg_queue_del
 .text.mg_http_serve_ssi
                0x0800a274       0x28 ./Core/Src/mongoose.o
                0x0800a274                mg_http_serve_ssi
 .text.mg_str_s
                0x0800a29c       0x3a ./Core/Src/mongoose.o
                0x0800a29c                mg_str_s
 .text.mg_str_n
                0x0800a2d6       0x30 ./Core/Src/mongoose.o
                0x0800a2d6                mg_str_n
 .text.mg_tolc  0x0800a306       0x2a ./Core/Src/mongoose.o
 .text.mg_strcmp
                0x0800a330       0x84 ./Core/Src/mongoose.o
                0x0800a330                mg_strcmp
 .text.mg_strcasecmp
                0x0800a3b4       0x8e ./Core/Src/mongoose.o
                0x0800a3b4                mg_strcasecmp
 .text.mg_match
                0x0800a442      0x1e8 ./Core/Src/mongoose.o
                0x0800a442                mg_match
 .text.mg_span  0x0800a62a       0xba ./Core/Src/mongoose.o
                0x0800a62a                mg_span
 .text.mg_str_to_num
                0x0800a6e4      0x466 ./Core/Src/mongoose.o
                0x0800a6e4                mg_str_to_num
 .text.mg_timer_expired
                0x0800ab4a       0xc8 ./Core/Src/mongoose.o
                0x0800ab4a                mg_timer_expired
 .text.mg_timer_poll
                0x0800ac12       0xce ./Core/Src/mongoose.o
                0x0800ac12                mg_timer_poll
 .text.mg_tls_handshake
                0x0800ace0       0x14 ./Core/Src/mongoose.o
                0x0800ace0                mg_tls_handshake
 .text.mg_tls_free
                0x0800acf4       0x14 ./Core/Src/mongoose.o
                0x0800acf4                mg_tls_free
 .text.mg_tls_recv
                0x0800ad08       0x32 ./Core/Src/mongoose.o
                0x0800ad08                mg_tls_recv
 .text.mg_tls_send
                0x0800ad3a       0x32 ./Core/Src/mongoose.o
                0x0800ad3a                mg_tls_send
 .text.mg_tls_pending
                0x0800ad6c       0x16 ./Core/Src/mongoose.o
                0x0800ad6c                mg_tls_pending
 .text.mg_tls_ctx_init
                0x0800ad82       0x14 ./Core/Src/mongoose.o
                0x0800ad82                mg_tls_ctx_init
 *fill*         0x0800ad96        0x2 
 .text.mg_url_is_ssl
                0x0800ad98       0x90 ./Core/Src/mongoose.o
                0x0800ad98                mg_url_is_ssl
 .text.urlparse
                0x0800ae28      0x102 ./Core/Src/mongoose.o
 *fill*         0x0800af2a        0x2 
 .text.mg_url_port
                0x0800af2c       0xc8 ./Core/Src/mongoose.o
                0x0800af2c                mg_url_port
 .text.mg_bzero
                0x0800aff4       0x32 ./Core/Src/mongoose.o
                0x0800aff4                mg_bzero
 *fill*         0x0800b026        0x2 
 .text.mg_crc32
                0x0800b028       0x74 ./Core/Src/mongoose.o
                0x0800b028                mg_crc32
 .text.mg_path_is_sane
                0x0800b09c       0x80 ./Core/Src/mongoose.o
                0x0800b09c                mg_path_is_sane
 .text.mg_ntohs
                0x0800b11c       0x2c ./Core/Src/mongoose.o
                0x0800b11c                mg_ntohs
 .text.mg_ntohl
                0x0800b148       0x36 ./Core/Src/mongoose.o
                0x0800b148                mg_ntohl
 *fill*         0x0800b17e        0x2 
 .text.mg_phy_id_to_str
                0x0800b180       0xa0 ./Core/Src/mongoose.o
 .text.mg_phy_init
                0x0800b220      0x170 ./Core/Src/mongoose.o
                0x0800b220                mg_phy_init
 .text.mg_phy_up
                0x0800b390      0x1ea ./Core/Src/mongoose.o
                0x0800b390                mg_phy_up
 *fill*         0x0800b57a        0x2 
 .text.eth_read_phy
                0x0800b57c       0x74 ./Core/Src/mongoose.o
 .text.eth_write_phy
                0x0800b5f0       0x78 ./Core/Src/mongoose.o
 .text.mg_tcpip_driver_stm32h_init
                0x0800b668      0x268 ./Core/Src/mongoose.o
 .text.mg_tcpip_driver_stm32h_tx
                0x0800b8d0      0x1b8 ./Core/Src/mongoose.o
 .text.mg_tcpip_driver_stm32h_poll
                0x0800ba88      0x10c ./Core/Src/mongoose.o
 .text.ETH_IRQHandler
                0x0800bb94      0x120 ./Core/Src/mongoose.o
                0x0800bb94                ETH_IRQHandler
 .text.HAL_MspInit
                0x0800bcb4       0x3c ./Core/Src/stm32h7xx_hal_msp.o
                0x0800bcb4                HAL_MspInit
 .text.HAL_ETH_MspInit
                0x0800bcf0      0x1ac ./Core/Src/stm32h7xx_hal_msp.o
                0x0800bcf0                HAL_ETH_MspInit
 .text.HAL_RNG_MspInit
                0x0800be9c       0x74 ./Core/Src/stm32h7xx_hal_msp.o
                0x0800be9c                HAL_RNG_MspInit
 .text.HAL_UART_MspInit
                0x0800bf10       0xd4 ./Core/Src/stm32h7xx_hal_msp.o
                0x0800bf10                HAL_UART_MspInit
 .text.HAL_InitTick
                0x0800bfe4       0xd8 ./Core/Src/stm32h7xx_hal_timebase_tim.o
                0x0800bfe4                HAL_InitTick
 .text.NMI_Handler
                0x0800c0bc        0x8 ./Core/Src/stm32h7xx_it.o
                0x0800c0bc                NMI_Handler
 .text.HardFault_Handler
                0x0800c0c4        0x8 ./Core/Src/stm32h7xx_it.o
                0x0800c0c4                HardFault_Handler
 .text.MemManage_Handler
                0x0800c0cc        0x8 ./Core/Src/stm32h7xx_it.o
                0x0800c0cc                MemManage_Handler
 .text.BusFault_Handler
                0x0800c0d4        0x8 ./Core/Src/stm32h7xx_it.o
                0x0800c0d4                BusFault_Handler
 .text.UsageFault_Handler
                0x0800c0dc        0x8 ./Core/Src/stm32h7xx_it.o
                0x0800c0dc                UsageFault_Handler
 .text.DebugMon_Handler
                0x0800c0e4        0xe ./Core/Src/stm32h7xx_it.o
                0x0800c0e4                DebugMon_Handler
 *fill*         0x0800c0f2        0x2 
 .text.TIM6_DAC_IRQHandler
                0x0800c0f4       0x14 ./Core/Src/stm32h7xx_it.o
                0x0800c0f4                TIM6_DAC_IRQHandler
 .text._getpid  0x0800c108       0x10 ./Core/Src/syscalls.o
                0x0800c108                _getpid
 .text._kill    0x0800c118       0x20 ./Core/Src/syscalls.o
                0x0800c118                _kill
 .text._exit    0x0800c138       0x16 ./Core/Src/syscalls.o
                0x0800c138                _exit
 .text._read    0x0800c14e       0x3a ./Core/Src/syscalls.o
                0x0800c14e                _read
 .text._close   0x0800c188       0x18 ./Core/Src/syscalls.o
                0x0800c188                _close
 .text._fstat   0x0800c1a0       0x20 ./Core/Src/syscalls.o
                0x0800c1a0                _fstat
 .text._isatty  0x0800c1c0       0x16 ./Core/Src/syscalls.o
                0x0800c1c0                _isatty
 .text._lseek   0x0800c1d6       0x1a ./Core/Src/syscalls.o
                0x0800c1d6                _lseek
 .text._sbrk    0x0800c1f0       0x6c ./Core/Src/sysmem.o
                0x0800c1f0                _sbrk
 .text.SystemInit
                0x0800c25c      0x120 ./Core/Src/system_stm32h7xx.o
                0x0800c25c                SystemInit
 .text.ExitRun0Mode
                0x0800c37c       0x30 ./Core/Src/system_stm32h7xx.o
                0x0800c37c                ExitRun0Mode
 .text.handle_firmware_upload
                0x0800c3ac      0x1ec ./Core/Src/http/FOTA/firmware_update.o
                0x0800c3ac                handle_firmware_upload
 .text.GET_requests_router
                0x0800c598      0x184 ./Core/Src/http/routers/get_router.o
                0x0800c598                GET_requests_router
 .text.mg_random
                0x0800c71c       0x5c ./Core/Src/http/routers/main_router.o
                0x0800c71c                mg_random
 .text.mg_millis
                0x0800c778       0x1a ./Core/Src/http/routers/main_router.o
                0x0800c778                mg_millis
 *fill*         0x0800c792        0x2 
 .text.handle_http_request
                0x0800c794       0x88 ./Core/Src/http/routers/main_router.o
 .text.numconns
                0x0800c81c       0x36 ./Core/Src/http/routers/main_router.o
 *fill*         0x0800c852        0x2 
 .text.event_handler
                0x0800c854       0x98 ./Core/Src/http/routers/main_router.o
                0x0800c854                event_handler
 .text.POST_requests_router
                0x0800c8ec       0xac ./Core/Src/http/routers/post_router.o
                0x0800c8ec                POST_requests_router
 .text.scmp     0x0800c998       0x44 ./Core/Src/http/web_ui/file_system/packed_fs.o
 .text.mg_unlist
                0x0800c9dc       0x28 ./Core/Src/http/web_ui/file_system/packed_fs.o
                0x0800c9dc                mg_unlist
 .text.mg_unpack
                0x0800ca04       0x6c ./Core/Src/http/web_ui/file_system/packed_fs.o
                0x0800ca04                mg_unpack
 .text.Reset_Handler
                0x0800ca70       0x54 ./Core/Startup/startup_stm32h723zgtx.o
                0x0800ca70                Reset_Handler
 .text.Default_Handler
                0x0800cac4        0x2 ./Core/Startup/startup_stm32h723zgtx.o
                0x0800cac4                RTC_Alarm_IRQHandler
                0x0800cac4                EXTI2_IRQHandler
                0x0800cac4                TIM8_CC_IRQHandler
                0x0800cac4                UART8_IRQHandler
                0x0800cac4                SPI4_IRQHandler
                0x0800cac4                FDCAN3_IT0_IRQHandler
                0x0800cac4                TIM1_CC_IRQHandler
                0x0800cac4                BDMA_Channel6_IRQHandler
                0x0800cac4                DMA2_Stream5_IRQHandler
                0x0800cac4                DMA1_Stream5_IRQHandler
                0x0800cac4                CORDIC_IRQHandler
                0x0800cac4                BDMA_Channel1_IRQHandler
                0x0800cac4                TAMP_STAMP_IRQHandler
                0x0800cac4                EXTI3_IRQHandler
                0x0800cac4                LPTIM4_IRQHandler
                0x0800cac4                TIM8_TRG_COM_TIM14_IRQHandler
                0x0800cac4                LPTIM2_IRQHandler
                0x0800cac4                DFSDM1_FLT1_IRQHandler
                0x0800cac4                DMAMUX2_OVR_IRQHandler
                0x0800cac4                TIM8_UP_TIM13_IRQHandler
                0x0800cac4                I2C3_ER_IRQHandler
                0x0800cac4                DFSDM1_FLT2_IRQHandler
                0x0800cac4                I2C5_EV_IRQHandler
                0x0800cac4                USART10_IRQHandler
                0x0800cac4                MDMA_IRQHandler
                0x0800cac4                LPTIM3_IRQHandler
                0x0800cac4                HSEM1_IRQHandler
                0x0800cac4                EXTI0_IRQHandler
                0x0800cac4                I2C2_EV_IRQHandler
                0x0800cac4                DMA1_Stream2_IRQHandler
                0x0800cac4                FPU_IRQHandler
                0x0800cac4                OTG_HS_WKUP_IRQHandler
                0x0800cac4                FDCAN1_IT1_IRQHandler
                0x0800cac4                LTDC_ER_IRQHandler
                0x0800cac4                DMA2_Stream2_IRQHandler
                0x0800cac4                SPI1_IRQHandler
                0x0800cac4                OCTOSPI1_IRQHandler
                0x0800cac4                DMA2_Stream3_IRQHandler
                0x0800cac4                OCTOSPI2_IRQHandler
                0x0800cac4                DFSDM1_FLT3_IRQHandler
                0x0800cac4                TIM23_IRQHandler
                0x0800cac4                USART6_IRQHandler
                0x0800cac4                TIM17_IRQHandler
                0x0800cac4                USART3_IRQHandler
                0x0800cac4                BDMA_Channel7_IRQHandler
                0x0800cac4                LPTIM5_IRQHandler
                0x0800cac4                UART5_IRQHandler
                0x0800cac4                ADC3_IRQHandler
                0x0800cac4                DMA2_Stream0_IRQHandler
                0x0800cac4                TIM4_IRQHandler
                0x0800cac4                BDMA_Channel2_IRQHandler
                0x0800cac4                I2C1_EV_IRQHandler
                0x0800cac4                DMA1_Stream6_IRQHandler
                0x0800cac4                DMAMUX1_OVR_IRQHandler
                0x0800cac4                DMA1_Stream1_IRQHandler
                0x0800cac4                TIM16_IRQHandler
                0x0800cac4                UART4_IRQHandler
                0x0800cac4                BDMA_Channel5_IRQHandler
                0x0800cac4                TIM3_IRQHandler
                0x0800cac4                RCC_IRQHandler
                0x0800cac4                UART9_IRQHandler
                0x0800cac4                TIM8_BRK_TIM12_IRQHandler
                0x0800cac4                TIM1_TRG_COM_IRQHandler
                0x0800cac4                Default_Handler
                0x0800cac4                ECC_IRQHandler
                0x0800cac4                FMAC_IRQHandler
                0x0800cac4                CEC_IRQHandler
                0x0800cac4                EXTI15_10_IRQHandler
                0x0800cac4                BDMA_Channel0_IRQHandler
                0x0800cac4                ADC_IRQHandler
                0x0800cac4                I2C5_ER_IRQHandler
                0x0800cac4                DMA1_Stream7_IRQHandler
                0x0800cac4                SPI5_IRQHandler
                0x0800cac4                TIM7_IRQHandler
                0x0800cac4                FDCAN3_IT1_IRQHandler
                0x0800cac4                SDMMC1_IRQHandler
                0x0800cac4                TIM5_IRQHandler
                0x0800cac4                DMA2_Stream7_IRQHandler
                0x0800cac4                TIM15_IRQHandler
                0x0800cac4                PVD_AVD_IRQHandler
                0x0800cac4                I2C3_EV_IRQHandler
                0x0800cac4                EXTI9_5_IRQHandler
                0x0800cac4                RTC_WKUP_IRQHandler
                0x0800cac4                LTDC_IRQHandler
                0x0800cac4                ETH_WKUP_IRQHandler
                0x0800cac4                SPDIF_RX_IRQHandler
                0x0800cac4                SPI2_IRQHandler
                0x0800cac4                OTG_HS_EP1_IN_IRQHandler
                0x0800cac4                DMA1_Stream0_IRQHandler
                0x0800cac4                TIM24_IRQHandler
                0x0800cac4                CRS_IRQHandler
                0x0800cac4                EXTI4_IRQHandler
                0x0800cac4                RNG_IRQHandler
                0x0800cac4                FDCAN2_IT1_IRQHandler
                0x0800cac4                TIM1_UP_IRQHandler
                0x0800cac4                BDMA_Channel4_IRQHandler
                0x0800cac4                OTG_HS_EP1_OUT_IRQHandler
                0x0800cac4                WWDG_IRQHandler
                0x0800cac4                SPI6_IRQHandler
                0x0800cac4                MDIOS_IRQHandler
                0x0800cac4                I2C4_EV_IRQHandler
                0x0800cac4                FDCAN2_IT0_IRQHandler
                0x0800cac4                LPUART1_IRQHandler
                0x0800cac4                FDCAN1_IT0_IRQHandler
                0x0800cac4                TIM2_IRQHandler
                0x0800cac4                OTG_HS_IRQHandler
                0x0800cac4                DMA2D_IRQHandler
                0x0800cac4                TIM1_BRK_IRQHandler
                0x0800cac4                EXTI1_IRQHandler
                0x0800cac4                SDMMC2_IRQHandler
                0x0800cac4                BDMA_Channel3_IRQHandler
                0x0800cac4                DTS_IRQHandler
                0x0800cac4                UART7_IRQHandler
                0x0800cac4                MDIOS_WKUP_IRQHandler
                0x0800cac4                USART2_IRQHandler
                0x0800cac4                DFSDM1_FLT0_IRQHandler
                0x0800cac4                SAI4_IRQHandler
                0x0800cac4                I2C2_ER_IRQHandler
                0x0800cac4                DMA2_Stream1_IRQHandler
                0x0800cac4                FLASH_IRQHandler
                0x0800cac4                DMA2_Stream4_IRQHandler
                0x0800cac4                USART1_IRQHandler
                0x0800cac4                SPI3_IRQHandler
                0x0800cac4                WAKEUP_PIN_IRQHandler
                0x0800cac4                DMA1_Stream4_IRQHandler
                0x0800cac4                I2C1_ER_IRQHandler
                0x0800cac4                FMC_IRQHandler
                0x0800cac4                FDCAN_CAL_IRQHandler
                0x0800cac4                SWPMI1_IRQHandler
                0x0800cac4                COMP1_IRQHandler
                0x0800cac4                LPTIM1_IRQHandler
                0x0800cac4                DCMI_PSSI_IRQHandler
                0x0800cac4                I2C4_ER_IRQHandler
                0x0800cac4                DMA2_Stream6_IRQHandler
                0x0800cac4                SAI1_IRQHandler
                0x0800cac4                DMA1_Stream3_IRQHandler
 *fill*         0x0800cac6        0x2 
 .text.HAL_Init
                0x0800cac8       0x78 ./Drivers/STM32H7xx_HAL_Driver/Src/stm32h7xx_hal.o
                0x0800cac8                HAL_Init
 .text.HAL_IncTick
                0x0800cb40       0x28 ./Drivers/STM32H7xx_HAL_Driver/Src/stm32h7xx_hal.o
                0x0800cb40                HAL_IncTick
 .text.HAL_GetTick
                0x0800cb68       0x18 ./Drivers/STM32H7xx_HAL_Driver/Src/stm32h7xx_hal.o
                0x0800cb68                HAL_GetTick
 .text.HAL_Delay
                0x0800cb80       0x48 ./Drivers/STM32H7xx_HAL_Driver/Src/stm32h7xx_hal.o
                0x0800cb80                HAL_Delay
 .text.HAL_SYSCFG_ETHInterfaceSelect
                0x0800cbc8       0x28 ./Drivers/STM32H7xx_HAL_Driver/Src/stm32h7xx_hal.o
                0x0800cbc8                HAL_SYSCFG_ETHInterfaceSelect
 .text.__NVIC_SetPriorityGrouping
                0x0800cbf0       0x48 ./Drivers/STM32H7xx_HAL_Driver/Src/stm32h7xx_hal_cortex.o
 .text.__NVIC_GetPriorityGrouping
                0x0800cc38       0x1c ./Drivers/STM32H7xx_HAL_Driver/Src/stm32h7xx_hal_cortex.o
 .text.__NVIC_EnableIRQ
                0x0800cc54       0x3c ./Drivers/STM32H7xx_HAL_Driver/Src/stm32h7xx_hal_cortex.o
 .text.__NVIC_SetPriority
                0x0800cc90       0x54 ./Drivers/STM32H7xx_HAL_Driver/Src/stm32h7xx_hal_cortex.o
 .text.NVIC_EncodePriority
                0x0800cce4       0x66 ./Drivers/STM32H7xx_HAL_Driver/Src/stm32h7xx_hal_cortex.o
 .text.HAL_NVIC_SetPriorityGrouping
                0x0800cd4a       0x16 ./Drivers/STM32H7xx_HAL_Driver/Src/stm32h7xx_hal_cortex.o
                0x0800cd4a                HAL_NVIC_SetPriorityGrouping
 .text.HAL_NVIC_SetPriority
                0x0800cd60       0x34 ./Drivers/STM32H7xx_HAL_Driver/Src/stm32h7xx_hal_cortex.o
                0x0800cd60                HAL_NVIC_SetPriority
 .text.HAL_NVIC_EnableIRQ
                0x0800cd94       0x1c ./Drivers/STM32H7xx_HAL_Driver/Src/stm32h7xx_hal_cortex.o
                0x0800cd94                HAL_NVIC_EnableIRQ
 .text.HAL_ETH_Init
                0x0800cdb0      0x1fc ./Drivers/STM32H7xx_HAL_Driver/Src/stm32h7xx_hal_eth.o
                0x0800cdb0                HAL_ETH_Init
 .text.HAL_ETH_SetMDIOClockRange
                0x0800cfac       0xa0 ./Drivers/STM32H7xx_HAL_Driver/Src/stm32h7xx_hal_eth.o
                0x0800cfac                HAL_ETH_SetMDIOClockRange
 .text.ETH_SetMACConfig
                0x0800d04c      0x238 ./Drivers/STM32H7xx_HAL_Driver/Src/stm32h7xx_hal_eth.o
 .text.ETH_SetDMAConfig
                0x0800d284      0x10c ./Drivers/STM32H7xx_HAL_Driver/Src/stm32h7xx_hal_eth.o
 .text.ETH_MACDMAConfig
                0x0800d390      0x13a ./Drivers/STM32H7xx_HAL_Driver/Src/stm32h7xx_hal_eth.o
 .text.ETH_DMATxDescListInit
                0x0800d4ca       0x92 ./Drivers/STM32H7xx_HAL_Driver/Src/stm32h7xx_hal_eth.o
 .text.ETH_DMARxDescListInit
                0x0800d55c       0xba ./Drivers/STM32H7xx_HAL_Driver/Src/stm32h7xx_hal_eth.o
 *fill*         0x0800d616        0x2 
 .text.HAL_GPIO_Init
                0x0800d618      0x350 ./Drivers/STM32H7xx_HAL_Driver/Src/stm32h7xx_hal_gpio.o
                0x0800d618                HAL_GPIO_Init
 .text.HAL_GPIO_ReadPin
                0x0800d968       0x30 ./Drivers/STM32H7xx_HAL_Driver/Src/stm32h7xx_hal_gpio.o
                0x0800d968                HAL_GPIO_ReadPin
 .text.HAL_GPIO_WritePin
                0x0800d998       0x32 ./Drivers/STM32H7xx_HAL_Driver/Src/stm32h7xx_hal_gpio.o
                0x0800d998                HAL_GPIO_WritePin
 .text.HAL_GPIO_TogglePin
                0x0800d9ca       0x34 ./Drivers/STM32H7xx_HAL_Driver/Src/stm32h7xx_hal_gpio.o
                0x0800d9ca                HAL_GPIO_TogglePin
 *fill*         0x0800d9fe        0x2 
 .text.HAL_PWREx_ConfigSupply
                0x0800da00       0x74 ./Drivers/STM32H7xx_HAL_Driver/Src/stm32h7xx_hal_pwr_ex.o
                0x0800da00                HAL_PWREx_ConfigSupply
 .text.HAL_RCC_OscConfig
                0x0800da74      0x7b4 ./Drivers/STM32H7xx_HAL_Driver/Src/stm32h7xx_hal_rcc.o
                0x0800da74                HAL_RCC_OscConfig
 .text.HAL_RCC_ClockConfig
                0x0800e228      0x36c ./Drivers/STM32H7xx_HAL_Driver/Src/stm32h7xx_hal_rcc.o
                0x0800e228                HAL_RCC_ClockConfig
 .text.HAL_RCC_GetSysClockFreq
                0x0800e594      0x2f4 ./Drivers/STM32H7xx_HAL_Driver/Src/stm32h7xx_hal_rcc.o
                0x0800e594                HAL_RCC_GetSysClockFreq
 .text.HAL_RCC_GetHCLKFreq
                0x0800e888       0x60 ./Drivers/STM32H7xx_HAL_Driver/Src/stm32h7xx_hal_rcc.o
                0x0800e888                HAL_RCC_GetHCLKFreq
 .text.HAL_RCC_GetPCLK1Freq
                0x0800e8e8       0x2c ./Drivers/STM32H7xx_HAL_Driver/Src/stm32h7xx_hal_rcc.o
                0x0800e8e8                HAL_RCC_GetPCLK1Freq
 .text.HAL_RCC_GetPCLK2Freq
                0x0800e914       0x2c ./Drivers/STM32H7xx_HAL_Driver/Src/stm32h7xx_hal_rcc.o
                0x0800e914                HAL_RCC_GetPCLK2Freq
 .text.HAL_RCC_GetClockConfig
                0x0800e940       0x84 ./Drivers/STM32H7xx_HAL_Driver/Src/stm32h7xx_hal_rcc.o
                0x0800e940                HAL_RCC_GetClockConfig
 .text.HAL_RCCEx_PeriphCLKConfig
                0x0800e9c4     0x1340 ./Drivers/STM32H7xx_HAL_Driver/Src/stm32h7xx_hal_rcc_ex.o
                0x0800e9c4                HAL_RCCEx_PeriphCLKConfig
 .text.HAL_RCCEx_GetD3PCLK1Freq
                0x0800fd04       0x2c ./Drivers/STM32H7xx_HAL_Driver/Src/stm32h7xx_hal_rcc_ex.o
                0x0800fd04                HAL_RCCEx_GetD3PCLK1Freq
 .text.HAL_RCCEx_GetPLL2ClockFreq
                0x0800fd30      0x2a8 ./Drivers/STM32H7xx_HAL_Driver/Src/stm32h7xx_hal_rcc_ex.o
                0x0800fd30                HAL_RCCEx_GetPLL2ClockFreq
 .text.HAL_RCCEx_GetPLL3ClockFreq
                0x0800ffd8      0x2a8 ./Drivers/STM32H7xx_HAL_Driver/Src/stm32h7xx_hal_rcc_ex.o
                0x0800ffd8                HAL_RCCEx_GetPLL3ClockFreq
 .text.RCCEx_PLL2_Config
                0x08010280      0x164 ./Drivers/STM32H7xx_HAL_Driver/Src/stm32h7xx_hal_rcc_ex.o
 .text.RCCEx_PLL3_Config
                0x080103e4      0x164 ./Drivers/STM32H7xx_HAL_Driver/Src/stm32h7xx_hal_rcc_ex.o
 .text.HAL_RNG_Init
                0x08010548      0x148 ./Drivers/STM32H7xx_HAL_Driver/Src/stm32h7xx_hal_rng.o
                0x08010548                HAL_RNG_Init
 .text.HAL_RNG_GenerateRandomNumber
                0x08010690       0xf4 ./Drivers/STM32H7xx_HAL_Driver/Src/stm32h7xx_hal_rng.o
                0x08010690                HAL_RNG_GenerateRandomNumber
 .text.HAL_RNG_ErrorCallback
                0x08010784       0x14 ./Drivers/STM32H7xx_HAL_Driver/Src/stm32h7xx_hal_rng.o
                0x08010784                HAL_RNG_ErrorCallback
 .text.RNG_RecoverSeedError
                0x08010798      0x102 ./Drivers/STM32H7xx_HAL_Driver/Src/stm32h7xx_hal_rng.o
                0x08010798                RNG_RecoverSeedError
 .text.HAL_TIM_Base_Init
                0x0801089a       0xae ./Drivers/STM32H7xx_HAL_Driver/Src/stm32h7xx_hal_tim.o
                0x0801089a                HAL_TIM_Base_Init
 .text.HAL_TIM_Base_MspInit
                0x08010948       0x14 ./Drivers/STM32H7xx_HAL_Driver/Src/stm32h7xx_hal_tim.o
                0x08010948                HAL_TIM_Base_MspInit
 .text.HAL_TIM_Base_Start_IT
                0x0801095c      0x10c ./Drivers/STM32H7xx_HAL_Driver/Src/stm32h7xx_hal_tim.o
                0x0801095c                HAL_TIM_Base_Start_IT
 .text.HAL_TIM_IRQHandler
                0x08010a68      0x20e ./Drivers/STM32H7xx_HAL_Driver/Src/stm32h7xx_hal_tim.o
                0x08010a68                HAL_TIM_IRQHandler
 .text.HAL_TIM_OC_DelayElapsedCallback
                0x08010c76       0x14 ./Drivers/STM32H7xx_HAL_Driver/Src/stm32h7xx_hal_tim.o
                0x08010c76                HAL_TIM_OC_DelayElapsedCallback
 .text.HAL_TIM_IC_CaptureCallback
                0x08010c8a       0x14 ./Drivers/STM32H7xx_HAL_Driver/Src/stm32h7xx_hal_tim.o
                0x08010c8a                HAL_TIM_IC_CaptureCallback
 .text.HAL_TIM_PWM_PulseFinishedCallback
                0x08010c9e       0x14 ./Drivers/STM32H7xx_HAL_Driver/Src/stm32h7xx_hal_tim.o
                0x08010c9e                HAL_TIM_PWM_PulseFinishedCallback
 .text.HAL_TIM_TriggerCallback
                0x08010cb2       0x14 ./Drivers/STM32H7xx_HAL_Driver/Src/stm32h7xx_hal_tim.o
                0x08010cb2                HAL_TIM_TriggerCallback
 *fill*         0x08010cc6        0x2 
 .text.TIM_Base_SetConfig
                0x08010cc8      0x158 ./Drivers/STM32H7xx_HAL_Driver/Src/stm32h7xx_hal_tim.o
                0x08010cc8                TIM_Base_SetConfig
 .text.HAL_TIMEx_CommutCallback
                0x08010e20       0x14 ./Drivers/STM32H7xx_HAL_Driver/Src/stm32h7xx_hal_tim_ex.o
                0x08010e20                HAL_TIMEx_CommutCallback
 .text.HAL_TIMEx_BreakCallback
                0x08010e34       0x14 ./Drivers/STM32H7xx_HAL_Driver/Src/stm32h7xx_hal_tim_ex.o
                0x08010e34                HAL_TIMEx_BreakCallback
 .text.HAL_TIMEx_Break2Callback
                0x08010e48       0x14 ./Drivers/STM32H7xx_HAL_Driver/Src/stm32h7xx_hal_tim_ex.o
                0x08010e48                HAL_TIMEx_Break2Callback
 .text.HAL_UART_Init
                0x08010e5c       0xa0 ./Drivers/STM32H7xx_HAL_Driver/Src/stm32h7xx_hal_uart.o
                0x08010e5c                HAL_UART_Init
 .text.HAL_UART_Transmit
                0x08010efc      0x11c ./Drivers/STM32H7xx_HAL_Driver/Src/stm32h7xx_hal_uart.o
                0x08010efc                HAL_UART_Transmit
 .text.UART_SetConfig
                0x08011018      0xcd8 ./Drivers/STM32H7xx_HAL_Driver/Src/stm32h7xx_hal_uart.o
                0x08011018                UART_SetConfig
 .text.UART_AdvFeatureConfig
                0x08011cf0      0x144 ./Drivers/STM32H7xx_HAL_Driver/Src/stm32h7xx_hal_uart.o
                0x08011cf0                UART_AdvFeatureConfig
 .text.UART_CheckIdleState
                0x08011e34      0x154 ./Drivers/STM32H7xx_HAL_Driver/Src/stm32h7xx_hal_uart.o
                0x08011e34                UART_CheckIdleState
 .text.UART_WaitOnFlagUntilTimeout
                0x08011f88       0xda ./Drivers/STM32H7xx_HAL_Driver/Src/stm32h7xx_hal_uart.o
                0x08011f88                UART_WaitOnFlagUntilTimeout
 *fill*         0x08012062        0x2 
 .text.UART_EndRxTransfer
                0x08012064       0xcc ./Drivers/STM32H7xx_HAL_Driver/Src/stm32h7xx_hal_uart.o
 .text.HAL_UARTEx_DisableFifoMode
                0x08012130       0x72 ./Drivers/STM32H7xx_HAL_Driver/Src/stm32h7xx_hal_uart_ex.o
                0x08012130                HAL_UARTEx_DisableFifoMode
 .text.HAL_UARTEx_SetTxFifoThreshold
                0x080121a2       0x7c ./Drivers/STM32H7xx_HAL_Driver/Src/stm32h7xx_hal_uart_ex.o
                0x080121a2                HAL_UARTEx_SetTxFifoThreshold
 .text.HAL_UARTEx_SetRxFifoThreshold
                0x0801221e       0x7c ./Drivers/STM32H7xx_HAL_Driver/Src/stm32h7xx_hal_uart_ex.o
                0x0801221e                HAL_UARTEx_SetRxFifoThreshold
 *fill*         0x0801229a        0x2 
 .text.UARTEx_SetNbDataToProcess
                0x0801229c       0x9c ./Drivers/STM32H7xx_HAL_Driver/Src/stm32h7xx_hal_uart_ex.o
 .text.__NVIC_SetPriority
                0x08012338       0x54 ./Middlewares/Third_Party/FreeRTOS/Source/CMSIS_RTOS_V2/cmsis_os2.o
 .text.SysTick_Handler
                0x0801238c       0x20 ./Middlewares/Third_Party/FreeRTOS/Source/CMSIS_RTOS_V2/cmsis_os2.o
                0x0801238c                SysTick_Handler
 .text.SVC_Setup
                0x080123ac       0x12 ./Middlewares/Third_Party/FreeRTOS/Source/CMSIS_RTOS_V2/cmsis_os2.o
 *fill*         0x080123be        0x2 
 .text.osKernelInitialize
                0x080123c0       0x48 ./Middlewares/Third_Party/FreeRTOS/Source/CMSIS_RTOS_V2/cmsis_os2.o
                0x080123c0                osKernelInitialize
 .text.osKernelStart
                0x08012408       0x4c ./Middlewares/Third_Party/FreeRTOS/Source/CMSIS_RTOS_V2/cmsis_os2.o
                0x08012408                osKernelStart
 .text.osThreadNew
                0x08012454      0x124 ./Middlewares/Third_Party/FreeRTOS/Source/CMSIS_RTOS_V2/cmsis_os2.o
                0x08012454                osThreadNew
 .text.osDelay  0x08012578       0x36 ./Middlewares/Third_Party/FreeRTOS/Source/CMSIS_RTOS_V2/cmsis_os2.o
                0x08012578                osDelay
 *fill*         0x080125ae        0x2 
 .text.vApplicationGetIdleTaskMemory
                0x080125b0       0x34 ./Middlewares/Third_Party/FreeRTOS/Source/CMSIS_RTOS_V2/cmsis_os2.o
                0x080125b0                vApplicationGetIdleTaskMemory
 .text.vApplicationGetTimerTaskMemory
                0x080125e4       0x34 ./Middlewares/Third_Party/FreeRTOS/Source/CMSIS_RTOS_V2/cmsis_os2.o
                0x080125e4                vApplicationGetTimerTaskMemory
 .text.vListInitialise
                0x08012618       0x40 ./Middlewares/Third_Party/FreeRTOS/Source/list.o
                0x08012618                vListInitialise
 .text.vListInitialiseItem
                0x08012658       0x1a ./Middlewares/Third_Party/FreeRTOS/Source/list.o
                0x08012658                vListInitialiseItem
 .text.vListInsertEnd
                0x08012672       0x48 ./Middlewares/Third_Party/FreeRTOS/Source/list.o
                0x08012672                vListInsertEnd
 .text.vListInsert
                0x080126ba       0x72 ./Middlewares/Third_Party/FreeRTOS/Source/list.o
                0x080126ba                vListInsert
 .text.uxListRemove
                0x0801272c       0x54 ./Middlewares/Third_Party/FreeRTOS/Source/list.o
                0x0801272c                uxListRemove
 .text.xQueueGenericReset
                0x08012780       0xd4 ./Middlewares/Third_Party/FreeRTOS/Source/queue.o
                0x08012780                xQueueGenericReset
 .text.xQueueGenericCreateStatic
                0x08012854       0xfa ./Middlewares/Third_Party/FreeRTOS/Source/queue.o
                0x08012854                xQueueGenericCreateStatic
 .text.prvInitialiseNewQueue
                0x0801294e       0x46 ./Middlewares/Third_Party/FreeRTOS/Source/queue.o
 .text.xQueueGenericSend
                0x08012994      0x204 ./Middlewares/Third_Party/FreeRTOS/Source/queue.o
                0x08012994                xQueueGenericSend
 .text.xQueueGenericSendFromISR
                0x08012b98      0x13c ./Middlewares/Third_Party/FreeRTOS/Source/queue.o
                0x08012b98                xQueueGenericSendFromISR
 .text.xQueueReceive
                0x08012cd4      0x1c4 ./Middlewares/Third_Party/FreeRTOS/Source/queue.o
                0x08012cd4                xQueueReceive
 .text.prvCopyDataToQueue
                0x08012e98       0xd4 ./Middlewares/Third_Party/FreeRTOS/Source/queue.o
 .text.prvCopyDataFromQueue
                0x08012f6c       0x4c ./Middlewares/Third_Party/FreeRTOS/Source/queue.o
 .text.prvUnlockQueue
                0x08012fb8       0xa4 ./Middlewares/Third_Party/FreeRTOS/Source/queue.o
 .text.prvIsQueueEmpty
                0x0801305c       0x2c ./Middlewares/Third_Party/FreeRTOS/Source/queue.o
 .text.prvIsQueueFull
                0x08013088       0x30 ./Middlewares/Third_Party/FreeRTOS/Source/queue.o
 .text.vQueueAddToRegistry
                0x080130b8       0x54 ./Middlewares/Third_Party/FreeRTOS/Source/queue.o
                0x080130b8                vQueueAddToRegistry
 .text.vQueueWaitForMessageRestricted
                0x0801310c       0x68 ./Middlewares/Third_Party/FreeRTOS/Source/queue.o
                0x0801310c                vQueueWaitForMessageRestricted
 .text.xTaskCreateStatic
                0x08013174       0xc0 ./Middlewares/Third_Party/FreeRTOS/Source/tasks.o
                0x08013174                xTaskCreateStatic
 .text.xTaskCreate
                0x08013234       0x8a ./Middlewares/Third_Party/FreeRTOS/Source/tasks.o
                0x08013234                xTaskCreate
 *fill*         0x080132be        0x2 
 .text.prvInitialiseNewTask
                0x080132c0      0x150 ./Middlewares/Third_Party/FreeRTOS/Source/tasks.o
 .text.prvAddNewTaskToReadyList
                0x08013410       0xe0 ./Middlewares/Third_Party/FreeRTOS/Source/tasks.o
 .text.vTaskDelay
                0x080134f0       0x6c ./Middlewares/Third_Party/FreeRTOS/Source/tasks.o
                0x080134f0                vTaskDelay
 .text.vTaskStartScheduler
                0x0801355c       0xe0 ./Middlewares/Third_Party/FreeRTOS/Source/tasks.o
                0x0801355c                vTaskStartScheduler
 .text.vTaskSuspendAll
                0x0801363c       0x1c ./Middlewares/Third_Party/FreeRTOS/Source/tasks.o
                0x0801363c                vTaskSuspendAll
 .text.xTaskResumeAll
                0x08013658      0x13c ./Middlewares/Third_Party/FreeRTOS/Source/tasks.o
                0x08013658                xTaskResumeAll
 .text.xTaskGetTickCount
                0x08013794       0x20 ./Middlewares/Third_Party/FreeRTOS/Source/tasks.o
                0x08013794                xTaskGetTickCount
 .text.xTaskIncrementTick
                0x080137b4      0x174 ./Middlewares/Third_Party/FreeRTOS/Source/tasks.o
                0x080137b4                xTaskIncrementTick
 .text.vTaskSwitchContext
                0x08013928       0xcc ./Middlewares/Third_Party/FreeRTOS/Source/tasks.o
                0x08013928                vTaskSwitchContext
 .text.vTaskPlaceOnEventList
                0x080139f4       0x4c ./Middlewares/Third_Party/FreeRTOS/Source/tasks.o
                0x080139f4                vTaskPlaceOnEventList
 .text.vTaskPlaceOnEventListRestricted
                0x08013a40       0x58 ./Middlewares/Third_Party/FreeRTOS/Source/tasks.o
                0x08013a40                vTaskPlaceOnEventListRestricted
 .text.xTaskRemoveFromEventList
                0x08013a98       0xc8 ./Middlewares/Third_Party/FreeRTOS/Source/tasks.o
                0x08013a98                xTaskRemoveFromEventList
 .text.vTaskInternalSetTimeOutState
                0x08013b60       0x2c ./Middlewares/Third_Party/FreeRTOS/Source/tasks.o
                0x08013b60                vTaskInternalSetTimeOutState
 .text.xTaskCheckForTimeOut
                0x08013b8c       0xc8 ./Middlewares/Third_Party/FreeRTOS/Source/tasks.o
                0x08013b8c                xTaskCheckForTimeOut
 .text.vTaskMissedYield
                0x08013c54       0x18 ./Middlewares/Third_Party/FreeRTOS/Source/tasks.o
                0x08013c54                vTaskMissedYield
 .text.prvIdleTask
                0x08013c6c       0x30 ./Middlewares/Third_Party/FreeRTOS/Source/tasks.o
 .text.prvInitialiseTaskLists
                0x08013c9c       0x80 ./Middlewares/Third_Party/FreeRTOS/Source/tasks.o
 .text.prvCheckTasksWaitingTermination
                0x08013d1c       0x5c ./Middlewares/Third_Party/FreeRTOS/Source/tasks.o
 .text.prvDeleteTCB
                0x08013d78       0x6a ./Middlewares/Third_Party/FreeRTOS/Source/tasks.o
 *fill*         0x08013de2        0x2 
 .text.prvResetNextTaskUnblockTime
                0x08013de4       0x40 ./Middlewares/Third_Party/FreeRTOS/Source/tasks.o
 .text.xTaskGetSchedulerState
                0x08013e24       0x3c ./Middlewares/Third_Party/FreeRTOS/Source/tasks.o
                0x08013e24                xTaskGetSchedulerState
 .text.xTaskPriorityDisinherit
                0x08013e60       0xe0 ./Middlewares/Third_Party/FreeRTOS/Source/tasks.o
                0x08013e60                xTaskPriorityDisinherit
 .text.prvAddCurrentTaskToDelayedList
                0x08013f40       0xa8 ./Middlewares/Third_Party/FreeRTOS/Source/tasks.o
 .text.xTimerCreateTimerTask
                0x08013fe8       0x94 ./Middlewares/Third_Party/FreeRTOS/Source/timers.o
                0x08013fe8                xTimerCreateTimerTask
 .text.xTimerGenericCommand
                0x0801407c       0x9c ./Middlewares/Third_Party/FreeRTOS/Source/timers.o
                0x0801407c                xTimerGenericCommand
 .text.prvProcessExpiredTimer
                0x08014118       0x9c ./Middlewares/Third_Party/FreeRTOS/Source/timers.o
 .text.prvTimerTask
                0x080141b4       0x26 ./Middlewares/Third_Party/FreeRTOS/Source/timers.o
 *fill*         0x080141da        0x2 
 .text.prvProcessTimerOrBlockTask
                0x080141dc       0x9c ./Middlewares/Third_Party/FreeRTOS/Source/timers.o
 .text.prvGetNextExpireTime
                0x08014278       0x48 ./Middlewares/Third_Party/FreeRTOS/Source/timers.o
 .text.prvSampleTimeNow
                0x080142c0       0x40 ./Middlewares/Third_Party/FreeRTOS/Source/timers.o
 .text.prvInsertTimerInActiveList
                0x08014300       0x84 ./Middlewares/Third_Party/FreeRTOS/Source/timers.o
 .text.prvProcessReceivedCommands
                0x08014384      0x1cc ./Middlewares/Third_Party/FreeRTOS/Source/timers.o
 .text.prvSwitchTimerLists
                0x08014550       0xcc ./Middlewares/Third_Party/FreeRTOS/Source/timers.o
 .text.prvCheckForValidListAndQueue
                0x0801461c       0x80 ./Middlewares/Third_Party/FreeRTOS/Source/timers.o
 .text.pxPortInitialiseStack
                0x0801469c       0x68 ./Middlewares/Third_Party/FreeRTOS/Source/portable/GCC/ARM_CM4F/port.o
                0x0801469c                pxPortInitialiseStack
 .text.prvTaskExitError
                0x08014704       0x5c ./Middlewares/Third_Party/FreeRTOS/Source/portable/GCC/ARM_CM4F/port.o
 .text.SVC_Handler
                0x08014760       0x28 ./Middlewares/Third_Party/FreeRTOS/Source/portable/GCC/ARM_CM4F/port.o
                0x08014760                SVC_Handler
 .text.prvPortStartFirstTask
                0x08014788       0x28 ./Middlewares/Third_Party/FreeRTOS/Source/portable/GCC/ARM_CM4F/port.o
 .text.xPortStartScheduler
                0x080147b0      0x148 ./Middlewares/Third_Party/FreeRTOS/Source/portable/GCC/ARM_CM4F/port.o
                0x080147b0                xPortStartScheduler
 .text.vPortEnterCritical
                0x080148f8       0x64 ./Middlewares/Third_Party/FreeRTOS/Source/portable/GCC/ARM_CM4F/port.o
                0x080148f8                vPortEnterCritical
 .text.vPortExitCritical
                0x0801495c       0x54 ./Middlewares/Third_Party/FreeRTOS/Source/portable/GCC/ARM_CM4F/port.o
                0x0801495c                vPortExitCritical
 .text.PendSV_Handler
                0x080149b0       0x68 ./Middlewares/Third_Party/FreeRTOS/Source/portable/GCC/ARM_CM4F/port.o
                0x080149b0                PendSV_Handler
 .text.xPortSysTickHandler
                0x08014a18       0x44 ./Middlewares/Third_Party/FreeRTOS/Source/portable/GCC/ARM_CM4F/port.o
                0x08014a18                xPortSysTickHandler
 .text.vPortSetupTimerInterrupt
                0x08014a5c       0x48 ./Middlewares/Third_Party/FreeRTOS/Source/portable/GCC/ARM_CM4F/port.o
                0x08014a5c                vPortSetupTimerInterrupt
 .text.vPortEnableVFP
                0x08014aa4       0x14 ./Middlewares/Third_Party/FreeRTOS/Source/portable/GCC/ARM_CM4F/port.o
 .text.vPortValidateInterruptPriority
                0x08014ab8       0x84 ./Middlewares/Third_Party/FreeRTOS/Source/portable/GCC/ARM_CM4F/port.o
                0x08014ab8                vPortValidateInterruptPriority
 .text.pvPortMalloc
                0x08014b3c      0x19c ./Middlewares/Third_Party/FreeRTOS/Source/portable/MemMang/heap_4.o
                0x08014b3c                pvPortMalloc
 .text.vPortFree
                0x08014cd8       0xc8 ./Middlewares/Third_Party/FreeRTOS/Source/portable/MemMang/heap_4.o
                0x08014cd8                vPortFree
 .text.xPortGetFreeHeapSize
                0x08014da0       0x18 ./Middlewares/Third_Party/FreeRTOS/Source/portable/MemMang/heap_4.o
                0x08014da0                xPortGetFreeHeapSize
 .text.prvHeapInit
                0x08014db8       0xc4 ./Middlewares/Third_Party/FreeRTOS/Source/portable/MemMang/heap_4.o
 .text.prvInsertBlockIntoFreeList
                0x08014e7c       0xb4 ./Middlewares/Third_Party/FreeRTOS/Source/portable/MemMang/heap_4.o
 .text.__assert_func
                0x08014f30       0x3c C:/ST/STM32CubeIDE_1.17.0/STM32CubeIDE/plugins/com.st.stm32cube.ide.mcu.externaltools.gnu-tools-for-stm32.12.3.rel1.win32_1.1.0.202410251130/tools/bin/../lib/gcc/arm-none-eabi/12.3.1/../../../../arm-none-eabi/lib/thumb/v7e-m+dp/hard\libc_nano.a(libc_a-assert.o)
                0x08014f30                __assert_func
 .text.atoi     0x08014f6c        0x8 C:/ST/STM32CubeIDE_1.17.0/STM32CubeIDE/plugins/com.st.stm32cube.ide.mcu.externaltools.gnu-tools-for-stm32.12.3.rel1.win32_1.1.0.202410251130/tools/bin/../lib/gcc/arm-none-eabi/12.3.1/../../../../arm-none-eabi/lib/thumb/v7e-m+dp/hard\libc_nano.a(libc_a-atoi.o)
                0x08014f6c                atoi
 .text.srand    0x08014f74       0x5c C:/ST/STM32CubeIDE_1.17.0/STM32CubeIDE/plugins/com.st.stm32cube.ide.mcu.externaltools.gnu-tools-for-stm32.12.3.rel1.win32_1.1.0.202410251130/tools/bin/../lib/gcc/arm-none-eabi/12.3.1/../../../../arm-none-eabi/lib/thumb/v7e-m+dp/hard\libc_nano.a(libc_a-rand.o)
                0x08014f74                srand
 .text._strtol_l.constprop.0
                0x08014fd0       0xf4 C:/ST/STM32CubeIDE_1.17.0/STM32CubeIDE/plugins/com.st.stm32cube.ide.mcu.externaltools.gnu-tools-for-stm32.12.3.rel1.win32_1.1.0.202410251130/tools/bin/../lib/gcc/arm-none-eabi/12.3.1/../../../../arm-none-eabi/lib/thumb/v7e-m+dp/hard\libc_nano.a(libc_a-strtol.o)
 .text.strtol   0x080150c4       0x14 C:/ST/STM32CubeIDE_1.17.0/STM32CubeIDE/plugins/com.st.stm32cube.ide.mcu.externaltools.gnu-tools-for-stm32.12.3.rel1.win32_1.1.0.202410251130/tools/bin/../lib/gcc/arm-none-eabi/12.3.1/../../../../arm-none-eabi/lib/thumb/v7e-m+dp/hard\libc_nano.a(libc_a-strtol.o)
                0x080150c4                strtol
 .text.std      0x080150d8       0x6c C:/ST/STM32CubeIDE_1.17.0/STM32CubeIDE/plugins/com.st.stm32cube.ide.mcu.externaltools.gnu-tools-for-stm32.12.3.rel1.win32_1.1.0.202410251130/tools/bin/../lib/gcc/arm-none-eabi/12.3.1/../../../../arm-none-eabi/lib/thumb/v7e-m+dp/hard\libc_nano.a(libc_a-findfp.o)
 .text.stdio_exit_handler
                0x08015144       0x18 C:/ST/STM32CubeIDE_1.17.0/STM32CubeIDE/plugins/com.st.stm32cube.ide.mcu.externaltools.gnu-tools-for-stm32.12.3.rel1.win32_1.1.0.202410251130/tools/bin/../lib/gcc/arm-none-eabi/12.3.1/../../../../arm-none-eabi/lib/thumb/v7e-m+dp/hard\libc_nano.a(libc_a-findfp.o)
 .text.cleanup_stdio
                0x0801515c       0x40 C:/ST/STM32CubeIDE_1.17.0/STM32CubeIDE/plugins/com.st.stm32cube.ide.mcu.externaltools.gnu-tools-for-stm32.12.3.rel1.win32_1.1.0.202410251130/tools/bin/../lib/gcc/arm-none-eabi/12.3.1/../../../../arm-none-eabi/lib/thumb/v7e-m+dp/hard\libc_nano.a(libc_a-findfp.o)
 .text.global_stdio_init.part.0
                0x0801519c       0x3c C:/ST/STM32CubeIDE_1.17.0/STM32CubeIDE/plugins/com.st.stm32cube.ide.mcu.externaltools.gnu-tools-for-stm32.12.3.rel1.win32_1.1.0.202410251130/tools/bin/../lib/gcc/arm-none-eabi/12.3.1/../../../../arm-none-eabi/lib/thumb/v7e-m+dp/hard\libc_nano.a(libc_a-findfp.o)
 .text.__sfp_lock_acquire
                0x080151d8        0xc C:/ST/STM32CubeIDE_1.17.0/STM32CubeIDE/plugins/com.st.stm32cube.ide.mcu.externaltools.gnu-tools-for-stm32.12.3.rel1.win32_1.1.0.202410251130/tools/bin/../lib/gcc/arm-none-eabi/12.3.1/../../../../arm-none-eabi/lib/thumb/v7e-m+dp/hard\libc_nano.a(libc_a-findfp.o)
                0x080151d8                __sfp_lock_acquire
 .text.__sfp_lock_release
                0x080151e4        0xc C:/ST/STM32CubeIDE_1.17.0/STM32CubeIDE/plugins/com.st.stm32cube.ide.mcu.externaltools.gnu-tools-for-stm32.12.3.rel1.win32_1.1.0.202410251130/tools/bin/../lib/gcc/arm-none-eabi/12.3.1/../../../../arm-none-eabi/lib/thumb/v7e-m+dp/hard\libc_nano.a(libc_a-findfp.o)
                0x080151e4                __sfp_lock_release
 .text.__sinit  0x080151f0       0x30 C:/ST/STM32CubeIDE_1.17.0/STM32CubeIDE/plugins/com.st.stm32cube.ide.mcu.externaltools.gnu-tools-for-stm32.12.3.rel1.win32_1.1.0.202410251130/tools/bin/../lib/gcc/arm-none-eabi/12.3.1/../../../../arm-none-eabi/lib/thumb/v7e-m+dp/hard\libc_nano.a(libc_a-findfp.o)
                0x080151f0                __sinit
 .text.fprintf  0x08015220       0x24 C:/ST/STM32CubeIDE_1.17.0/STM32CubeIDE/plugins/com.st.stm32cube.ide.mcu.externaltools.gnu-tools-for-stm32.12.3.rel1.win32_1.1.0.202410251130/tools/bin/../lib/gcc/arm-none-eabi/12.3.1/../../../../arm-none-eabi/lib/thumb/v7e-m+dp/hard\libc_nano.a(libc_a-fprintf.o)
                0x08015220                fiprintf
                0x08015220                fprintf
 .text._fwalk_sglue
                0x08015244       0x3c C:/ST/STM32CubeIDE_1.17.0/STM32CubeIDE/plugins/com.st.stm32cube.ide.mcu.externaltools.gnu-tools-for-stm32.12.3.rel1.win32_1.1.0.202410251130/tools/bin/../lib/gcc/arm-none-eabi/12.3.1/../../../../arm-none-eabi/lib/thumb/v7e-m+dp/hard\libc_nano.a(libc_a-fwalk.o)
                0x08015244                _fwalk_sglue
 .text.printf   0x08015280       0x24 C:/ST/STM32CubeIDE_1.17.0/STM32CubeIDE/plugins/com.st.stm32cube.ide.mcu.externaltools.gnu-tools-for-stm32.12.3.rel1.win32_1.1.0.202410251130/tools/bin/../lib/gcc/arm-none-eabi/12.3.1/../../../../arm-none-eabi/lib/thumb/v7e-m+dp/hard\libc_nano.a(libc_a-printf.o)
                0x08015280                iprintf
                0x08015280                printf
 .text.putchar  0x080152a4       0x10 C:/ST/STM32CubeIDE_1.17.0/STM32CubeIDE/plugins/com.st.stm32cube.ide.mcu.externaltools.gnu-tools-for-stm32.12.3.rel1.win32_1.1.0.202410251130/tools/bin/../lib/gcc/arm-none-eabi/12.3.1/../../../../arm-none-eabi/lib/thumb/v7e-m+dp/hard\libc_nano.a(libc_a-putchar.o)
                0x080152a4                putchar
 .text._puts_r  0x080152b4       0xaa C:/ST/STM32CubeIDE_1.17.0/STM32CubeIDE/plugins/com.st.stm32cube.ide.mcu.externaltools.gnu-tools-for-stm32.12.3.rel1.win32_1.1.0.202410251130/tools/bin/../lib/gcc/arm-none-eabi/12.3.1/../../../../arm-none-eabi/lib/thumb/v7e-m+dp/hard\libc_nano.a(libc_a-puts.o)
                0x080152b4                _puts_r
 *fill*         0x0801535e        0x2 
 .text.puts     0x08015360       0x10 C:/ST/STM32CubeIDE_1.17.0/STM32CubeIDE/plugins/com.st.stm32cube.ide.mcu.externaltools.gnu-tools-for-stm32.12.3.rel1.win32_1.1.0.202410251130/tools/bin/../lib/gcc/arm-none-eabi/12.3.1/../../../../arm-none-eabi/lib/thumb/v7e-m+dp/hard\libc_nano.a(libc_a-puts.o)
                0x08015360                puts
 .text.snprintf
                0x08015370       0x68 C:/ST/STM32CubeIDE_1.17.0/STM32CubeIDE/plugins/com.st.stm32cube.ide.mcu.externaltools.gnu-tools-for-stm32.12.3.rel1.win32_1.1.0.202410251130/tools/bin/../lib/gcc/arm-none-eabi/12.3.1/../../../../arm-none-eabi/lib/thumb/v7e-m+dp/hard\libc_nano.a(libc_a-snprintf.o)
                0x08015370                sniprintf
                0x08015370                snprintf
 .text.__sread  0x080153d8       0x22 C:/ST/STM32CubeIDE_1.17.0/STM32CubeIDE/plugins/com.st.stm32cube.ide.mcu.externaltools.gnu-tools-for-stm32.12.3.rel1.win32_1.1.0.202410251130/tools/bin/../lib/gcc/arm-none-eabi/12.3.1/../../../../arm-none-eabi/lib/thumb/v7e-m+dp/hard\libc_nano.a(libc_a-stdio.o)
                0x080153d8                __sread
 .text.__swrite
                0x080153fa       0x38 C:/ST/STM32CubeIDE_1.17.0/STM32CubeIDE/plugins/com.st.stm32cube.ide.mcu.externaltools.gnu-tools-for-stm32.12.3.rel1.win32_1.1.0.202410251130/tools/bin/../lib/gcc/arm-none-eabi/12.3.1/../../../../arm-none-eabi/lib/thumb/v7e-m+dp/hard\libc_nano.a(libc_a-stdio.o)
                0x080153fa                __swrite
 .text.__sseek  0x08015432       0x24 C:/ST/STM32CubeIDE_1.17.0/STM32CubeIDE/plugins/com.st.stm32cube.ide.mcu.externaltools.gnu-tools-for-stm32.12.3.rel1.win32_1.1.0.202410251130/tools/bin/../lib/gcc/arm-none-eabi/12.3.1/../../../../arm-none-eabi/lib/thumb/v7e-m+dp/hard\libc_nano.a(libc_a-stdio.o)
                0x08015432                __sseek
 .text.__sclose
                0x08015456        0x8 C:/ST/STM32CubeIDE_1.17.0/STM32CubeIDE/plugins/com.st.stm32cube.ide.mcu.externaltools.gnu-tools-for-stm32.12.3.rel1.win32_1.1.0.202410251130/tools/bin/../lib/gcc/arm-none-eabi/12.3.1/../../../../arm-none-eabi/lib/thumb/v7e-m+dp/hard\libc_nano.a(libc_a-stdio.o)
                0x08015456                __sclose
 .text.__swbuf_r
                0x0801545e       0x7c C:/ST/STM32CubeIDE_1.17.0/STM32CubeIDE/plugins/com.st.stm32cube.ide.mcu.externaltools.gnu-tools-for-stm32.12.3.rel1.win32_1.1.0.202410251130/tools/bin/../lib/gcc/arm-none-eabi/12.3.1/../../../../arm-none-eabi/lib/thumb/v7e-m+dp/hard\libc_nano.a(libc_a-wbuf.o)
                0x0801545e                __swbuf_r
 *fill*         0x080154da        0x2 
 .text.__swsetup_r
                0x080154dc       0xac C:/ST/STM32CubeIDE_1.17.0/STM32CubeIDE/plugins/com.st.stm32cube.ide.mcu.externaltools.gnu-tools-for-stm32.12.3.rel1.win32_1.1.0.202410251130/tools/bin/../lib/gcc/arm-none-eabi/12.3.1/../../../../arm-none-eabi/lib/thumb/v7e-m+dp/hard\libc_nano.a(libc_a-wsetup.o)
                0x080154dc                __swsetup_r
 .text.memcmp   0x08015588       0x20 C:/ST/STM32CubeIDE_1.17.0/STM32CubeIDE/plugins/com.st.stm32cube.ide.mcu.externaltools.gnu-tools-for-stm32.12.3.rel1.win32_1.1.0.202410251130/tools/bin/../lib/gcc/arm-none-eabi/12.3.1/../../../../arm-none-eabi/lib/thumb/v7e-m+dp/hard\libc_nano.a(libc_a-memcmp.o)
                0x08015588                memcmp
 .text.memmove  0x080155a8       0x34 C:/ST/STM32CubeIDE_1.17.0/STM32CubeIDE/plugins/com.st.stm32cube.ide.mcu.externaltools.gnu-tools-for-stm32.12.3.rel1.win32_1.1.0.202410251130/tools/bin/../lib/gcc/arm-none-eabi/12.3.1/../../../../arm-none-eabi/lib/thumb/v7e-m+dp/hard\libc_nano.a(libc_a-memmove.o)
                0x080155a8                memmove
 .text.memset   0x080155dc       0x10 C:/ST/STM32CubeIDE_1.17.0/STM32CubeIDE/plugins/com.st.stm32cube.ide.mcu.externaltools.gnu-tools-for-stm32.12.3.rel1.win32_1.1.0.202410251130/tools/bin/../lib/gcc/arm-none-eabi/12.3.1/../../../../arm-none-eabi/lib/thumb/v7e-m+dp/hard\libc_nano.a(libc_a-memset.o)
                0x080155dc                memset
 .text.strchr   0x080155ec       0x1a C:/ST/STM32CubeIDE_1.17.0/STM32CubeIDE/plugins/com.st.stm32cube.ide.mcu.externaltools.gnu-tools-for-stm32.12.3.rel1.win32_1.1.0.202410251130/tools/bin/../lib/gcc/arm-none-eabi/12.3.1/../../../../arm-none-eabi/lib/thumb/v7e-m+dp/hard\libc_nano.a(libc_a-strchr.o)
                0x080155ec                strchr
 .text.strncmp  0x08015606       0x24 C:/ST/STM32CubeIDE_1.17.0/STM32CubeIDE/plugins/com.st.stm32cube.ide.mcu.externaltools.gnu-tools-for-stm32.12.3.rel1.win32_1.1.0.202410251130/tools/bin/../lib/gcc/arm-none-eabi/12.3.1/../../../../arm-none-eabi/lib/thumb/v7e-m+dp/hard\libc_nano.a(libc_a-strncmp.o)
                0x08015606                strncmp
 .text.strrchr  0x0801562a       0x2c C:/ST/STM32CubeIDE_1.17.0/STM32CubeIDE/plugins/com.st.stm32cube.ide.mcu.externaltools.gnu-tools-for-stm32.12.3.rel1.win32_1.1.0.202410251130/tools/bin/../lib/gcc/arm-none-eabi/12.3.1/../../../../arm-none-eabi/lib/thumb/v7e-m+dp/hard\libc_nano.a(libc_a-strrchr.o)
                0x0801562a                strrchr
 .text.strstr   0x08015656       0x2c C:/ST/STM32CubeIDE_1.17.0/STM32CubeIDE/plugins/com.st.stm32cube.ide.mcu.externaltools.gnu-tools-for-stm32.12.3.rel1.win32_1.1.0.202410251130/tools/bin/../lib/gcc/arm-none-eabi/12.3.1/../../../../arm-none-eabi/lib/thumb/v7e-m+dp/hard\libc_nano.a(libc_a-strstr.o)
                0x08015656                strstr
 *fill*         0x08015682        0x2 
 .text._close_r
                0x08015684       0x20 C:/ST/STM32CubeIDE_1.17.0/STM32CubeIDE/plugins/com.st.stm32cube.ide.mcu.externaltools.gnu-tools-for-stm32.12.3.rel1.win32_1.1.0.202410251130/tools/bin/../lib/gcc/arm-none-eabi/12.3.1/../../../../arm-none-eabi/lib/thumb/v7e-m+dp/hard\libc_nano.a(libc_a-closer.o)
                0x08015684                _close_r
 .text._reclaim_reent
                0x080156a4       0xac C:/ST/STM32CubeIDE_1.17.0/STM32CubeIDE/plugins/com.st.stm32cube.ide.mcu.externaltools.gnu-tools-for-stm32.12.3.rel1.win32_1.1.0.202410251130/tools/bin/../lib/gcc/arm-none-eabi/12.3.1/../../../../arm-none-eabi/lib/thumb/v7e-m+dp/hard\libc_nano.a(libc_a-reent.o)
                0x080156a4                _reclaim_reent
 .text._lseek_r
                0x08015750       0x24 C:/ST/STM32CubeIDE_1.17.0/STM32CubeIDE/plugins/com.st.stm32cube.ide.mcu.externaltools.gnu-tools-for-stm32.12.3.rel1.win32_1.1.0.202410251130/tools/bin/../lib/gcc/arm-none-eabi/12.3.1/../../../../arm-none-eabi/lib/thumb/v7e-m+dp/hard\libc_nano.a(libc_a-lseekr.o)
                0x08015750                _lseek_r
 .text._read_r  0x08015774       0x24 C:/ST/STM32CubeIDE_1.17.0/STM32CubeIDE/plugins/com.st.stm32cube.ide.mcu.externaltools.gnu-tools-for-stm32.12.3.rel1.win32_1.1.0.202410251130/tools/bin/../lib/gcc/arm-none-eabi/12.3.1/../../../../arm-none-eabi/lib/thumb/v7e-m+dp/hard\libc_nano.a(libc_a-readr.o)
                0x08015774                _read_r
 .text._write_r
                0x08015798       0x24 C:/ST/STM32CubeIDE_1.17.0/STM32CubeIDE/plugins/com.st.stm32cube.ide.mcu.externaltools.gnu-tools-for-stm32.12.3.rel1.win32_1.1.0.202410251130/tools/bin/../lib/gcc/arm-none-eabi/12.3.1/../../../../arm-none-eabi/lib/thumb/v7e-m+dp/hard\libc_nano.a(libc_a-writer.o)
                0x08015798                _write_r
 .text.__errno  0x080157bc        0xc C:/ST/STM32CubeIDE_1.17.0/STM32CubeIDE/plugins/com.st.stm32cube.ide.mcu.externaltools.gnu-tools-for-stm32.12.3.rel1.win32_1.1.0.202410251130/tools/bin/../lib/gcc/arm-none-eabi/12.3.1/../../../../arm-none-eabi/lib/thumb/v7e-m+dp/hard\libc_nano.a(libc_a-errno.o)
                0x080157bc                __errno
 .text.__libc_init_array
                0x080157c8       0x48 C:/ST/STM32CubeIDE_1.17.0/STM32CubeIDE/plugins/com.st.stm32cube.ide.mcu.externaltools.gnu-tools-for-stm32.12.3.rel1.win32_1.1.0.202410251130/tools/bin/../lib/gcc/arm-none-eabi/12.3.1/../../../../arm-none-eabi/lib/thumb/v7e-m+dp/hard\libc_nano.a(libc_a-init.o)
                0x080157c8                __libc_init_array
 .text.__retarget_lock_init_recursive
                0x08015810        0x2 C:/ST/STM32CubeIDE_1.17.0/STM32CubeIDE/plugins/com.st.stm32cube.ide.mcu.externaltools.gnu-tools-for-stm32.12.3.rel1.win32_1.1.0.202410251130/tools/bin/../lib/gcc/arm-none-eabi/12.3.1/../../../../arm-none-eabi/lib/thumb/v7e-m+dp/hard\libc_nano.a(libc_a-lock.o)
                0x08015810                __retarget_lock_init_recursive
 .text.__retarget_lock_acquire_recursive
                0x08015812        0x2 C:/ST/STM32CubeIDE_1.17.0/STM32CubeIDE/plugins/com.st.stm32cube.ide.mcu.externaltools.gnu-tools-for-stm32.12.3.rel1.win32_1.1.0.202410251130/tools/bin/../lib/gcc/arm-none-eabi/12.3.1/../../../../arm-none-eabi/lib/thumb/v7e-m+dp/hard\libc_nano.a(libc_a-lock.o)
                0x08015812                __retarget_lock_acquire_recursive
 .text.__retarget_lock_release_recursive
                0x08015814        0x2 C:/ST/STM32CubeIDE_1.17.0/STM32CubeIDE/plugins/com.st.stm32cube.ide.mcu.externaltools.gnu-tools-for-stm32.12.3.rel1.win32_1.1.0.202410251130/tools/bin/../lib/gcc/arm-none-eabi/12.3.1/../../../../arm-none-eabi/lib/thumb/v7e-m+dp/hard\libc_nano.a(libc_a-lock.o)
                0x08015814                __retarget_lock_release_recursive
 .text.strcpy   0x08015816       0x10 C:/ST/STM32CubeIDE_1.17.0/STM32CubeIDE/plugins/com.st.stm32cube.ide.mcu.externaltools.gnu-tools-for-stm32.12.3.rel1.win32_1.1.0.202410251130/tools/bin/../lib/gcc/arm-none-eabi/12.3.1/../../../../arm-none-eabi/lib/thumb/v7e-m+dp/hard\libc_nano.a(libc_a-strcpy.o)
                0x08015816                strcpy
 .text.memcpy   0x08015826       0x1c C:/ST/STM32CubeIDE_1.17.0/STM32CubeIDE/plugins/com.st.stm32cube.ide.mcu.externaltools.gnu-tools-for-stm32.12.3.rel1.win32_1.1.0.202410251130/tools/bin/../lib/gcc/arm-none-eabi/12.3.1/../../../../arm-none-eabi/lib/thumb/v7e-m+dp/hard\libc_nano.a(libc_a-memcpy-stub.o)
                0x08015826                memcpy
 .text.abort    0x08015842        0xe C:/ST/STM32CubeIDE_1.17.0/STM32CubeIDE/plugins/com.st.stm32cube.ide.mcu.externaltools.gnu-tools-for-stm32.12.3.rel1.win32_1.1.0.202410251130/tools/bin/../lib/gcc/arm-none-eabi/12.3.1/../../../../arm-none-eabi/lib/thumb/v7e-m+dp/hard\libc_nano.a(libc_a-abort.o)
                0x08015842                abort
 .text._free_r  0x08015850       0x94 C:/ST/STM32CubeIDE_1.17.0/STM32CubeIDE/plugins/com.st.stm32cube.ide.mcu.externaltools.gnu-tools-for-stm32.12.3.rel1.win32_1.1.0.202410251130/tools/bin/../lib/gcc/arm-none-eabi/12.3.1/../../../../arm-none-eabi/lib/thumb/v7e-m+dp/hard\libc_nano.a(libc_a-freer.o)
                0x08015850                _free_r
 .text.malloc   0x080158e4       0x10 C:/ST/STM32CubeIDE_1.17.0/STM32CubeIDE/plugins/com.st.stm32cube.ide.mcu.externaltools.gnu-tools-for-stm32.12.3.rel1.win32_1.1.0.202410251130/tools/bin/../lib/gcc/arm-none-eabi/12.3.1/../../../../arm-none-eabi/lib/thumb/v7e-m+dp/hard\libc_nano.a(libc_a-malloc.o)
                0x080158e4                malloc
 .text.sbrk_aligned
                0x080158f4       0x44 C:/ST/STM32CubeIDE_1.17.0/STM32CubeIDE/plugins/com.st.stm32cube.ide.mcu.externaltools.gnu-tools-for-stm32.12.3.rel1.win32_1.1.0.202410251130/tools/bin/../lib/gcc/arm-none-eabi/12.3.1/../../../../arm-none-eabi/lib/thumb/v7e-m+dp/hard\libc_nano.a(libc_a-mallocr.o)
 .text._malloc_r
                0x08015938      0x100 C:/ST/STM32CubeIDE_1.17.0/STM32CubeIDE/plugins/com.st.stm32cube.ide.mcu.externaltools.gnu-tools-for-stm32.12.3.rel1.win32_1.1.0.202410251130/tools/bin/../lib/gcc/arm-none-eabi/12.3.1/../../../../arm-none-eabi/lib/thumb/v7e-m+dp/hard\libc_nano.a(libc_a-mallocr.o)
                0x08015938                _malloc_r
 .text.__malloc_lock
                0x08015a38        0xc C:/ST/STM32CubeIDE_1.17.0/STM32CubeIDE/plugins/com.st.stm32cube.ide.mcu.externaltools.gnu-tools-for-stm32.12.3.rel1.win32_1.1.0.202410251130/tools/bin/../lib/gcc/arm-none-eabi/12.3.1/../../../../arm-none-eabi/lib/thumb/v7e-m+dp/hard\libc_nano.a(libc_a-mlock.o)
                0x08015a38                __malloc_lock
 .text.__malloc_unlock
                0x08015a44        0xc C:/ST/STM32CubeIDE_1.17.0/STM32CubeIDE/plugins/com.st.stm32cube.ide.mcu.externaltools.gnu-tools-for-stm32.12.3.rel1.win32_1.1.0.202410251130/tools/bin/../lib/gcc/arm-none-eabi/12.3.1/../../../../arm-none-eabi/lib/thumb/v7e-m+dp/hard\libc_nano.a(libc_a-mlock.o)
                0x08015a44                __malloc_unlock
 .text.__ssputs_r
                0x08015a50       0xb6 C:/ST/STM32CubeIDE_1.17.0/STM32CubeIDE/plugins/com.st.stm32cube.ide.mcu.externaltools.gnu-tools-for-stm32.12.3.rel1.win32_1.1.0.202410251130/tools/bin/../lib/gcc/arm-none-eabi/12.3.1/../../../../arm-none-eabi/lib/thumb/v7e-m+dp/hard\libc_nano.a(libc_a-nano-svfprintf.o)
                0x08015a50                __ssputs_r
 *fill*         0x08015b06        0x2 
 .text._svfprintf_r
                0x08015b08      0x1f8 C:/ST/STM32CubeIDE_1.17.0/STM32CubeIDE/plugins/com.st.stm32cube.ide.mcu.externaltools.gnu-tools-for-stm32.12.3.rel1.win32_1.1.0.202410251130/tools/bin/../lib/gcc/arm-none-eabi/12.3.1/../../../../arm-none-eabi/lib/thumb/v7e-m+dp/hard\libc_nano.a(libc_a-nano-svfprintf.o)
                0x08015b08                _svfiprintf_r
                0x08015b08                _svfprintf_r
 .text.__sfputc_r
                0x08015d00       0x2e C:/ST/STM32CubeIDE_1.17.0/STM32CubeIDE/plugins/com.st.stm32cube.ide.mcu.externaltools.gnu-tools-for-stm32.12.3.rel1.win32_1.1.0.202410251130/tools/bin/../lib/gcc/arm-none-eabi/12.3.1/../../../../arm-none-eabi/lib/thumb/v7e-m+dp/hard\libc_nano.a(libc_a-nano-vfprintf.o)
 .text.__sfputs_r
                0x08015d2e       0x24 C:/ST/STM32CubeIDE_1.17.0/STM32CubeIDE/plugins/com.st.stm32cube.ide.mcu.externaltools.gnu-tools-for-stm32.12.3.rel1.win32_1.1.0.202410251130/tools/bin/../lib/gcc/arm-none-eabi/12.3.1/../../../../arm-none-eabi/lib/thumb/v7e-m+dp/hard\libc_nano.a(libc_a-nano-vfprintf.o)
                0x08015d2e                __sfputs_r
 *fill*         0x08015d52        0x2 
 .text._vfprintf_r
                0x08015d54      0x230 C:/ST/STM32CubeIDE_1.17.0/STM32CubeIDE/plugins/com.st.stm32cube.ide.mcu.externaltools.gnu-tools-for-stm32.12.3.rel1.win32_1.1.0.202410251130/tools/bin/../lib/gcc/arm-none-eabi/12.3.1/../../../../arm-none-eabi/lib/thumb/v7e-m+dp/hard\libc_nano.a(libc_a-nano-vfprintf.o)
                0x08015d54                _vfprintf_r
                0x08015d54                _vfiprintf_r
 .text._printf_common
                0x08015f84       0xda C:/ST/STM32CubeIDE_1.17.0/STM32CubeIDE/plugins/com.st.stm32cube.ide.mcu.externaltools.gnu-tools-for-stm32.12.3.rel1.win32_1.1.0.202410251130/tools/bin/../lib/gcc/arm-none-eabi/12.3.1/../../../../arm-none-eabi/lib/thumb/v7e-m+dp/hard\libc_nano.a(libc_a-nano-vfprintf_i.o)
                0x08015f84                _printf_common
 *fill*         0x0801605e        0x2 
 .text._printf_i
                0x08016060      0x240 C:/ST/STM32CubeIDE_1.17.0/STM32CubeIDE/plugins/com.st.stm32cube.ide.mcu.externaltools.gnu-tools-for-stm32.12.3.rel1.win32_1.1.0.202410251130/tools/bin/../lib/gcc/arm-none-eabi/12.3.1/../../../../arm-none-eabi/lib/thumb/v7e-m+dp/hard\libc_nano.a(libc_a-nano-vfprintf_i.o)
                0x08016060                _printf_i
 .text.__sflush_r
                0x080162a0      0x108 C:/ST/STM32CubeIDE_1.17.0/STM32CubeIDE/plugins/com.st.stm32cube.ide.mcu.externaltools.gnu-tools-for-stm32.12.3.rel1.win32_1.1.0.202410251130/tools/bin/../lib/gcc/arm-none-eabi/12.3.1/../../../../arm-none-eabi/lib/thumb/v7e-m+dp/hard\libc_nano.a(libc_a-fflush.o)
                0x080162a0                __sflush_r
 .text._fflush_r
                0x080163a8       0x50 C:/ST/STM32CubeIDE_1.17.0/STM32CubeIDE/plugins/com.st.stm32cube.ide.mcu.externaltools.gnu-tools-for-stm32.12.3.rel1.win32_1.1.0.202410251130/tools/bin/../lib/gcc/arm-none-eabi/12.3.1/../../../../arm-none-eabi/lib/thumb/v7e-m+dp/hard\libc_nano.a(libc_a-fflush.o)
                0x080163a8                _fflush_r
 .text.__swhatbuf_r
                0x080163f8       0x4c C:/ST/STM32CubeIDE_1.17.0/STM32CubeIDE/plugins/com.st.stm32cube.ide.mcu.externaltools.gnu-tools-for-stm32.12.3.rel1.win32_1.1.0.202410251130/tools/bin/../lib/gcc/arm-none-eabi/12.3.1/../../../../arm-none-eabi/lib/thumb/v7e-m+dp/hard\libc_nano.a(libc_a-makebuf.o)
                0x080163f8                __swhatbuf_r
 .text.__smakebuf_r
                0x08016444       0x78 C:/ST/STM32CubeIDE_1.17.0/STM32CubeIDE/plugins/com.st.stm32cube.ide.mcu.externaltools.gnu-tools-for-stm32.12.3.rel1.win32_1.1.0.202410251130/tools/bin/../lib/gcc/arm-none-eabi/12.3.1/../../../../arm-none-eabi/lib/thumb/v7e-m+dp/hard\libc_nano.a(libc_a-makebuf.o)
                0x08016444                __smakebuf_r
 .text._putc_r  0x080164bc       0x68 C:/ST/STM32CubeIDE_1.17.0/STM32CubeIDE/plugins/com.st.stm32cube.ide.mcu.externaltools.gnu-tools-for-stm32.12.3.rel1.win32_1.1.0.202410251130/tools/bin/../lib/gcc/arm-none-eabi/12.3.1/../../../../arm-none-eabi/lib/thumb/v7e-m+dp/hard\libc_nano.a(libc_a-putc.o)
                0x080164bc                _putc_r
 .text._raise_r
                0x08016524       0x50 C:/ST/STM32CubeIDE_1.17.0/STM32CubeIDE/plugins/com.st.stm32cube.ide.mcu.externaltools.gnu-tools-for-stm32.12.3.rel1.win32_1.1.0.202410251130/tools/bin/../lib/gcc/arm-none-eabi/12.3.1/../../../../arm-none-eabi/lib/thumb/v7e-m+dp/hard\libc_nano.a(libc_a-signal.o)
                0x08016524                _raise_r
 .text.raise    0x08016574       0x10 C:/ST/STM32CubeIDE_1.17.0/STM32CubeIDE/plugins/com.st.stm32cube.ide.mcu.externaltools.gnu-tools-for-stm32.12.3.rel1.win32_1.1.0.202410251130/tools/bin/../lib/gcc/arm-none-eabi/12.3.1/../../../../arm-none-eabi/lib/thumb/v7e-m+dp/hard\libc_nano.a(libc_a-signal.o)
                0x08016574                raise
 .text._fstat_r
                0x08016584       0x24 C:/ST/STM32CubeIDE_1.17.0/STM32CubeIDE/plugins/com.st.stm32cube.ide.mcu.externaltools.gnu-tools-for-stm32.12.3.rel1.win32_1.1.0.202410251130/tools/bin/../lib/gcc/arm-none-eabi/12.3.1/../../../../arm-none-eabi/lib/thumb/v7e-m+dp/hard\libc_nano.a(libc_a-fstatr.o)
                0x08016584                _fstat_r
 .text._isatty_r
                0x080165a8       0x20 C:/ST/STM32CubeIDE_1.17.0/STM32CubeIDE/plugins/com.st.stm32cube.ide.mcu.externaltools.gnu-tools-for-stm32.12.3.rel1.win32_1.1.0.202410251130/tools/bin/../lib/gcc/arm-none-eabi/12.3.1/../../../../arm-none-eabi/lib/thumb/v7e-m+dp/hard\libc_nano.a(libc_a-isattyr.o)
                0x080165a8                _isatty_r
 .text._kill_r  0x080165c8       0x24 C:/ST/STM32CubeIDE_1.17.0/STM32CubeIDE/plugins/com.st.stm32cube.ide.mcu.externaltools.gnu-tools-for-stm32.12.3.rel1.win32_1.1.0.202410251130/tools/bin/../lib/gcc/arm-none-eabi/12.3.1/../../../../arm-none-eabi/lib/thumb/v7e-m+dp/hard\libc_nano.a(libc_a-signalr.o)
                0x080165c8                _kill_r
 .text._getpid_r
                0x080165ec        0x4 C:/ST/STM32CubeIDE_1.17.0/STM32CubeIDE/plugins/com.st.stm32cube.ide.mcu.externaltools.gnu-tools-for-stm32.12.3.rel1.win32_1.1.0.202410251130/tools/bin/../lib/gcc/arm-none-eabi/12.3.1/../../../../arm-none-eabi/lib/thumb/v7e-m+dp/hard\libc_nano.a(libc_a-signalr.o)
                0x080165ec                _getpid_r
 .text._sbrk_r  0x080165f0       0x20 C:/ST/STM32CubeIDE_1.17.0/STM32CubeIDE/plugins/com.st.stm32cube.ide.mcu.externaltools.gnu-tools-for-stm32.12.3.rel1.win32_1.1.0.202410251130/tools/bin/../lib/gcc/arm-none-eabi/12.3.1/../../../../arm-none-eabi/lib/thumb/v7e-m+dp/hard\libc_nano.a(libc_a-sbrkr.o)
                0x080165f0                _sbrk_r
 .text._realloc_r