../Drivers/CMSIS/Include/core_cm7.h:1902:22:__NVIC_EnableIRQ	16	static,ignoring_inline_asm
../Core/Src/main.c:102:5:_write	24	static
../Core/Src/main.c:111:13:run_mongoose	80	static
../Core/Src/main.c:134:5:main	8	static
../Core/Src/main.c:219:6:SystemClock_Config	120	static
../Core/Src/main.c:280:13:MX_ETH_Init	8	static
../Core/Src/main.c:329:13:MX_RNG_Init	8	static
../Core/Src/main.c:356:13:MX_USART3_UART_Init	8	static
../Core/Src/main.c:404:13:MX_GPIO_Init	56	static
../Core/Src/main.c:459:6:server	16	static
../Core/Src/main.c:480:6:HAL_TIM_PeriodElapsedCallback	16	static
../Core/Src/main.c:497:6:Error_Handler	4	static,ignoring_inline_asm
