../Drivers/CMSIS/Include/core_cm7.h:1902:22:__NVIC_EnableIRQ	16	static,ignoring_inline_asm
../Core/Src/main.c:99:5:_write	24	static
../Core/Src/main.c:107:13:load_network_configurations	72	static
../Core/Src/main.c:120:13:run_mongoose	80	static
../Core/Src/main.c:140:5:main	8	static
../Core/Src/main.c:225:6:SystemClock_Config	120	static
../Core/Src/main.c:286:13:MX_ETH_Init	8	static
../Core/Src/main.c:335:13:MX_RNG_Init	8	static
../Core/Src/main.c:362:13:MX_USART3_UART_Init	8	static
../Core/Src/main.c:410:13:MX_GPIO_Init	56	static
../Core/Src/main.c:465:6:server	16	static
../Core/Src/main.c:486:6:HAL_TIM_PeriodElapsedCallback	16	static
../Core/Src/main.c:503:6:Error_Handler	4	static,ignoring_inline_asm
