../Core/Inc/mongoose.h:208:21:mg_calloc	24	static
../Core/Src/mongoose.c:35:12:mg_base64_encode_single	16	static
../Core/Src/mongoose.c:47:12:mg_base64_decode_single	16	static
../Core/Src/mongoose.c:65:8:mg_base64_update	32	static
../Core/Src/mongoose.c:81:8:mg_base64_final	24	static
../Core/Src/mongoose.c:92:8:mg_base64_encode	32	static
../Core/Src/mongoose.c:101:8:mg_base64_decode	48	static
../Core/Src/mongoose.c:148:13:mg_dns_free	24	static
../Core/Src/mongoose.c:153:6:mg_resolve_cancel	32	static
../Core/Src/mongoose.c:162:15:mg_dns_parse_name_depth	56	static
../Core/Src/mongoose.c:199:15:mg_dns_parse_name	40	static
../Core/Src/mongoose.c:204:8:mg_dns_parse_rr	40	static
../Core/Src/mongoose.c:228:6:mg_dns_parse	64	static
../Core/Src/mongoose.c:270:13:dns_cb	344	static
../Core/Src/mongoose.c:326:13:mg_dns_send	312	static
../Core/Src/mongoose.c:353:13:mg_sendnsreq	56	static
../Core/Src/mongoose.c:385:6:mg_resolve	40	static
../Core/Src/mongoose.c:407:6:mg_call	24	static
../Core/Src/mongoose.c:424:6:mg_error	92	static
../Core/Src/mongoose.c:449:6:mg_ota_flash_begin	24	static
../Core/Src/mongoose.c:469:6:mg_ota_flash_write	80	dynamic
../Core/Src/mongoose.c:490:6:mg_ota_flash_end	40	static
../Core/Src/mongoose.c:515:13:is_digit	16	static
../Core/Src/mongoose.c:519:12:addexp	32	static
../Core/Src/mongoose.c:531:12:xisinf	24	static
../Core/Src/mongoose.c:540:12:xisnan	24	static
../Core/Src/mongoose.c:550:15:mg_dtoa	136	static
../Core/Src/mongoose.c:619:15:mg_lld	64	static
../Core/Src/mongoose.c:641:15:scpy	32	static
../Core/Src/mongoose.c:648:8:mg_xprintf	24	static
../Core/Src/mongoose.c:657:8:mg_vxprintf	176	static
../Core/Src/mongoose.c:752:15:mg_fs_open	32	static
../Core/Src/mongoose.c:765:6:mg_fs_close	16	static
../Core/Src/mongoose.c:772:15:mg_file_read	40	static
../Core/Src/mongoose.c:789:6:mg_file_write	168	static
../Core/Src/mongoose.c:808:6:mg_file_printf	32	static
../Core/Src/mongoose.c:825:13:mg_fs_ls_fn	24	static
../Core/Src/mongoose.c:834:6:mg_fs_ls	32	static
../Core/Src/mongoose.c:999:15:mg_unpacked	24	static
../Core/Src/mongoose.c:1005:12:is_dir_prefix	24	static
../Core/Src/mongoose.c:1011:12:packed_stat	40	static
../Core/Src/mongoose.c:1022:13:packed_list	312	static
../Core/Src/mongoose.c:1043:14:packed_open	32	static
../Core/Src/mongoose.c:1056:13:packed_close	16	static
../Core/Src/mongoose.c:1060:15:packed_read	32	static
../Core/Src/mongoose.c:1068:15:packed_write	24	static
../Core/Src/mongoose.c:1073:15:packed_seek	24	static
../Core/Src/mongoose.c:1080:13:packed_rename	16	static
../Core/Src/mongoose.c:1085:13:packed_remove	16	static
../Core/Src/mongoose.c:1090:13:packed_mkdir	16	static
../Core/Src/mongoose.c:1321:12:p_stat	24	static
../Core/Src/mongoose.c:1325:13:p_list	24	static
../Core/Src/mongoose.c:1329:14:p_open	16	static
../Core/Src/mongoose.c:1333:13:p_close	16	static
../Core/Src/mongoose.c:1336:15:p_read	24	static
../Core/Src/mongoose.c:1340:15:p_write	24	static
../Core/Src/mongoose.c:1344:15:p_seek	16	static
../Core/Src/mongoose.c:1348:13:p_rename	16	static
../Core/Src/mongoose.c:1352:13:p_remove	16	static
../Core/Src/mongoose.c:1356:13:p_mkdir	16	static
../Core/Src/mongoose.c:1381:12:mg_ncasecmp	40	static
../Core/Src/mongoose.c:1393:6:mg_to_size_t	48	static
../Core/Src/mongoose.c:1427:8:mg_http_next_multipart	112	static
../Core/Src/mongoose.c:1467:6:mg_http_bauth	56	static
../Core/Src/mongoose.c:1493:15:mg_http_var	64	static
../Core/Src/mongoose.c:1505:5:mg_http_get_var	56	static
../Core/Src/mongoose.c:1527:13:isx	16	static
../Core/Src/mongoose.c:1532:5:mg_url_decode	48	static
../Core/Src/mongoose.c:1554:13:isok	16	static
../Core/Src/mongoose.c:1558:5:mg_http_get_request_len	24	static
../Core/Src/mongoose.c:1568:16:mg_http_get_header	40	static
../Core/Src/mongoose.c:1578:13:vcb	16	static
../Core/Src/mongoose.c:1583:15:clen	32	static
../Core/Src/mongoose.c:1595:20:skiptorn	24	static
../Core/Src/mongoose.c:1604:13:mg_http_parse_headers	48	static
../Core/Src/mongoose.c:1628:5:mg_http_parse	80	static
../Core/Src/mongoose.c:1713:13:mg_http_vprintf_chunk	32	static
../Core/Src/mongoose.c:1726:6:mg_http_printf_chunk	28	static
../Core/Src/mongoose.c:1733:6:mg_http_write_chunk	24	static
../Core/Src/mongoose.c:1741:20:mg_http_status_code_str	16	static
../Core/Src/mongoose.c:1811:6:mg_http_reply	52	static
../Core/Src/mongoose.c:1830:13:restore_http_cb	16	static
../Core/Src/mongoose.c:1838:7:mg_http_etag	48	static
../Core/Src/mongoose.c:1843:13:static_cb	48	static
../Core/Src/mongoose.c:1903:22:guess_content_type	88	static
../Core/Src/mongoose.c:1927:12:getrange	56	static
../Core/Src/mongoose.c:1943:6:mg_http_serve_file	520	static
../Core/Src/mongoose.c:2152:12:uri_to_path2	72	static
../Core/Src/mongoose.c:2212:12:uri_to_path	120	static
../Core/Src/mongoose.c:2227:6:mg_http_serve_dir	184	static
../Core/Src/mongoose.c:2247:13:mg_is_url_safe	16	static
../Core/Src/mongoose.c:2252:8:mg_url_encode	48	static
../Core/Src/mongoose.c:2269:6:mg_http_creds	328	static
../Core/Src/mongoose.c:2291:22:stripquotes	24	static
../Core/Src/mongoose.c:2297:15:mg_http_get_header_var	56	static
../Core/Src/mongoose.c:2314:6:mg_http_upload	344	static
../Core/Src/mongoose.c:2358:5:mg_http_status	16	static
../Core/Src/mongoose.c:2362:13:is_hex_digit	16	static
../Core/Src/mongoose.c:2367:12:skip_chunk	48	static
../Core/Src/mongoose.c:2383:13:http_cb	656	static
../Core/Src/mongoose.c:2490:13:mg_hfn	56	static
../Core/Src/mongoose.c:2509:6:mg_hello	96	static
../Core/Src/mongoose.c:2518:23:mg_http_connect	32	static
../Core/Src/mongoose.c:2525:23:mg_http_listen	32	static
../Core/Src/mongoose.c:2540:15:roundup	16	static
../Core/Src/mongoose.c:2544:5:mg_iobuf_resize	56	static
../Core/Src/mongoose.c:2571:5:mg_iobuf_init	24	static
../Core/Src/mongoose.c:2578:8:mg_iobuf_add	32	static
../Core/Src/mongoose.c:2590:8:mg_iobuf_del	24	static
../Core/Src/mongoose.c:2599:6:mg_iobuf_free	16	static
../Core/Src/mongoose.c:2610:20:escapeseq	16	static
../Core/Src/mongoose.c:2614:13:json_esc	32	static
../Core/Src/mongoose.c:2622:12:mg_pass_string	24	static
../Core/Src/mongoose.c:2636:15:mg_atod	72	static
../Core/Src/mongoose.c:2683:8:mg_json_next	64	static
../Core/Src/mongoose.c:2731:5:mg_json_get	120	static
../Core/Src/mongoose.c:2874:15:mg_json_get_tok	32	static
../Core/Src/mongoose.c:2880:6:mg_json_get_num	48	static
../Core/Src/mongoose.c:2890:6:mg_json_get_bool	40	static
../Core/Src/mongoose.c:2899:6:mg_json_unescape	64	static
../Core/Src/mongoose.c:2924:7:mg_json_get_str	48	static
../Core/Src/mongoose.c:2938:7:mg_json_get_b64	48	static
../Core/Src/mongoose.c:2950:7:mg_json_get_hex	64	static
../Core/Src/mongoose.c:2966:6:mg_json_get_long	48	static
../Core/Src/mongoose.c:2985:6:mg_log_set_fn	16	static
../Core/Src/mongoose.c:2990:13:logc	16	static
../Core/Src/mongoose.c:2994:13:logs	24	static
../Core/Src/mongoose.c:3002:6:mg_log_prefix	112	static
../Core/Src/mongoose.c:3016:6:mg_log	16	static
../Core/Src/mongoose.c:3025:22:nibble	16	static
../Core/Src/mongoose.c:3030:6:mg_hexdump	48	static
../Core/Src/mongoose.c:3073:13:mg_byte_reverse	24	static
../Core/Src/mongoose.c:3098:6:mg_md5_init	16	static
../Core/Src/mongoose.c:3108:13:mg_md5_transform	32	static
../Core/Src/mongoose.c:3190:6:mg_md5_update	32	static
../Core/Src/mongoose.c:3225:6:mg_md5_final	32	static
../Core/Src/mongoose.c:3307:6:mg_mqtt_send_header	40	static
../Core/Src/mongoose.c:3320:13:mg_send_u16	16	static
../Core/Src/mongoose.c:3324:13:mg_send_u32	16	static
../Core/Src/mongoose.c:3328:16:varint_size	24	static
../Core/Src/mongoose.c:3337:15:encode_varint	24	static
../Core/Src/mongoose.c:3350:15:decode_varint	40	static
../Core/Src/mongoose.c:3365:12:mqtt_prop_type_by_id	24	static
../Core/Src/mongoose.c:3375:15:get_properties_length	24	static
../Core/Src/mongoose.c:3412:15:get_props_size	24	static
../Core/Src/mongoose.c:3418:13:mg_send_mqtt_properties	48	static
../Core/Src/mongoose.c:3460:8:mg_mqtt_next_prop	40	static
../Core/Src/mongoose.c:3514:6:mg_mqtt_login	64	static
../Core/Src/mongoose.c:3579:10:mg_mqtt_pub	48	static
../Core/Src/mongoose.c:3608:6:mg_mqtt_sub	32	static
../Core/Src/mongoose.c:3623:5:mg_mqtt_parse	48	static
../Core/Src/mongoose.c:3694:13:mqtt_cb	120	static
../Core/Src/mongoose.c:3766:6:mg_mqtt_ping	16	static
../Core/Src/mongoose.c:3770:6:mg_mqtt_pong	16	static
../Core/Src/mongoose.c:3774:6:mg_mqtt_disconnect	24	static
../Core/Src/mongoose.c:3787:23:mg_mqtt_connect	96	static
../Core/Src/mongoose.c:3800:23:mg_mqtt_listen	32	static
../Core/Src/mongoose.c:3819:8:mg_vprintf	32	static
../Core/Src/mongoose.c:3825:8:mg_printf	28	static
../Core/Src/mongoose.c:3834:13:mg_atonl	40	static
../Core/Src/mongoose.c:3842:13:mg_atone	24	static
../Core/Src/mongoose.c:3849:13:mg_aton4	40	static
../Core/Src/mongoose.c:3870:13:mg_v4mapped	40	static
../Core/Src/mongoose.c:3888:13:mg_aton6	72	static
../Core/Src/mongoose.c:3930:6:mg_aton	24	static
../Core/Src/mongoose.c:3936:23:mg_alloc_conn	24	static
../Core/Src/mongoose.c:3948:6:mg_close_conn	24	static
../Core/Src/mongoose.c:3968:23:mg_connect	32	static
../Core/Src/mongoose.c:3989:23:mg_listen	32	static
../Core/Src/mongoose.c:4012:23:mg_wrapfd	32	static
../Core/Src/mongoose.c:4026:18:mg_timer_add	48	static
../Core/Src/mongoose.c:4036:6:mg_io_recv	24	static
../Core/Src/mongoose.c:4044:6:mg_mgr_free	32	static
../Core/Src/mongoose.c:4061:6:mg_mgr_init	16	static
../Core/Src/mongoose.c:4234:13:mg_tcpip_call	24	static
../Core/Src/mongoose.c:4240:13:mkpay	32	static
../Core/Src/mongoose.c:4245:17:csumup	32	static
../Core/Src/mongoose.c:4252:17:csumfin	16	static
../Core/Src/mongoose.c:4257:17:ipcsum	24	static
../Core/Src/mongoose.c:4262:13:settmout	56	static
../Core/Src/mongoose.c:4275:15:ether_output	24	static
../Core/Src/mongoose.c:4281:6:mg_tcpip_arp_request	32	static
../Core/Src/mongoose.c:4296:13:onstatechange	16	static
../Core/Src/mongoose.c:4313:19:tx_ip	32	static
../Core/Src/mongoose.c:4333:13:tx_udp	48	static
../Core/Src/mongoose.c:4355:13:tx_dhcp	336	static
../Core/Src/mongoose.c:4372:13:tx_dhcp_request_sel	64	dynamic
../Core/Src/mongoose.c:4394:13:tx_dhcp_request_re	48	static
../Core/Src/mongoose.c:4404:13:tx_dhcp_discover	40	static
../Core/Src/mongoose.c:4414:30:getpeer	32	static
../Core/Src/mongoose.c:4431:13:rx_arp	48	static
../Core/Src/mongoose.c:4473:13:rx_icmp	48	static
../Core/Src/mongoose.c:4489:13:rx_dhcp_client	96	static
../Core/Src/mongoose.c:4550:13:rx_dhcp_server	376	static
../Core/Src/mongoose.c:4589:13:rx_udp	24	static
../Core/Src/mongoose.c:4611:15:tx_tcp	88	static
../Core/Src/mongoose.c:4651:15:tx_tcp_pkt	72	static
../Core/Src/mongoose.c:4660:30:accept_conn	32	static
../Core/Src/mongoose.c:4687:15:trim_len	48	static
../Core/Src/mongoose.c:4714:6:mg_io_send	80	static
../Core/Src/mongoose.c:4737:13:handle_tls_recv	32	static
../Core/Src/mongoose.c:4757:13:read_conn	88	static
../Core/Src/mongoose.c:4836:13:rx_tcp	48	static
../Core/Src/mongoose.c:4886:13:rx_ip	64	static
../Core/Src/mongoose.c:4930:13:rx_ip6	16	static
../Core/Src/mongoose.c:4946:13:mg_tcpip_rx	88	static
../Core/Src/mongoose.c:4991:13:mg_tcpip_poll	104	static
../Core/Src/mongoose.c:5107:6:mg_tcpip_qwrite	32	static
../Core/Src/mongoose.c:5118:6:mg_tcpip_init	24	static
../Core/Src/mongoose.c:5155:6:mg_tcpip_free	16	static
../Core/Src/mongoose.c:5160:13:send_syn	64	static
../Core/Src/mongoose.c:5169:13:mac_resolved	16	static
../Core/Src/mongoose.c:5179:6:mg_connect_resolved	48	static
../Core/Src/mongoose.c:5216:6:mg_open_listener	16	static
../Core/Src/mongoose.c:5221:13:write_conn	24	static
../Core/Src/mongoose.c:5232:13:init_closure	72	static
../Core/Src/mongoose.c:5244:13:close_conn	24	static
../Core/Src/mongoose.c:5250:13:can_write	16	static
../Core/Src/mongoose.c:5255:6:mg_mgr_poll	96	static
../Core/Src/mongoose.c:5285:6:mg_send	64	static
../Core/Src/mongoose.c:6908:21:is_dualbank	4	static
../Core/Src/mongoose.c:6918:21:flash_unlock	8	static
../Core/Src/mongoose.c:6933:21:flash_page_start	32	static
../Core/Src/mongoose.c:6940:21:flash_is_err	16	static
../Core/Src/mongoose.c:6944:21:flash_wait	16	static
../Core/Src/mongoose.c:6948:21:flash_clear_err	16	static
../Core/Src/mongoose.c:6953:21:flash_bank_is_swapped	16	static
../Core/Src/mongoose.c:6958:25:flash_bank	24	static
../Core/Src/mongoose.c:6965:21:mg_stm32h7_erase	48	static
../Core/Src/mongoose.c:6992:21:mg_stm32h7_swap	16	static
../Core/Src/mongoose.c:7008:21:mg_stm32h7_write	56	static,ignoring_inline_asm
../Core/Src/mongoose.c:7041:21:single_bank_swap	32	static
../Core/Src/mongoose.c:7049:6:mg_ota_begin	16	static
../Core/Src/mongoose.c:7058:6:mg_ota_write	16	static
../Core/Src/mongoose.c:7062:6:mg_ota_end	8	static
../Core/Src/mongoose.c:7093:8:mg_queue_vprintf	32	static
../Core/Src/mongoose.c:7105:8:mg_queue_printf	28	static
../Core/Src/mongoose.c:7114:13:mg_pfn_iobuf_private	24	static
../Core/Src/mongoose.c:7125:13:mg_putchar_iobuf_static	16	static
../Core/Src/mongoose.c:7129:6:mg_pfn_iobuf	16	static
../Core/Src/mongoose.c:7133:8:mg_vsnprintf	48	static
../Core/Src/mongoose.c:7140:8:mg_snprintf	24	static
../Core/Src/mongoose.c:7149:7:mg_vmprintf	32	static
../Core/Src/mongoose.c:7155:7:mg_mprintf	16	static
../Core/Src/mongoose.c:7164:6:mg_pfn_stdout	16	static
../Core/Src/mongoose.c:7169:15:print_ip4	40	static
../Core/Src/mongoose.c:7173:15:print_ip6	80	static
../Core/Src/mongoose.c:7180:8:mg_print_ip4	32	static
../Core/Src/mongoose.c:7185:8:mg_print_ip6	32	static
../Core/Src/mongoose.c:7190:8:mg_print_ip	32	static
../Core/Src/mongoose.c:7196:8:mg_print_ip_port	40	static
../Core/Src/mongoose.c:7201:8:mg_print_mac	64	static
../Core/Src/mongoose.c:7207:13:mg_esc	32	static
../Core/Src/mongoose.c:7215:13:mg_escape	16	static
../Core/Src/mongoose.c:7219:15:qcpy	40	static
../Core/Src/mongoose.c:7233:15:bcpy	48	static
../Core/Src/mongoose.c:7250:8:mg_print_hex	40	static
../Core/Src/mongoose.c:7261:8:mg_print_base64	32	static
../Core/Src/mongoose.c:7267:8:mg_print_esc	32	static
../Core/Src/mongoose.c:7303:6:mg_queue_init	24	static
../Core/Src/mongoose.c:7309:15:mg_queue_read_len	24	static
../Core/Src/mongoose.c:7317:13:mg_queue_write_len	24	static
../Core/Src/mongoose.c:7323:8:mg_queue_book	32	static
../Core/Src/mongoose.c:7336:8:mg_queue_next	24	static
../Core/Src/mongoose.c:7350:6:mg_queue_add	16	static
../Core/Src/mongoose.c:7357:6:mg_queue_del	16	static
../Core/Src/mongoose.c:7368:6:mg_rpc_add	48	static
../Core/Src/mongoose.c:7379:6:mg_rpc_del	24	static
../Core/Src/mongoose.c:7392:13:mg_rpc_call	40	static
../Core/Src/mongoose.c:7403:6:mg_rpc_process	48	static
../Core/Src/mongoose.c:7417:6:mg_rpc_vok	72	static
../Core/Src/mongoose.c:7427:6:mg_rpc_ok	28	static
../Core/Src/mongoose.c:7434:6:mg_rpc_verr	80	static
../Core/Src/mongoose.c:7447:6:mg_rpc_err	24	static
../Core/Src/mongoose.c:7454:15:print_methods	56	static
../Core/Src/mongoose.c:7465:6:mg_rpc_list	16	static
../Core/Src/mongoose.c:7484:17:blk0	16	static
../Core/Src/mongoose.c:7521:13:mg_sha1_transform	112	static
../Core/Src/mongoose.c:7628:6:mg_sha1_init	16	static
../Core/Src/mongoose.c:7637:6:mg_sha1_update	32	static
../Core/Src/mongoose.c:7657:6:mg_sha1_final	32	static
../Core/Src/mongoose.c:7713:6:mg_sha256_init	16	static
../Core/Src/mongoose.c:7726:13:mg_sha256_chunk	320	static
../Core/Src/mongoose.c:7770:6:mg_sha256_update	40	static
../Core/Src/mongoose.c:7784:6:mg_sha256_final	40	static
../Core/Src/mongoose.c:7823:6:mg_sha256	136	static
../Core/Src/mongoose.c:7830:6:mg_hmac_sha256	344	static
../Core/Src/mongoose.c:7894:13:mg_sha384_transform	1224	static
../Core/Src/mongoose.c:7939:6:mg_sha384_init	16	static
../Core/Src/mongoose.c:7953:6:mg_sha384_update	48	static
../Core/Src/mongoose.c:7967:6:mg_sha384_final	56	static
../Core/Src/mongoose.c:8012:6:mg_sha384	240	static
../Core/Src/mongoose.c:8033:10:mg_now	16	static
../Core/Src/mongoose.c:8037:16:gettimestamp	56	static
../Core/Src/mongoose.c:8043:9:mg_sntp_parse	120	static
../Core/Src/mongoose.c:8068:13:sntp_cb	56	static
../Core/Src/mongoose.c:8090:6:mg_sntp_request	96	static
../Core/Src/mongoose.c:8105:23:mg_sntp_connect	32	static
../Core/Src/mongoose.c:8944:6:mg_http_serve_ssi	24	static
../Core/Src/mongoose.c:8956:15:mg_str_s	24	static
../Core/Src/mongoose.c:8961:15:mg_str_n	32	static
../Core/Src/mongoose.c:8966:12:mg_tolc	16	static
../Core/Src/mongoose.c:8970:5:mg_casecmp	32	static
../Core/Src/mongoose.c:8979:15:mg_strdup	40	static
../Core/Src/mongoose.c:8993:5:mg_strcmp	40	static
../Core/Src/mongoose.c:9007:5:mg_strcasecmp	48	static
../Core/Src/mongoose.c:9021:6:mg_match	40	static
../Core/Src/mongoose.c:9055:6:mg_span	48	static
../Core/Src/mongoose.c:9068:6:mg_str_to_num	184	static
../Core/Src/mongoose.c:9146:6:mg_timer_init	24	static
../Core/Src/mongoose.c:9153:6:mg_timer_free	16	static
../Core/Src/mongoose.c:9159:6:mg_timer_expired	56	static
../Core/Src/mongoose.c:9167:6:mg_timer_poll	56	static
../Core/Src/mongoose.c:13418:6:mg_tls_init	16	static
../Core/Src/mongoose.c:13422:6:mg_tls_handshake	16	static
../Core/Src/mongoose.c:13425:6:mg_tls_free	16	static
../Core/Src/mongoose.c:13428:6:mg_tls_recv	24	static
../Core/Src/mongoose.c:13431:6:mg_tls_send	24	static
../Core/Src/mongoose.c:13434:8:mg_tls_pending	16	static
../Core/Src/mongoose.c:13438:6:mg_tls_ctx_init	16	static
../Core/Src/mongoose.c:13441:6:mg_tls_ctx_free	16	static
../Core/Src/mongoose.c:19056:5:mg_url_is_ssl	16	static
../Core/Src/mongoose.c:19062:19:urlparse	56	static
../Core/Src/mongoose.c:19090:15:mg_url_host	56	static
../Core/Src/mongoose.c:19099:13:mg_url_uri	48	static
../Core/Src/mongoose.c:19104:16:mg_url_port	48	static
../Core/Src/mongoose.c:19116:15:mg_url_user	64	static
../Core/Src/mongoose.c:19126:15:mg_url_pass	64	static
../Core/Src/mongoose.c:19144:6:mg_bzero	16	static
../Core/Src/mongoose.c:19201:7:mg_random_str	24	static
../Core/Src/mongoose.c:19214:10:mg_crc32	32	static
../Core/Src/mongoose.c:19229:12:isbyte	16	static
../Core/Src/mongoose.c:19233:12:parse_net	72	static
../Core/Src/mongoose.c:19247:5:mg_check_ip_acl	56	static
../Core/Src/mongoose.c:19265:6:mg_path_is_sane	24	static
../Core/Src/mongoose.c:19327:10:mg_ntohs	16	static
../Core/Src/mongoose.c:19331:10:mg_ntohl	16	static
../Core/Src/mongoose.c:19342:6:mg_wifi_scan	8	static
../Core/Src/mongoose.c:19347:6:mg_wifi_connect	16	static
../Core/Src/mongoose.c:19353:6:mg_wifi_disconnect	8	static
../Core/Src/mongoose.c:19357:6:mg_wifi_ap_start	24	static
../Core/Src/mongoose.c:19364:6:mg_wifi_ap_stop	8	static
../Core/Src/mongoose.c:19390:8:mg_ws_vprintf	32	static
../Core/Src/mongoose.c:19398:8:mg_ws_printf	24	static
../Core/Src/mongoose.c:19407:13:ws_handshake	176	static
../Core/Src/mongoose.c:19433:17:be32	16	static
../Core/Src/mongoose.c:19438:15:ws_process	56	static
../Core/Src/mongoose.c:19468:15:mkhdr	48	static
../Core/Src/mongoose.c:19496:13:mg_ws_mask	32	static
../Core/Src/mongoose.c:19504:8:mg_ws_send	48	static
../Core/Src/mongoose.c:19515:13:mg_ws_client_handshake	560	static
../Core/Src/mongoose.c:19538:13:mg_ws_cb	72	static
../Core/Src/mongoose.c:19607:23:mg_ws_connect	112	static
../Core/Src/mongoose.c:19637:6:mg_ws_upgrade	40	static
../Core/Src/mongoose.c:19657:8:mg_ws_wrap	48	static
../Core/Src/mongoose.c:20019:20:mg_phy_id_to_str	16	static
../Core/Src/mongoose.c:20044:6:mg_phy_init	32	static
../Core/Src/mongoose.c:20093:6:mg_phy_up	48	static
../Core/Src/mongoose.c:21582:17:eth_read_phy	16	static
../Core/Src/mongoose.c:21590:13:eth_write_phy	16	static
../Core/Src/mongoose.c:21598:13:mg_tcpip_driver_stm32h_init	48	static
../Core/Src/mongoose.c:21673:15:mg_tcpip_driver_stm32h_tx	40	static
../Core/Src/mongoose.c:21697:13:mg_tcpip_driver_stm32h_poll	40	static
../Core/Src/mongoose.c:21726:6:ETH_IRQHandler	16	static
